Archive member included to satisfy reference by file (symbol)

c:/progra~1/raspbe~1/picosd~1.1/gcc-ar~1/bin/../lib/gcc/arm-none-eabi/10.3.1/thumb/v6-m/nofp\libgcc.a(_dvmd_tls.o)
                              CMakeFiles/sd_fat_spi.dir/C_/Program_Files/Raspberry_Pi/Pico_SDK_v1.5.1/pico-sdk/src/rp2_common/pico_divider/divider.S.obj (__aeabi_idiv0)
c:/progra~1/raspbe~1/picosd~1.1/gcc-ar~1/bin/../lib/gcc/arm-none-eabi/10.3.1/../../../../arm-none-eabi/lib/thumb/v6-m/nofp\libg.a(lib_a-calloc.o)
                              CMakeFiles/sd_fat_spi.dir/C_/Program_Files/Raspberry_Pi/Pico_SDK_v1.5.1/pico-sdk/src/rp2_common/pico_malloc/pico_malloc.c.obj (calloc)
c:/progra~1/raspbe~1/picosd~1.1/gcc-ar~1/bin/../lib/gcc/arm-none-eabi/10.3.1/../../../../arm-none-eabi/lib/thumb/v6-m/nofp\libg.a(lib_a-callocr.o)
                              c:/progra~1/raspbe~1/picosd~1.1/gcc-ar~1/bin/../lib/gcc/arm-none-eabi/10.3.1/../../../../arm-none-eabi/lib/thumb/v6-m/nofp\libg.a(lib_a-calloc.o) (_calloc_r)
c:/progra~1/raspbe~1/picosd~1.1/gcc-ar~1/bin/../lib/gcc/arm-none-eabi/10.3.1/../../../../arm-none-eabi/lib/thumb/v6-m/nofp\libg.a(lib_a-errno.o)
                              CMakeFiles/sd_fat_spi.dir/no-OS-FatFS-SD-SPI-RPi-Pico/FatFs_SPI/src/ff_stdio.c.obj (__errno)
c:/progra~1/raspbe~1/picosd~1.1/gcc-ar~1/bin/../lib/gcc/arm-none-eabi/10.3.1/../../../../arm-none-eabi/lib/thumb/v6-m/nofp\libg.a(lib_a-fflush.o)
                              CMakeFiles/sd_fat_spi.dir/no-OS-FatFS-SD-SPI-RPi-Pico/FatFs_SPI/sd_driver/demo_logging.c.obj (fflush)
c:/progra~1/raspbe~1/picosd~1.1/gcc-ar~1/bin/../lib/gcc/arm-none-eabi/10.3.1/../../../../arm-none-eabi/lib/thumb/v6-m/nofp\libg.a(lib_a-findfp.o)
                              c:/progra~1/raspbe~1/picosd~1.1/gcc-ar~1/bin/../lib/gcc/arm-none-eabi/10.3.1/../../../../arm-none-eabi/lib/thumb/v6-m/nofp\libg.a(lib_a-fflush.o) (__sinit)
c:/progra~1/raspbe~1/picosd~1.1/gcc-ar~1/bin/../lib/gcc/arm-none-eabi/10.3.1/../../../../arm-none-eabi/lib/thumb/v6-m/nofp\libg.a(lib_a-freer.o)
                              c:/progra~1/raspbe~1/picosd~1.1/gcc-ar~1/bin/../lib/gcc/arm-none-eabi/10.3.1/../../../../arm-none-eabi/lib/thumb/v6-m/nofp\libg.a(lib_a-fflush.o) (_free_r)
c:/progra~1/raspbe~1/picosd~1.1/gcc-ar~1/bin/../lib/gcc/arm-none-eabi/10.3.1/../../../../arm-none-eabi/lib/thumb/v6-m/nofp\libg.a(lib_a-fwalk.o)
                              c:/progra~1/raspbe~1/picosd~1.1/gcc-ar~1/bin/../lib/gcc/arm-none-eabi/10.3.1/../../../../arm-none-eabi/lib/thumb/v6-m/nofp\libg.a(lib_a-findfp.o) (_fwalk)
c:/progra~1/raspbe~1/picosd~1.1/gcc-ar~1/bin/../lib/gcc/arm-none-eabi/10.3.1/../../../../arm-none-eabi/lib/thumb/v6-m/nofp\libg.a(lib_a-impure.o)
                              c:/progra~1/raspbe~1/picosd~1.1/gcc-ar~1/bin/../lib/gcc/arm-none-eabi/10.3.1/../../../../arm-none-eabi/lib/thumb/v6-m/nofp\libg.a(lib_a-fflush.o) (_global_impure_ptr)
c:/progra~1/raspbe~1/picosd~1.1/gcc-ar~1/bin/../lib/gcc/arm-none-eabi/10.3.1/../../../../arm-none-eabi/lib/thumb/v6-m/nofp\libg.a(lib_a-init.o)
                              c:/progra~1/raspbe~1/picosd~1.1/gcc-ar~1/bin/../lib/gcc/arm-none-eabi/10.3.1/../../../../arm-none-eabi/lib/thumb/v6-m/nofp/crt0.o (__libc_init_array)
c:/progra~1/raspbe~1/picosd~1.1/gcc-ar~1/bin/../lib/gcc/arm-none-eabi/10.3.1/../../../../arm-none-eabi/lib/thumb/v6-m/nofp\libg.a(lib_a-lock.o)
                              c:/progra~1/raspbe~1/picosd~1.1/gcc-ar~1/bin/../lib/gcc/arm-none-eabi/10.3.1/../../../../arm-none-eabi/lib/thumb/v6-m/nofp\libg.a(lib_a-findfp.o) (__retarget_lock_init_recursive)
c:/progra~1/raspbe~1/picosd~1.1/gcc-ar~1/bin/../lib/gcc/arm-none-eabi/10.3.1/../../../../arm-none-eabi/lib/thumb/v6-m/nofp\libg.a(lib_a-malloc.o)
                              CMakeFiles/sd_fat_spi.dir/C_/Program_Files/Raspberry_Pi/Pico_SDK_v1.5.1/pico-sdk/src/rp2_common/pico_malloc/pico_malloc.c.obj (malloc)
c:/progra~1/raspbe~1/picosd~1.1/gcc-ar~1/bin/../lib/gcc/arm-none-eabi/10.3.1/../../../../arm-none-eabi/lib/thumb/v6-m/nofp\libg.a(lib_a-mallocr.o)
                              c:/progra~1/raspbe~1/picosd~1.1/gcc-ar~1/bin/../lib/gcc/arm-none-eabi/10.3.1/../../../../arm-none-eabi/lib/thumb/v6-m/nofp\libg.a(lib_a-callocr.o) (_malloc_r)
c:/progra~1/raspbe~1/picosd~1.1/gcc-ar~1/bin/../lib/gcc/arm-none-eabi/10.3.1/../../../../arm-none-eabi/lib/thumb/v6-m/nofp\libg.a(lib_a-memcmp.o)
                              CMakeFiles/sd_fat_spi.dir/no-OS-FatFS-SD-SPI-RPi-Pico/FatFs_SPI/ff15/source/ff.c.obj (memcmp)
c:/progra~1/raspbe~1/picosd~1.1/gcc-ar~1/bin/../lib/gcc/arm-none-eabi/10.3.1/../../../../arm-none-eabi/lib/thumb/v6-m/nofp\libg.a(lib_a-mktime.o)
                              CMakeFiles/sd_fat_spi.dir/no-OS-FatFS-SD-SPI-RPi-Pico/FatFs_SPI/src/rtc.c.obj (mktime)
c:/progra~1/raspbe~1/picosd~1.1/gcc-ar~1/bin/../lib/gcc/arm-none-eabi/10.3.1/../../../../arm-none-eabi/lib/thumb/v6-m/nofp\libg.a(lib_a-mlock.o)
[...]
Memory Configuration

Name             Origin             Length             Attributes
FLASH            0x10000000         0x00200000         xr
RAM              0x20000000         0x00040000         xrw
SCRATCH_X        0x20040000         0x00001000         xrw
SCRATCH_Y        0x20041000         0x00001000         xrw
*default*        0x00000000         0xffffffff

Linker script and memory map

LOAD c:/progra~1/raspbe~1/picosd~1.1/gcc-ar~1/bin/../lib/gcc/arm-none-eabi/10.3.1/thumb/v6-m/nofp/crti.o
LOAD c:/progra~1/raspbe~1/picosd~1.1/gcc-ar~1/bin/../lib/gcc/arm-none-eabi/10.3.1/thumb/v6-m/nofp/crtbegin.o
LOAD c:/progra~1/raspbe~1/picosd~1.1/gcc-ar~1/bin/../lib/gcc/arm-none-eabi/10.3.1/../../../../arm-none-eabi/lib/thumb/v6-m/nofp/crt0.o

.flash_begin    0x10000000        0x0
                0x10000000                __flash_binary_start = .

.boot2          0x10000000      0x100
                0x10000000                __boot2_start__ = .
 *(.boot2)
 .boot2         0x10000000      0x100 C:\Users\gohyu\AppData\Local\Temp\cc2JAONh.o
                0x10000100                __boot2_end__ = .
                0x00000001                ASSERT (((__boot2_end__ - __boot2_start__) == 0x100), ERROR: Pico second stage bootloader must be 256 bytes in size)

.text           0x10000100     0xd4d8
                0x10000100                __logical_binary_start = .
 *(.vectors)
 .vectors       0x10000100       0xd4 CMakeFiles/sd_fat_spi.dir/C_/Program_Files/Raspberry_Pi/Pico_SDK_v1.5.1/pico-sdk/src/rp2_common/pico_standard_link/crt0.S.obj
                0x10000100                __VECTOR_TABLE
                0x10000100                __vectors
                0x100001c0                isr_invalid
                0x100001c0                __default_isrs_start
                0x100001c2                isr_nmi
                0x100001c4                isr_hardfault
                0x100001c6                isr_svcall
                0x100001c8                isr_pendsv
                0x100001ca                isr_systick
                0x100001cc                isr_irq23
                0x100001cc                isr_irq18
                0x100001cc                isr_irq11
                0x100001cc                isr_irq28
                0x100001cc                isr_irq19
                0x100001cc                isr_irq0
                0x100001cc                isr_irq6
                0x100001cc                isr_irq5
                0x100001cc                isr_irq12
                0x100001cc                isr_irq22
                0x100001cc                isr_irq31
                0x100001cc                isr_irq17
                0x100001cc                isr_irq27
                0x100001cc                isr_irq30
                0x100001cc                isr_irq2
                0x100001cc                isr_irq10
                0x100001cc                isr_irq8
                0x100001cc                isr_irq24
                0x100001cc                isr_irq1
                0x100001cc                isr_irq7
                0x100001cc                isr_irq21
                0x100001cc                isr_irq20
                0x100001cc                isr_irq15
                0x100001cc                isr_irq25
                0x100001cc                isr_irq13
                0x100001cc                __unhandled_user_irq
                0x100001cc                isr_irq4
                0x100001cc                isr_irq16
                0x100001cc                isr_irq29
                0x100001cc                isr_irq26
                0x100001cc                __default_isrs_end
                0x100001cc                isr_irq3
                0x100001cc                isr_irq14
                0x100001cc                isr_irq9
                0x100001d2                unhandled_user_irq_num_in_r0
 *(.binary_info_header)
 .binary_info_header
                0x100001d4       0x14 CMakeFiles/sd_fat_spi.dir/C_/Program_Files/Raspberry_Pi/Pico_SDK_v1.5.1/pico-sdk/src/rp2_common/pico_standard_link/crt0.S.obj
                0x100001e8                __binary_info_header_end = .
 *(.reset)
 .reset         0x100001e8       0xa0 CMakeFiles/sd_fat_spi.dir/C_/Program_Files/Raspberry_Pi/Pico_SDK_v1.5.1/pico-sdk/src/rp2_common/pico_standard_link/crt0.S.obj
                0x100001e8                _entry_point
 .reset         0x10000288       0x30 CMakeFiles/sd_fat_spi.dir/C_/Program_Files/Raspberry_Pi/Pico_SDK_v1.5.1/pico-sdk/src/rp2_common/pico_standard_link/binary_info.c.obj
 *(.init)
 .init          0x100002b8        0x4 c:/progra~1/raspbe~1/picosd~1.1/gcc-ar~1/bin/../lib/gcc/arm-none-eabi/10.3.1/thumb/v6-m/nofp/crti.o
                0x100002b8                _init
 *(EXCLUDE_FILE(*libm.a: *libc.a:*lib_a-mem*.o *libgcc.a:) .text*)
 .text          0x100002bc       0x48 c:/progra~1/raspbe~1/picosd~1.1/gcc-ar~1/bin/../lib/gcc/arm-none-eabi/10.3.1/thumb/v6-m/nofp/crtbegin.o
 .text.main     0x10000304      0x1a4 CMakeFiles/sd_fat_spi.dir/main.c.obj
                0x10000304                main
 .text.gpio_set_function
                0x100004a8       0x30 CMakeFiles/sd_fat_spi.dir/C_/Program_Files/Raspberry_Pi/Pico_SDK_v1.5.1/pico-sdk/src/rp2_common/hardware_gpio/gpio.c.obj
                0x100004a8                gpio_set_function
 .text.gpio_set_pulls
                0x100004d8       0x34 CMakeFiles/sd_fat_spi.dir/C_/Program_Files/Raspberry_Pi/Pico_SDK_v1.5.1/pico-sdk/src/rp2_common/hardware_gpio/gpio.c.obj
                0x100004d8                gpio_set_pulls
 .text.gpio_set_drive_strength
                0x1000050c       0x20 CMakeFiles/sd_fat_spi.dir/C_/Program_Files/Raspberry_Pi/Pico_SDK_v1.5.1/pico-sdk/src/rp2_common/hardware_gpio/gpio.c.obj
                0x1000050c                gpio_set_drive_strength
 .text.gpio_init
                0x1000052c       0x16 CMakeFiles/sd_fat_spi.dir/C_/Program_Files/Raspberry_Pi/Pico_SDK_v1.5.1/pico-sdk/src/rp2_common/hardware_gpio/gpio.c.obj
                0x1000052c                gpio_init
 *fill*         0x10000542        0x2 
 .text.running_on_fpga
                0x10000544       0x14 CMakeFiles/sd_fat_spi.dir/C_/Program_Files/Raspberry_Pi/Pico_SDK_v1.5.1/pico-sdk/src/rp2_common/pico_platform/platform.c.obj
                0x10000544                running_on_fpga
 .text.hw_claim_lock
                0x10000558       0x18 CMakeFiles/sd_fat_spi.dir/C_/Program_Files/Raspberry_Pi/Pico_SDK_v1.5.1/pico-sdk/src/rp2_common/hardware_claim/claim.c.obj
                0x10000558                hw_claim_lock
 .text.hw_claim_unlock
                0x10000570       0x14 CMakeFiles/sd_fat_spi.dir/C_/Program_Files/Raspberry_Pi/Pico_SDK_v1.5.1/pico-sdk/src/rp2_common/hardware_claim/claim.c.obj
                0x10000570                hw_claim_unlock
 .text.hw_claim_or_assert
                0x10000584       0x32 CMakeFiles/sd_fat_spi.dir/C_/Program_Files/Raspberry_Pi/Pico_SDK_v1.5.1/pico-sdk/src/rp2_common/hardware_claim/claim.c.obj
                0x10000584                hw_claim_or_assert
 .text.hw_claim_unused_from_range
                0x100005b6       0x50 CMakeFiles/sd_fat_spi.dir/C_/Program_Files/Raspberry_Pi/Pico_SDK_v1.5.1/pico-sdk/src/rp2_common/hardware_claim/claim.c.obj
                0x100005b6                hw_claim_unused_from_range
 *fill*         0x10000606        0x2 
 .text.spin_locks_reset
                0x10000608       0x20 CMakeFiles/sd_fat_spi.dir/C_/Program_Files/Raspberry_Pi/Pico_SDK_v1.5.1/pico-sdk/src/rp2_common/hardware_sync/sync.c.obj
                0x10000608                spin_locks_reset
 .text.next_striped_spin_lock_num
                0x10000628       0x1c CMakeFiles/sd_fat_spi.dir/C_/Program_Files/Raspberry_Pi/Pico_SDK_v1.5.1/pico-sdk/src/rp2_common/hardware_sync/sync.c.obj
                0x10000628                next_striped_spin_lock_num
 .text.spin_lock_claim_unused
                0x10000644       0x20 CMakeFiles/sd_fat_spi.dir/C_/Program_Files/Raspberry_Pi/Pico_SDK_v1.5.1/pico-sdk/src/rp2_common/hardware_sync/sync.c.obj
                0x10000644                spin_lock_claim_unused
 .text.set_raw_irq_handler_and_unlock
                0x10000664       0x28 CMakeFiles/sd_fat_spi.dir/C_/Program_Files/Raspberry_Pi/Pico_SDK_v1.5.1/pico-sdk/src/rp2_common/hardware_irq/irq.c.obj
 .text.make_branch
                0x1000068c       0x48 CMakeFiles/sd_fat_spi.dir/C_/Program_Files/Raspberry_Pi/Pico_SDK_v1.5.1/pico-sdk/src/rp2_common/hardware_irq/irq.c.obj
 .text.insert_branch_and_link
                0x100006d4       0x40 CMakeFiles/sd_fat_spi.dir/C_/Program_Files/Raspberry_Pi/Pico_SDK_v1.5.1/pico-sdk/src/rp2_common/hardware_irq/irq.c.obj
 .text.irq_is_enabled
                0x10000714       0x18 CMakeFiles/sd_fat_spi.dir/C_/Program_Files/Raspberry_Pi/Pico_SDK_v1.5.1/pico-sdk/src/rp2_common/hardware_irq/irq.c.obj
                0x10000714                irq_is_enabled
 .text.irq_set_mask_enabled
                0x1000072c       0x20 CMakeFiles/sd_fat_spi.dir/C_/Program_Files/Raspberry_Pi/Pico_SDK_v1.5.1/pico-sdk/src/rp2_common/hardware_irq/irq.c.obj
                0x1000072c                irq_set_mask_enabled
 .text.irq_set_enabled
                0x1000074c        0xe CMakeFiles/sd_fat_spi.dir/C_/Program_Files/Raspberry_Pi/Pico_SDK_v1.5.1/pico-sdk/src/rp2_common/hardware_irq/irq.c.obj
                0x1000074c                irq_set_enabled
 *fill*         0x1000075a        0x2 
 .text.irq_set_pending
                0x1000075c       0x10 CMakeFiles/sd_fat_spi.dir/C_/Program_Files/Raspberry_Pi/Pico_SDK_v1.5.1/pico-sdk/src/rp2_common/hardware_irq/irq.c.obj
                0x1000075c                irq_set_pending
 .text.irq_get_vtable_handler
                0x1000076c       0x10 CMakeFiles/sd_fat_spi.dir/C_/Program_Files/Raspberry_Pi/Pico_SDK_v1.5.1/pico-sdk/src/rp2_common/hardware_irq/irq.c.obj
                0x1000076c                irq_get_vtable_handler
 .text.irq_has_shared_handler
                0x1000077c       0x24 CMakeFiles/sd_fat_spi.dir/C_/Program_Files/Raspberry_Pi/Pico_SDK_v1.5.1/pico-sdk/src/rp2_common/hardware_irq/irq.c.obj
                0x1000077c                irq_has_shared_handler
 .text.irq_set_exclusive_handler
                0x100007a0       0x54 CMakeFiles/sd_fat_spi.dir/C_/Program_Files/Raspberry_Pi/Pico_SDK_v1.5.1/pico-sdk/src/rp2_common/hardware_irq/irq.c.obj
                0x100007a0                irq_set_exclusive_handler
 .text.irq_add_shared_handler
                0x100007f4      0x234 CMakeFiles/sd_fat_spi.dir/C_/Program_Files/Raspberry_Pi/Pico_SDK_v1.5.1/pico-sdk/src/rp2_common/hardware_irq/irq.c.obj
                0x100007f4                irq_add_shared_handler
 .text.irq_remove_handler
                0x10000a28      0x1ac CMakeFiles/sd_fat_spi.dir/C_/Program_Files/Raspberry_Pi/Pico_SDK_v1.5.1/pico-sdk/src/rp2_common/hardware_irq/irq.c.obj
                0x10000a28                irq_remove_handler
 .text.irq_add_tail_to_free_list
                0x10000bd4       0xf0 CMakeFiles/sd_fat_spi.dir/C_/Program_Files/Raspberry_Pi/Pico_SDK_v1.5.1/pico-sdk/src/rp2_common/hardware_irq/irq.c.obj
                0x10000bd4                irq_add_tail_to_free_list
 .text.irq_init_priorities
                0x10000cc4       0x1c CMakeFiles/sd_fat_spi.dir/C_/Program_Files/Raspberry_Pi/Pico_SDK_v1.5.1/pico-sdk/src/rp2_common/hardware_irq/irq.c.obj
                0x10000cc4                irq_init_priorities
 .text.user_irq_claim_unused
                0x10000ce0       0x28 CMakeFiles/sd_fat_spi.dir/C_/Program_Files/Raspberry_Pi/Pico_SDK_v1.5.1/pico-sdk/src/rp2_common/hardware_irq/irq.c.obj
                0x10000ce0                user_irq_claim_unused
 .text.sem_init
                0x10000d08       0x1e CMakeFiles/sd_fat_spi.dir/C_/Program_Files/Raspberry_Pi/Pico_SDK_v1.5.1/pico-sdk/src/common/pico_sync/sem.c.obj
                0x10000d08                sem_init
 *fill*         0x10000d26        0x2 
 .text.lock_init
                0x10000d28       0x10 CMakeFiles/sd_fat_spi.dir/C_/Program_Files/Raspberry_Pi/Pico_SDK_v1.5.1/pico-sdk/src/common/pico_sync/lock_core.c.obj
                0x10000d28                lock_init
 .text.mutex_init
                0x10000d38       0x1a CMakeFiles/sd_fat_spi.dir/C_/Program_Files/Raspberry_Pi/Pico_SDK_v1.5.1/pico-sdk/src/common/pico_sync/mutex.c.obj
                0x10000d38                mutex_init
 .text.recursive_mutex_init
                0x10000d52       0x1e CMakeFiles/sd_fat_spi.dir/C_/Program_Files/Raspberry_Pi/Pico_SDK_v1.5.1/pico-sdk/src/common/pico_sync/mutex.c.obj
                0x10000d52                recursive_mutex_init
 .text.critical_section_init_with_lock_num
                0x10000d70       0x14 CMakeFiles/sd_fat_spi.dir/C_/Program_Files/Raspberry_Pi/Pico_SDK_v1.5.1/pico-sdk/src/common/pico_sync/critical_section.c.obj
                0x10000d70                critical_section_init_with_lock_num
 .text.critical_section_init
                0x10000d84       0x14 CMakeFiles/sd_fat_spi.dir/C_/Program_Files/Raspberry_Pi/Pico_SDK_v1.5.1/pico-sdk/src/common/pico_sync/critical_section.c.obj
                0x10000d84                critical_section_init
 .text.alarm_pool_post_alloc_init
                0x10000d98       0x40 CMakeFiles/sd_fat_spi.dir/C_/Program_Files/Raspberry_Pi/Pico_SDK_v1.5.1/pico-sdk/src/common/pico_time/time.c.obj
 .text.sleep_until_callback
                0x10000dd8       0x30 CMakeFiles/sd_fat_spi.dir/C_/Program_Files/Raspberry_Pi/Pico_SDK_v1.5.1/pico-sdk/src/common/pico_time/time.c.obj
 .text.timer_pool_entry_comparator
                0x10000e08       0x7c CMakeFiles/sd_fat_spi.dir/C_/Program_Files/Raspberry_Pi/Pico_SDK_v1.5.1/pico-sdk/src/common/pico_time/time.c.obj
                0x10000e08                timer_pool_entry_comparator
 .text.ph_add_child_node
                0x10000e84       0xa4 CMakeFiles/sd_fat_spi.dir/C_/Program_Files/Raspberry_Pi/Pico_SDK_v1.5.1/pico-sdk/src/common/pico_time/time.c.obj
 .text.ph_merge_nodes
                0x10000f28       0x3e CMakeFiles/sd_fat_spi.dir/C_/Program_Files/Raspberry_Pi/Pico_SDK_v1.5.1/pico-sdk/src/common/pico_time/time.c.obj
 *fill*         0x10000f66        0x2 
 .text.add_alarm_under_lock
                0x10000f68      0x174 CMakeFiles/sd_fat_spi.dir/C_/Program_Files/Raspberry_Pi/Pico_SDK_v1.5.1/pico-sdk/src/common/pico_time/time.c.obj
 .text.alarm_pool_alarm_callback
                0x100010dc      0x33c CMakeFiles/sd_fat_spi.dir/C_/Program_Files/Raspberry_Pi/Pico_SDK_v1.5.1/pico-sdk/src/common/pico_time/time.c.obj
 .text.alarm_pool_init_default
                0x10001418       0x40 CMakeFiles/sd_fat_spi.dir/C_/Program_Files/Raspberry_Pi/Pico_SDK_v1.5.1/pico-sdk/src/common/pico_time/time.c.obj
                0x10001418                alarm_pool_init_default
 .text.alarm_pool_get_default
                0x10001458       0x2c CMakeFiles/sd_fat_spi.dir/C_/Program_Files/Raspberry_Pi/Pico_SDK_v1.5.1/pico-sdk/src/common/pico_time/time.c.obj
                0x10001458                alarm_pool_get_default
 .text.alarm_pool_add_alarm_at
                0x10001484      0x168 CMakeFiles/sd_fat_spi.dir/C_/Program_Files/Raspberry_Pi/Pico_SDK_v1.5.1/pico-sdk/src/common/pico_time/time.c.obj
                0x10001484                alarm_pool_add_alarm_at
 .text.alarm_pool_cancel_alarm
                0x100015ec       0xf8 CMakeFiles/sd_fat_spi.dir/C_/Program_Files/Raspberry_Pi/Pico_SDK_v1.5.1/pico-sdk/src/common/pico_time/time.c.obj
                0x100015ec                alarm_pool_cancel_alarm
 .text.alarm_pool_core_num
                0x100016e4        0x4 CMakeFiles/sd_fat_spi.dir/C_/Program_Files/Raspberry_Pi/Pico_SDK_v1.5.1/pico-sdk/src/common/pico_time/time.c.obj
                0x100016e4                alarm_pool_core_num
 .text.sleep_until
                0x100016e8       0xfc CMakeFiles/sd_fat_spi.dir/C_/Program_Files/Raspberry_Pi/Pico_SDK_v1.5.1/pico-sdk/src/common/pico_time/time.c.obj
                0x100016e8                sleep_until
 .text.sleep_us
                0x100017e4       0x58 CMakeFiles/sd_fat_spi.dir/C_/Program_Files/Raspberry_Pi/Pico_SDK_v1.5.1/pico-sdk/src/common/pico_time/time.c.obj
                0x100017e4                sleep_us
 .text.sleep_ms
                0x1000183c       0x14 CMakeFiles/sd_fat_spi.dir/C_/Program_Files/Raspberry_Pi/Pico_SDK_v1.5.1/pico-sdk/src/common/pico_time/time.c.obj
                0x1000183c                sleep_ms
 .text.best_effort_wfe_or_timeout
                0x10001850       0xac CMakeFiles/sd_fat_spi.dir/C_/Program_Files/Raspberry_Pi/Pico_SDK_v1.5.1/pico-sdk/src/common/pico_time/time.c.obj
                0x10001850                best_effort_wfe_or_timeout
 .text.hardware_alarm_irq_handler
                0x100018fc       0x90 CMakeFiles/sd_fat_spi.dir/C_/Program_Files/Raspberry_Pi/Pico_SDK_v1.5.1/pico-sdk/src/rp2_common/hardware_timer/timer.c.obj
 .text.hardware_alarm_claim
                0x1000198c       0x18 CMakeFiles/sd_fat_spi.dir/C_/Program_Files/Raspberry_Pi/Pico_SDK_v1.5.1/pico-sdk/src/rp2_common/hardware_timer/timer.c.obj
                0x1000198c                hardware_alarm_claim
 .text.time_us_64
                0x100019a4       0x18 CMakeFiles/sd_fat_spi.dir/C_/Program_Files/Raspberry_Pi/Pico_SDK_v1.5.1/pico-sdk/src/rp2_common/hardware_timer/timer.c.obj
                0x100019a4                time_us_64
 .text.busy_wait_until
                0x100019bc       0x28 CMakeFiles/sd_fat_spi.dir/C_/Program_Files/Raspberry_Pi/Pico_SDK_v1.5.1/pico-sdk/src/rp2_common/hardware_timer/timer.c.obj
                0x100019bc                busy_wait_until
 .text.busy_wait_us
                0x100019e4       0x48 CMakeFiles/sd_fat_spi.dir/C_/Program_Files/Raspberry_Pi/Pico_SDK_v1.5.1/pico-sdk/src/rp2_common/hardware_timer/timer.c.obj
                0x100019e4                busy_wait_us
 .text.hardware_alarm_set_callback
                0x10001a2c       0x90 CMakeFiles/sd_fat_spi.dir/C_/Program_Files/Raspberry_Pi/Pico_SDK_v1.5.1/pico-sdk/src/rp2_common/hardware_timer/timer.c.obj
                0x10001a2c                hardware_alarm_set_callback
 .text.hardware_alarm_set_target
                0x10001abc       0xe8 CMakeFiles/sd_fat_spi.dir/C_/Program_Files/Raspberry_Pi/Pico_SDK_v1.5.1/pico-sdk/src/rp2_common/hardware_timer/timer.c.obj
                0x10001abc                hardware_alarm_set_target
 .text.hardware_alarm_cancel
                0x10001ba4       0x40 CMakeFiles/sd_fat_spi.dir/C_/Program_Files/Raspberry_Pi/Pico_SDK_v1.5.1/pico-sdk/src/rp2_common/hardware_timer/timer.c.obj
                0x10001ba4                hardware_alarm_cancel
 .text.ph_add_child_node
                0x10001be4       0xa4 CMakeFiles/sd_fat_spi.dir/C_/Program_Files/Raspberry_Pi/Pico_SDK_v1.5.1/pico-sdk/src/common/pico_util/pheap.c.obj
 .text.ph_merge_nodes
                0x10001c88       0x3e CMakeFiles/sd_fat_spi.dir/C_/Program_Files/Raspberry_Pi/Pico_SDK_v1.5.1/pico-sdk/src/common/pico_util/pheap.c.obj
 *fill*         0x10001cc6        0x2 
 .text.ph_clear
                0x10001cc8       0x70 CMakeFiles/sd_fat_spi.dir/C_/Program_Files/Raspberry_Pi/Pico_SDK_v1.5.1/pico-sdk/src/common/pico_util/pheap.c.obj
                0x10001cc8                ph_clear
 .text.ph_post_alloc_init
                0x10001d38        0xe CMakeFiles/sd_fat_spi.dir/C_/Program_Files/Raspberry_Pi/Pico_SDK_v1.5.1/pico-sdk/src/common/pico_util/pheap.c.obj
                0x10001d38                ph_post_alloc_init
 *fill*         0x10001d46        0x2 
 .text.ph_merge_two_pass
                0x10001d48       0xa8 CMakeFiles/sd_fat_spi.dir/C_/Program_Files/Raspberry_Pi/Pico_SDK_v1.5.1/pico-sdk/src/common/pico_util/pheap.c.obj
                0x10001d48                ph_merge_two_pass
 .text.ph_remove_any_head
                0x10001df0      0x128 CMakeFiles/sd_fat_spi.dir/C_/Program_Files/Raspberry_Pi/Pico_SDK_v1.5.1/pico-sdk/src/common/pico_util/pheap.c.obj
 .text.ph_remove_head
                0x10001f18       0x14 CMakeFiles/sd_fat_spi.dir/C_/Program_Files/Raspberry_Pi/Pico_SDK_v1.5.1/pico-sdk/src/common/pico_util/pheap.c.obj
                0x10001f18                ph_remove_head
 .text.ph_remove_and_free_node
                0x10001f2c       0xf8 CMakeFiles/sd_fat_spi.dir/C_/Program_Files/Raspberry_Pi/Pico_SDK_v1.5.1/pico-sdk/src/common/pico_util/pheap.c.obj
                0x10001f2c                ph_remove_and_free_node
 .text.uart_disable_before_lcr_write
                0x10002024       0x48 CMakeFiles/sd_fat_spi.dir/C_/Program_Files/Raspberry_Pi/Pico_SDK_v1.5.1/pico-sdk/src/rp2_common/hardware_uart/uart.c.obj
 .text.uart_write_lcr_bits_masked
                0x1000206c       0x22 CMakeFiles/sd_fat_spi.dir/C_/Program_Files/Raspberry_Pi/Pico_SDK_v1.5.1/pico-sdk/src/rp2_common/hardware_uart/uart.c.obj
 *fill*         0x1000208e        0x2 
 .text.uart_set_baudrate
                0x10002090       0x5c CMakeFiles/sd_fat_spi.dir/C_/Program_Files/Raspberry_Pi/Pico_SDK_v1.5.1/pico-sdk/src/rp2_common/hardware_uart/uart.c.obj
                0x10002090                uart_set_baudrate
 .text.uart_set_format
                0x100020ec       0x2c CMakeFiles/sd_fat_spi.dir/C_/Program_Files/Raspberry_Pi/Pico_SDK_v1.5.1/pico-sdk/src/rp2_common/hardware_uart/uart.c.obj
                0x100020ec                uart_set_format
 .text.uart_set_translate_crlf
                0x10002118       0x28 CMakeFiles/sd_fat_spi.dir/C_/Program_Files/Raspberry_Pi/Pico_SDK_v1.5.1/pico-sdk/src/rp2_common/hardware_uart/uart.c.obj
                0x10002118                uart_set_translate_crlf
 .text.uart_init
                0x10002140       0x80 CMakeFiles/sd_fat_spi.dir/C_/Program_Files/Raspberry_Pi/Pico_SDK_v1.5.1/pico-sdk/src/rp2_common/hardware_uart/uart.c.obj
                0x10002140                uart_init
 .text.clock_configure
                0x100021c0      0x108 CMakeFiles/sd_fat_spi.dir/C_/Program_Files/Raspberry_Pi/Pico_SDK_v1.5.1/pico-sdk/src/rp2_common/hardware_clocks/clocks.c.obj
                0x100021c0                clock_configure
 .text.clocks_init
                0x100022c8      0x100 CMakeFiles/sd_fat_spi.dir/C_/Program_Files/Raspberry_Pi/Pico_SDK_v1.5.1/pico-sdk/src/rp2_common/hardware_clocks/clocks.c.obj
                0x100022c8                clocks_init
 .text.clock_get_hz
                0x100023c8        0xc CMakeFiles/sd_fat_spi.dir/C_/Program_Files/Raspberry_Pi/Pico_SDK_v1.5.1/pico-sdk/src/rp2_common/hardware_clocks/clocks.c.obj
                0x100023c8                clock_get_hz
 .text.pll_init
                0x100023d4      0x120 CMakeFiles/sd_fat_spi.dir/C_/Program_Files/Raspberry_Pi/Pico_SDK_v1.5.1/pico-sdk/src/rp2_common/hardware_pll/pll.c.obj
                0x100023d4                pll_init
 .text.watchdog_start_tick
                0x100024f4       0x10 CMakeFiles/sd_fat_spi.dir/C_/Program_Files/Raspberry_Pi/Pico_SDK_v1.5.1/pico-sdk/src/rp2_common/hardware_watchdog/watchdog.c.obj
                0x100024f4                watchdog_start_tick
 .text.watchdog_update
                0x10002504       0x14 CMakeFiles/sd_fat_spi.dir/C_/Program_Files/Raspberry_Pi/Pico_SDK_v1.5.1/pico-sdk/src/rp2_common/hardware_watchdog/watchdog.c.obj
                0x10002504                watchdog_update
 .text._watchdog_enable
                0x10002518       0x78 CMakeFiles/sd_fat_spi.dir/C_/Program_Files/Raspberry_Pi/Pico_SDK_v1.5.1/pico-sdk/src/rp2_common/hardware_watchdog/watchdog.c.obj
                0x10002518                _watchdog_enable
 .text.watchdog_reboot
                0x10002590       0x48 CMakeFiles/sd_fat_spi.dir/C_/Program_Files/Raspberry_Pi/Pico_SDK_v1.5.1/pico-sdk/src/rp2_common/hardware_watchdog/watchdog.c.obj
                0x10002590                watchdog_reboot
 .text.xosc_init
                0x100025d8       0x28 CMakeFiles/sd_fat_spi.dir/C_/Program_Files/Raspberry_Pi/Pico_SDK_v1.5.1/pico-sdk/src/rp2_common/hardware_xosc/xosc.c.obj
                0x100025d8                xosc_init
 .text._exit    0x10002600        0x4 CMakeFiles/sd_fat_spi.dir/C_/Program_Files/Raspberry_Pi/Pico_SDK_v1.5.1/pico-sdk/src/rp2_common/pico_runtime/runtime.c.obj
                0x10002600                _exit
 .text._sbrk    0x10002604       0x38 CMakeFiles/sd_fat_spi.dir/C_/Program_Files/Raspberry_Pi/Pico_SDK_v1.5.1/pico-sdk/src/rp2_common/pico_runtime/runtime.c.obj
                0x10002604                _sbrk
 .text.exit     0x1000263c        0x6 CMakeFiles/sd_fat_spi.dir/C_/Program_Files/Raspberry_Pi/Pico_SDK_v1.5.1/pico-sdk/src/rp2_common/pico_runtime/runtime.c.obj
                0x1000263c                exit
 *fill*         0x10002642        0x2 
 .text.__assert_func
                0x10002644       0x3c CMakeFiles/sd_fat_spi.dir/C_/Program_Files/Raspberry_Pi/Pico_SDK_v1.5.1/pico-sdk/src/rp2_common/pico_runtime/runtime.c.obj
                0x10002644                __assert_func
 .text.runtime_init
                0x10002680       0xf8 CMakeFiles/sd_fat_spi.dir/C_/Program_Files/Raspberry_Pi/Pico_SDK_v1.5.1/pico-sdk/src/rp2_common/pico_runtime/runtime.c.obj
                0x10002680                runtime_init
 .text.panic    0x10002778       0x30 CMakeFiles/sd_fat_spi.dir/C_/Program_Files/Raspberry_Pi/Pico_SDK_v1.5.1/pico-sdk/src/rp2_common/pico_runtime/runtime.c.obj
                0x10002778                panic
 .text._out_buffer
                0x100027a8        0x8 CMakeFiles/sd_fat_spi.dir/C_/Program_Files/Raspberry_Pi/Pico_SDK_v1.5.1/pico-sdk/src/rp2_common/pico_printf/printf.c.obj
 .text._out_null
                0x100027b0        0x2 CMakeFiles/sd_fat_spi.dir/C_/Program_Files/Raspberry_Pi/Pico_SDK_v1.5.1/pico-sdk/src/rp2_common/pico_printf/printf.c.obj
 .text._out_fct
                0x100027b2        0xe CMakeFiles/sd_fat_spi.dir/C_/Program_Files/Raspberry_Pi/Pico_SDK_v1.5.1/pico-sdk/src/rp2_common/pico_printf/printf.c.obj
 .text._atoi    0x100027c0       0x24 CMakeFiles/sd_fat_spi.dir/C_/Program_Files/Raspberry_Pi/Pico_SDK_v1.5.1/pico-sdk/src/rp2_common/pico_printf/printf.c.obj
 .text._out_rev
                0x100027e4       0xae CMakeFiles/sd_fat_spi.dir/C_/Program_Files/Raspberry_Pi/Pico_SDK_v1.5.1/pico-sdk/src/rp2_common/pico_printf/printf.c.obj
 .text._ntoa_format
                0x10002892      0x112 CMakeFiles/sd_fat_spi.dir/C_/Program_Files/Raspberry_Pi/Pico_SDK_v1.5.1/pico-sdk/src/rp2_common/pico_printf/printf.c.obj
 .text._ntoa_long
                0x100029a4       0xbc CMakeFiles/sd_fat_spi.dir/C_/Program_Files/Raspberry_Pi/Pico_SDK_v1.5.1/pico-sdk/src/rp2_common/pico_printf/printf.c.obj
 .text._ntoa_long_long
                0x10002a60       0xe2 CMakeFiles/sd_fat_spi.dir/C_/Program_Files/Raspberry_Pi/Pico_SDK_v1.5.1/pico-sdk/src/rp2_common/pico_printf/printf.c.obj
 *fill*         0x10002b42        0x2 
 .text._etoa    0x10002b44      0x414 CMakeFiles/sd_fat_spi.dir/C_/Program_Files/Raspberry_Pi/Pico_SDK_v1.5.1/pico-sdk/src/rp2_common/pico_printf/printf.c.obj
 .text._ftoa    0x10002f58      0x354 CMakeFiles/sd_fat_spi.dir/C_/Program_Files/Raspberry_Pi/Pico_SDK_v1.5.1/pico-sdk/src/rp2_common/pico_printf/printf.c.obj
 .text._vsnprintf
                0x100032ac      0x624 CMakeFiles/sd_fat_spi.dir/C_/Program_Files/Raspberry_Pi/Pico_SDK_v1.5.1/pico-sdk/src/rp2_common/pico_printf/printf.c.obj
 .text.__wrap_vsnprintf
                0x100038d0       0x1c CMakeFiles/sd_fat_spi.dir/C_/Program_Files/Raspberry_Pi/Pico_SDK_v1.5.1/pico-sdk/src/rp2_common/pico_printf/printf.c.obj
                0x100038d0                __wrap_vsnprintf
 .text.vfctprintf
                0x100038ec       0x20 CMakeFiles/sd_fat_spi.dir/C_/Program_Files/Raspberry_Pi/Pico_SDK_v1.5.1/pico-sdk/src/rp2_common/pico_printf/printf.c.obj
                0x100038ec                vfctprintf
 .text          0x1000390c       0x10 CMakeFiles/sd_fat_spi.dir/C_/Program_Files/Raspberry_Pi/Pico_SDK_v1.5.1/pico-sdk/src/rp2_common/pico_bit_ops/bit_ops_aeabi.S.obj
 .text.rom_func_lookup
                0x1000391c       0x10 CMakeFiles/sd_fat_spi.dir/C_/Program_Files/Raspberry_Pi/Pico_SDK_v1.5.1/pico-sdk/src/rp2_common/pico_bootrom/bootrom.c.obj
                0x1000391c                rom_func_lookup
 .text.rom_data_lookup
                0x1000392c       0x10 CMakeFiles/sd_fat_spi.dir/C_/Program_Files/Raspberry_Pi/Pico_SDK_v1.5.1/pico-sdk/src/rp2_common/pico_bootrom/bootrom.c.obj
                0x1000392c                rom_data_lookup
 .text.rom_funcs_lookup
                0x1000393c       0x36 CMakeFiles/sd_fat_spi.dir/C_/Program_Files/Raspberry_Pi/Pico_SDK_v1.5.1/pico-sdk/src/rp2_common/pico_bootrom/bootrom.c.obj
                0x1000393c                rom_funcs_lookup
 *fill*         0x10003972        0x2 
 .text.__wrap___aeabi_idiv
                0x10003974       0x50 CMakeFiles/sd_fat_spi.dir/C_/Program_Files/Raspberry_Pi/Pico_SDK_v1.5.1/pico-sdk/src/rp2_common/pico_divider/divider.S.obj
                0x10003974                __wrap___aeabi_idivmod
                0x10003974                divmod_s32s32
                0x10003974                div_s32s32
                0x10003974                __wrap___aeabi_idiv
                0x1000397c                divmod_s32s32_unsafe
                0x100039a8                divmod_s32s32_savestate
 .text.__wrap___aeabi_uidiv
                0x100039c4       0x4c CMakeFiles/sd_fat_spi.dir/C_/Program_Files/Raspberry_Pi/Pico_SDK_v1.5.1/pico-sdk/src/rp2_common/pico_divider/divider.S.obj
                0x100039c4                __wrap___aeabi_uidiv
                0x100039c4                __wrap___aeabi_uidivmod
                0x100039c4                div_u32u32
                0x100039c4                divmod_u32u32
                0x100039cc                divmod_u32u32_unsafe
                0x100039f4                divmod_u32u32_savestate
 .text.__wrap___aeabi_ldiv
                0x10003a10      0x424 CMakeFiles/sd_fat_spi.dir/C_/Program_Files/Raspberry_Pi/Pico_SDK_v1.5.1/pico-sdk/src/rp2_common/pico_divider/divider.S.obj
                0x10003a10                div_s64s64
                0x10003a10                divmod_s64s64
                0x10003a10                __wrap___aeabi_ldivmod
                0x10003a40                divmod_u64u64
                0x10003a40                div_u64u64
                0x10003a40                __wrap___aeabi_uldivmod
                0x10003a50                divmod_u64u64_savestate
                0x10003a70                divmod_s64s64_unsafe
                0x10003af8                divmod_u64u64_unsafe
 .text.__wrap___aeabi_darithmetic
                0x10003e34       0x60 CMakeFiles/sd_fat_spi.dir/C_/Program_Files/Raspberry_Pi/Pico_SDK_v1.5.1/pico-sdk/src/rp2_common/pico_double/double_aeabi.S.obj
                0x10003e34                __wrap___aeabi_drsub
                0x10003e3a                __wrap___aeabi_dsub
                0x10003e44                __wrap___aeabi_dadd
                0x10003e4e                __wrap___aeabi_ddiv
                0x10003e82                __wrap___aeabi_dmul
 .text.__wrap___aeabi_cdcmple
                0x10003e94       0x6c CMakeFiles/sd_fat_spi.dir/C_/Program_Files/Raspberry_Pi/Pico_SDK_v1.5.1/pico-sdk/src/rp2_common/pico_double/double_aeabi.S.obj
                0x10003e94                __wrap___aeabi_cdrcmple
                0x10003ea4                __wrap___aeabi_cdcmpeq
                0x10003ea4                __wrap___aeabi_cdcmple
 .text.__wrap___aeabi_dcmpeq
                0x10003f00       0x10 CMakeFiles/sd_fat_spi.dir/C_/Program_Files/Raspberry_Pi/Pico_SDK_v1.5.1/pico-sdk/src/rp2_common/pico_double/double_aeabi.S.obj
                0x10003f00                __wrap___aeabi_dcmpeq
 .text.__wrap___aeabi_dcmplt
                0x10003f10        0xc CMakeFiles/sd_fat_spi.dir/C_/Program_Files/Raspberry_Pi/Pico_SDK_v1.5.1/pico-sdk/src/rp2_common/pico_double/double_aeabi.S.obj
                0x10003f10                __wrap___aeabi_dcmplt
 .text.__wrap___aeabi_dcmple
                0x10003f1c       0x10 CMakeFiles/sd_fat_spi.dir/C_/Program_Files/Raspberry_Pi/Pico_SDK_v1.5.1/pico-sdk/src/rp2_common/pico_double/double_aeabi.S.obj
                0x10003f1c                __wrap___aeabi_dcmple
 .text.__wrap___aeabi_dcmpge
                0x10003f2c       0x10 CMakeFiles/sd_fat_spi.dir/C_/Program_Files/Raspberry_Pi/Pico_SDK_v1.5.1/pico-sdk/src/rp2_common/pico_double/double_aeabi.S.obj
                0x10003f2c                __wrap___aeabi_dcmpge
 .text.__wrap___aeabi_dcmpgt
                0x10003f3c        0xa CMakeFiles/sd_fat_spi.dir/C_/Program_Files/Raspberry_Pi/Pico_SDK_v1.5.1/pico-sdk/src/rp2_common/pico_double/double_aeabi.S.obj
                0x10003f3c                __wrap___aeabi_dcmpgt
 .text.__wrap___aeabi_dcmpun
                0x10003f46       0x1c CMakeFiles/sd_fat_spi.dir/C_/Program_Files/Raspberry_Pi/Pico_SDK_v1.5.1/pico-sdk/src/rp2_common/pico_double/double_aeabi.S.obj
                0x10003f46                __wrap___aeabi_dcmpun
 *fill*         0x10003f62        0x2 
 .text.__wrap___aeabi_i2d
                0x10003f64       0x38 CMakeFiles/sd_fat_spi.dir/C_/Program_Files/Raspberry_Pi/Pico_SDK_v1.5.1/pico-sdk/src/rp2_common/pico_double/double_aeabi.S.obj
                0x10003f64                __wrap___aeabi_ui2d
                0x10003f6c                __wrap___aeabi_i2d
 .text.__wrap___aeabi_d2iz
                0x10003f9c       0x48 CMakeFiles/sd_fat_spi.dir/C_/Program_Files/Raspberry_Pi/Pico_SDK_v1.5.1/pico-sdk/src/rp2_common/pico_double/double_aeabi.S.obj
                0x10003f9c                double2int_z
                0x10003f9c                __wrap___aeabi_d2iz
 .text.__wrap___aeabi_d2uiz
                0x10003fe4       0x10 CMakeFiles/sd_fat_spi.dir/C_/Program_Files/Raspberry_Pi/Pico_SDK_v1.5.1/pico-sdk/src/rp2_common/pico_double/double_aeabi.S.obj
                0x10003fe4                __wrap___aeabi_d2uiz
                0x10003fe4                double2uint
 .text.missing_double_func_shim
                0x10003ff4        0xc CMakeFiles/sd_fat_spi.dir/C_/Program_Files/Raspberry_Pi/Pico_SDK_v1.5.1/pico-sdk/src/rp2_common/pico_double/double_init_rom.c.obj
 .text.__aeabi_double_init
                0x10004000       0xcc CMakeFiles/sd_fat_spi.dir/C_/Program_Files/Raspberry_Pi/Pico_SDK_v1.5.1/pico-sdk/src/rp2_common/pico_double/double_init_rom.c.obj
                0x10004000                __aeabi_double_init
 .text.double_table_shim_on_use_helper
                0x100040cc       0x34 CMakeFiles/sd_fat_spi.dir/C_/Program_Files/Raspberry_Pi/Pico_SDK_v1.5.1/pico-sdk/src/rp2_common/pico_double/double_v1_rom_shim.S.obj
                0x100040cc                double_table_shim_on_use_helper
 .text.__aeabi_lmul
                0x10004100       0x32 CMakeFiles/sd_fat_spi.dir/C_/Program_Files/Raspberry_Pi/Pico_SDK_v1.5.1/pico-sdk/src/rp2_common/pico_int64_ops/pico_int64_ops_aeabi.S.obj
                0x10004100                __wrap___aeabi_lmul
 *fill*         0x10004132        0x2 
 .text.missing_float_func_shim
                0x10004134        0xc CMakeFiles/sd_fat_spi.dir/C_/Program_Files/Raspberry_Pi/Pico_SDK_v1.5.1/pico-sdk/src/rp2_common/pico_float/float_init_rom.c.obj
 .text.__aeabi_float_init
                0x10004140       0x88 CMakeFiles/sd_fat_spi.dir/C_/Program_Files/Raspberry_Pi/Pico_SDK_v1.5.1/pico-sdk/src/rp2_common/pico_float/float_init_rom.c.obj
                0x10004140                __aeabi_float_init
 .text.__wrap_malloc
                0x100041c8       0x24 CMakeFiles/sd_fat_spi.dir/C_/Program_Files/Raspberry_Pi/Pico_SDK_v1.5.1/pico-sdk/src/rp2_common/pico_malloc/pico_malloc.c.obj
                0x100041c8                __wrap_malloc
 .text.__wrap_free
                0x100041ec        0x8 CMakeFiles/sd_fat_spi.dir/C_/Program_Files/Raspberry_Pi/Pico_SDK_v1.5.1/pico-sdk/src/rp2_common/pico_malloc/pico_malloc.c.obj
                0x100041ec                __wrap_free
 .text          0x100041f4       0x10 CMakeFiles/sd_fat_spi.dir/C_/Program_Files/Raspberry_Pi/Pico_SDK_v1.5.1/pico-sdk/src/rp2_common/pico_mem_ops/mem_ops_aeabi.S.obj
                0x100041f4                __aeabi_mem_init
 .text.memset   0x10004204        0xc CMakeFiles/sd_fat_spi.dir/C_/Program_Files/Raspberry_Pi/Pico_SDK_v1.5.1/pico-sdk/src/rp2_common/pico_mem_ops/mem_ops_aeabi.S.obj
                0x10004204                __wrap_memset
 .text.memcpy   0x10004210        0xc CMakeFiles/sd_fat_spi.dir/C_/Program_Files/Raspberry_Pi/Pico_SDK_v1.5.1/pico-sdk/src/rp2_common/pico_mem_ops/mem_ops_aeabi.S.obj
                0x10004210                __wrap_memcpy
                0x10004210                __wrap___aeabi_memcpy
 .text.stdio_out_chars_no_crlf
                0x1000421c        0xe CMakeFiles/sd_fat_spi.dir/C_/Program_Files/Raspberry_Pi/Pico_SDK_v1.5.1/pico-sdk/src/rp2_common/pico_stdio/stdio.c.obj
 *fill*         0x1000422a        0x2 
 .text.stdio_out_chars_crlf
                0x1000422c       0x80 CMakeFiles/sd_fat_spi.dir/C_/Program_Files/Raspberry_Pi/Pico_SDK_v1.5.1/pico-sdk/src/rp2_common/pico_stdio/stdio.c.obj
 .text.stdio_stack_buffer_flush
                0x100042ac       0x44 CMakeFiles/sd_fat_spi.dir/C_/Program_Files/Raspberry_Pi/Pico_SDK_v1.5.1/pico-sdk/src/rp2_common/pico_stdio/stdio.c.obj
 .text.stdio_buffered_printer
                0x100042f0       0x20 CMakeFiles/sd_fat_spi.dir/C_/Program_Files/Raspberry_Pi/Pico_SDK_v1.5.1/pico-sdk/src/rp2_common/pico_stdio/stdio.c.obj
 .text.stdio_get_until
                0x10004310       0x80 CMakeFiles/sd_fat_spi.dir/C_/Program_Files/Raspberry_Pi/Pico_SDK_v1.5.1/pico-sdk/src/rp2_common/pico_stdio/stdio.c.obj
 .text.stdout_serialize_begin
                0x10004390       0x5c CMakeFiles/sd_fat_spi.dir/C_/Program_Files/Raspberry_Pi/Pico_SDK_v1.5.1/pico-sdk/src/rp2_common/pico_stdio/stdio.c.obj
                0x10004390                stdout_serialize_begin
 .text.stdout_serialize_end
                0x100043ec       0x10 CMakeFiles/sd_fat_spi.dir/C_/Program_Files/Raspberry_Pi/Pico_SDK_v1.5.1/pico-sdk/src/rp2_common/pico_stdio/stdio.c.obj
                0x100043ec                stdout_serialize_end
 .text.stdio_put_string
                0x100043fc       0x98 CMakeFiles/sd_fat_spi.dir/C_/Program_Files/Raspberry_Pi/Pico_SDK_v1.5.1/pico-sdk/src/rp2_common/pico_stdio/stdio.c.obj
 .text._read    0x10004494       0x24 CMakeFiles/sd_fat_spi.dir/C_/Program_Files/Raspberry_Pi/Pico_SDK_v1.5.1/pico-sdk/src/rp2_common/pico_stdio/stdio.c.obj
                0x10004494                _read
 .text._write   0x100044b8       0x22 CMakeFiles/sd_fat_spi.dir/C_/Program_Files/Raspberry_Pi/Pico_SDK_v1.5.1/pico-sdk/src/rp2_common/pico_stdio/stdio.c.obj
                0x100044b8                _write
 .text._close   0x100044da        0x6 CMakeFiles/sd_fat_spi.dir/C_/Program_Files/Raspberry_Pi/Pico_SDK_v1.5.1/pico-sdk/src/rp2_common/pico_stdio/stdio.c.obj
                0x100044da                _close
 .text._lseek   0x100044e0        0x6 CMakeFiles/sd_fat_spi.dir/C_/Program_Files/Raspberry_Pi/Pico_SDK_v1.5.1/pico-sdk/src/rp2_common/pico_stdio/stdio.c.obj
                0x100044e0                _lseek
 *fill*         0x100044e6        0x2 
 .text.stdio_set_driver_enabled
                0x100044e8       0x2c CMakeFiles/sd_fat_spi.dir/C_/Program_Files/Raspberry_Pi/Pico_SDK_v1.5.1/pico-sdk/src/rp2_common/pico_stdio/stdio.c.obj
                0x100044e8                stdio_set_driver_enabled
 .text.stdio_flush
                0x10004514       0x20 CMakeFiles/sd_fat_spi.dir/C_/Program_Files/Raspberry_Pi/Pico_SDK_v1.5.1/pico-sdk/src/rp2_common/pico_stdio/stdio.c.obj
                0x10004514                stdio_flush
 .text.__wrap_puts
                0x10004534       0x1e CMakeFiles/sd_fat_spi.dir/C_/Program_Files/Raspberry_Pi/Pico_SDK_v1.5.1/pico-sdk/src/rp2_common/pico_stdio/stdio.c.obj
                0x10004534                __wrap_puts
 *fill*         0x10004552        0x2 
 .text.__wrap_vprintf
                0x10004554       0x40 CMakeFiles/sd_fat_spi.dir/C_/Program_Files/Raspberry_Pi/Pico_SDK_v1.5.1/pico-sdk/src/rp2_common/pico_stdio/stdio.c.obj
                0x10004554                __wrap_vprintf
 .text.__wrap_printf
                0x10004594       0x18 CMakeFiles/sd_fat_spi.dir/C_/Program_Files/Raspberry_Pi/Pico_SDK_v1.5.1/pico-sdk/src/rp2_common/pico_stdio/stdio.c.obj
                0x10004594                __wrap_printf
 .text.stdio_init_all
                0x100045ac        0xe CMakeFiles/sd_fat_spi.dir/C_/Program_Files/Raspberry_Pi/Pico_SDK_v1.5.1/pico-sdk/src/rp2_common/pico_stdio/stdio.c.obj
                0x100045ac                stdio_init_all
 *fill*         0x100045ba        0x2 
 .text.stdio_uart_out_chars
                0x100045bc       0x74 CMakeFiles/sd_fat_spi.dir/C_/Program_Files/Raspberry_Pi/Pico_SDK_v1.5.1/pico-sdk/src/rp2_common/pico_stdio_uart/stdio_uart.c.obj
 .text.stdio_uart_in_chars
                0x10004630       0x80 CMakeFiles/sd_fat_spi.dir/C_/Program_Files/Raspberry_Pi/Pico_SDK_v1.5.1/pico-sdk/src/rp2_common/pico_stdio_uart/stdio_uart.c.obj
                0x10004630                stdio_uart_in_chars
 .text.on_uart_rx
                0x100046b0       0x28 CMakeFiles/sd_fat_spi.dir/C_/Program_Files/Raspberry_Pi/Pico_SDK_v1.5.1/pico-sdk/src/rp2_common/pico_stdio_uart/stdio_uart.c.obj
 .text.stdio_uart_set_chars_available_callback
                0x100046d8       0x8c CMakeFiles/sd_fat_spi.dir/C_/Program_Files/Raspberry_Pi/Pico_SDK_v1.5.1/pico-sdk/src/rp2_common/pico_stdio_uart/stdio_uart.c.obj
 .text.stdio_uart_init_full
                0x10004764       0x44 CMakeFiles/sd_fat_spi.dir/C_/Program_Files/Raspberry_Pi/Pico_SDK_v1.5.1/pico-sdk/src/rp2_common/pico_stdio_uart/stdio_uart.c.obj
                0x10004764                stdio_uart_init_full
 .text.stdio_uart_init
                0x100047a8       0x28 CMakeFiles/sd_fat_spi.dir/C_/Program_Files/Raspberry_Pi/Pico_SDK_v1.5.1/pico-sdk/src/rp2_common/pico_stdio_uart/stdio_uart.c.obj
                0x100047a8                stdio_uart_init
 .text.resetd_init
                0x100047d0        0x2 CMakeFiles/sd_fat_spi.dir/C_/Program_Files/Raspberry_Pi/Pico_SDK_v1.5.1/pico-sdk/src/rp2_common/pico_stdio_usb/reset_interface.c.obj
 *fill*         0x100047d2        0x2 
 .text.resetd_reset
                0x100047d4        0xc CMakeFiles/sd_fat_spi.dir/C_/Program_Files/Raspberry_Pi/Pico_SDK_v1.5.1/pico-sdk/src/rp2_common/pico_stdio_usb/reset_interface.c.obj
 .text.resetd_open
                0x100047e0       0x34 CMakeFiles/sd_fat_spi.dir/C_/Program_Files/Raspberry_Pi/Pico_SDK_v1.5.1/pico-sdk/src/rp2_common/pico_stdio_usb/reset_interface.c.obj
 .text.resetd_xfer_cb
                0x10004814        0x4 CMakeFiles/sd_fat_spi.dir/C_/Program_Files/Raspberry_Pi/Pico_SDK_v1.5.1/pico-sdk/src/rp2_common/pico_stdio_usb/reset_interface.c.obj
 .text.reset_usb_boot
                0x10004818       0x18 CMakeFiles/sd_fat_spi.dir/C_/Program_Files/Raspberry_Pi/Pico_SDK_v1.5.1/pico-sdk/src/rp2_common/pico_stdio_usb/reset_interface.c.obj
 .text.resetd_control_xfer_cb
                0x10004830       0x5c CMakeFiles/sd_fat_spi.dir/C_/Program_Files/Raspberry_Pi/Pico_SDK_v1.5.1/pico-sdk/src/rp2_common/pico_stdio_usb/reset_interface.c.obj
 .text.usbd_app_driver_get_cb
                0x1000488c        0xc CMakeFiles/sd_fat_spi.dir/C_/Program_Files/Raspberry_Pi/Pico_SDK_v1.5.1/pico-sdk/src/rp2_common/pico_stdio_usb/reset_interface.c.obj
                0x1000488c                usbd_app_driver_get_cb
 .text.tud_cdc_line_coding_cb
                0x10004898       0x28 CMakeFiles/sd_fat_spi.dir/C_/Program_Files/Raspberry_Pi/Pico_SDK_v1.5.1/pico-sdk/src/rp2_common/pico_stdio_usb/reset_interface.c.obj
                0x10004898                tud_cdc_line_coding_cb
 .text.stdio_usb_set_chars_available_callback
                0x100048c0       0x14 CMakeFiles/sd_fat_spi.dir/C_/Program_Files/Raspberry_Pi/Pico_SDK_v1.5.1/pico-sdk/src/rp2_common/pico_stdio_usb/stdio_usb.c.obj
                0x100048c0                stdio_usb_set_chars_available_callback
 .text.usb_irq  0x100048d4       0x10 CMakeFiles/sd_fat_spi.dir/C_/Program_Files/Raspberry_Pi/Pico_SDK_v1.5.1/pico-sdk/src/rp2_common/pico_stdio_usb/stdio_usb.c.obj
 .text.timer_task
                0x100048e4       0x5c CMakeFiles/sd_fat_spi.dir/C_/Program_Files/Raspberry_Pi/Pico_SDK_v1.5.1/pico-sdk/src/rp2_common/pico_stdio_usb/stdio_usb.c.obj
 .text.low_priority_worker_irq
                0x10004940       0xdc CMakeFiles/sd_fat_spi.dir/C_/Program_Files/Raspberry_Pi/Pico_SDK_v1.5.1/pico-sdk/src/rp2_common/pico_stdio_usb/stdio_usb.c.obj
 .text.tud_cdc_rx_cb
                0x10004a1c       0x20 CMakeFiles/sd_fat_spi.dir/C_/Program_Files/Raspberry_Pi/Pico_SDK_v1.5.1/pico-sdk/src/rp2_common/pico_stdio_usb/stdio_usb.c.obj
                0x10004a1c                tud_cdc_rx_cb
 .text.stdio_usb_init
                0x10004a3c      0x11c CMakeFiles/sd_fat_spi.dir/C_/Program_Files/Raspberry_Pi/Pico_SDK_v1.5.1/pico-sdk/src/rp2_common/pico_stdio_usb/stdio_usb.c.obj
                0x10004a3c                stdio_usb_init
 .text.stdio_usb_connected
                0x10004b58        0xa CMakeFiles/sd_fat_spi.dir/C_/Program_Files/Raspberry_Pi/Pico_SDK_v1.5.1/pico-sdk/src/rp2_common/pico_stdio_usb/stdio_usb.c.obj
                0x10004b58                stdio_usb_connected
 *fill*         0x10004b62        0x2 
 .text.stdio_usb_in_chars
                0x10004b64       0xc4 CMakeFiles/sd_fat_spi.dir/C_/Program_Files/Raspberry_Pi/Pico_SDK_v1.5.1/pico-sdk/src/rp2_common/pico_stdio_usb/stdio_usb.c.obj
                0x10004b64                stdio_usb_in_chars
 .text.stdio_usb_out_chars
                0x10004c28      0x114 CMakeFiles/sd_fat_spi.dir/C_/Program_Files/Raspberry_Pi/Pico_SDK_v1.5.1/pico-sdk/src/rp2_common/pico_stdio_usb/stdio_usb.c.obj
 .text.tud_descriptor_device_cb
                0x10004d3c        0x8 CMakeFiles/sd_fat_spi.dir/C_/Program_Files/Raspberry_Pi/Pico_SDK_v1.5.1/pico-sdk/src/rp2_common/pico_stdio_usb/stdio_usb_descriptors.c.obj
                0x10004d3c                tud_descriptor_device_cb
 .text.tud_descriptor_configuration_cb
                0x10004d44        0x8 CMakeFiles/sd_fat_spi.dir/C_/Program_Files/Raspberry_Pi/Pico_SDK_v1.5.1/pico-sdk/src/rp2_common/pico_stdio_usb/stdio_usb_descriptors.c.obj
                0x10004d44                tud_descriptor_configuration_cb
 .text.tud_descriptor_string_cb
                0x10004d4c       0x6c CMakeFiles/sd_fat_spi.dir/C_/Program_Files/Raspberry_Pi/Pico_SDK_v1.5.1/pico-sdk/src/rp2_common/pico_stdio_usb/stdio_usb_descriptors.c.obj
                0x10004d4c                tud_descriptor_string_cb
 .text._retrieve_unique_id_on_boot
                0x10004db8       0x10 CMakeFiles/sd_fat_spi.dir/C_/Program_Files/Raspberry_Pi/Pico_SDK_v1.5.1/pico-sdk/src/rp2_common/pico_unique_id/unique_id.c.obj
 .text.pico_get_unique_board_id_string
                0x10004dc8       0x60 CMakeFiles/sd_fat_spi.dir/C_/Program_Files/Raspberry_Pi/Pico_SDK_v1.5.1/pico-sdk/src/rp2_common/pico_unique_id/unique_id.c.obj
                0x10004dc8                pico_get_unique_board_id_string
 .text.flash_get_unique_id
                0x10004e28       0x46 CMakeFiles/sd_fat_spi.dir/C_/Program_Files/Raspberry_Pi/Pico_SDK_v1.5.1/pico-sdk/src/rp2_common/hardware_flash/flash.c.obj
                0x10004e28                flash_get_unique_id
 *fill*         0x10004e6e        0x2 
 .text.hw_endpoint_get_by_addr
                0x10004e70       0x18 CMakeFiles/sd_fat_spi.dir/C_/Program_Files/Raspberry_Pi/Pico_SDK_v1.5.1/pico-sdk/lib/tinyusb/src/portable/raspberrypi/rp2040/dcd_rp2040.c.obj
 .text._hw_endpoint_alloc
                0x10004e88       0x70 CMakeFiles/sd_fat_spi.dir/C_/Program_Files/Raspberry_Pi/Pico_SDK_v1.5.1/pico-sdk/lib/tinyusb/src/portable/raspberrypi/rp2040/dcd_rp2040.c.obj
 .text.hw_endpoint_init
                0x10004ef8       0x88 CMakeFiles/sd_fat_spi.dir/C_/Program_Files/Raspberry_Pi/Pico_SDK_v1.5.1/pico-sdk/lib/tinyusb/src/portable/raspberrypi/rp2040/dcd_rp2040.c.obj
 .text.hw_endpoint_xfer
                0x10004f80       0x14 CMakeFiles/sd_fat_spi.dir/C_/Program_Files/Raspberry_Pi/Pico_SDK_v1.5.1/pico-sdk/lib/tinyusb/src/portable/raspberrypi/rp2040/dcd_rp2040.c.obj
 .text.dcd_int_enable
                0x10004f94       0x2c CMakeFiles/sd_fat_spi.dir/C_/Program_Files/Raspberry_Pi/Pico_SDK_v1.5.1/pico-sdk/lib/tinyusb/src/portable/raspberrypi/rp2040/dcd_rp2040.c.obj
                0x10004f94                dcd_int_enable
 .text.dcd_set_address
                0x10004fc0       0x2c CMakeFiles/sd_fat_spi.dir/C_/Program_Files/Raspberry_Pi/Pico_SDK_v1.5.1/pico-sdk/lib/tinyusb/src/portable/raspberrypi/rp2040/dcd_rp2040.c.obj
                0x10004fc0                dcd_set_address
 .text.dcd_connect
                0x10004fec       0x10 CMakeFiles/sd_fat_spi.dir/C_/Program_Files/Raspberry_Pi/Pico_SDK_v1.5.1/pico-sdk/lib/tinyusb/src/portable/raspberrypi/rp2040/dcd_rp2040.c.obj
                0x10004fec                dcd_connect
 .text.dcd_init
                0x10004ffc       0x80 CMakeFiles/sd_fat_spi.dir/C_/Program_Files/Raspberry_Pi/Pico_SDK_v1.5.1/pico-sdk/lib/tinyusb/src/portable/raspberrypi/rp2040/dcd_rp2040.c.obj
                0x10004ffc                dcd_init
 .text.dcd_edpt0_status_complete
                0x1000507c       0x1c CMakeFiles/sd_fat_spi.dir/C_/Program_Files/Raspberry_Pi/Pico_SDK_v1.5.1/pico-sdk/lib/tinyusb/src/portable/raspberrypi/rp2040/dcd_rp2040.c.obj
                0x1000507c                dcd_edpt0_status_complete
 .text.dcd_edpt_open
                0x10005098       0x40 CMakeFiles/sd_fat_spi.dir/C_/Program_Files/Raspberry_Pi/Pico_SDK_v1.5.1/pico-sdk/lib/tinyusb/src/portable/raspberrypi/rp2040/dcd_rp2040.c.obj
                0x10005098                dcd_edpt_open
 .text.dcd_edpt_close_all
                0x100050d8        0x8 CMakeFiles/sd_fat_spi.dir/C_/Program_Files/Raspberry_Pi/Pico_SDK_v1.5.1/pico-sdk/lib/tinyusb/src/portable/raspberrypi/rp2040/dcd_rp2040.c.obj
                0x100050d8                dcd_edpt_close_all
 .text.dcd_edpt_xfer
                0x100050e0       0x34 CMakeFiles/sd_fat_spi.dir/C_/Program_Files/Raspberry_Pi/Pico_SDK_v1.5.1/pico-sdk/lib/tinyusb/src/portable/raspberrypi/rp2040/dcd_rp2040.c.obj
                0x100050e0                dcd_edpt_xfer
 .text.dcd_edpt_stall
                0x10005114       0x2c CMakeFiles/sd_fat_spi.dir/C_/Program_Files/Raspberry_Pi/Pico_SDK_v1.5.1/pico-sdk/lib/tinyusb/src/portable/raspberrypi/rp2040/dcd_rp2040.c.obj
                0x10005114                dcd_edpt_stall
 .text.dcd_edpt_clear_stall
                0x10005140       0x20 CMakeFiles/sd_fat_spi.dir/C_/Program_Files/Raspberry_Pi/Pico_SDK_v1.5.1/pico-sdk/lib/tinyusb/src/portable/raspberrypi/rp2040/dcd_rp2040.c.obj
                0x10005140                dcd_edpt_clear_stall
 .text.rp2040_usb_init
                0x10005160       0x4c CMakeFiles/sd_fat_spi.dir/C_/Program_Files/Raspberry_Pi/Pico_SDK_v1.5.1/pico-sdk/lib/tinyusb/src/portable/raspberrypi/rp2040/rp2040_usb.c.obj
                0x10005160                rp2040_usb_init
 .text.hw_endpoint_xfer_start
                0x100051ac       0x50 CMakeFiles/sd_fat_spi.dir/C_/Program_Files/Raspberry_Pi/Pico_SDK_v1.5.1/pico-sdk/lib/tinyusb/src/portable/raspberrypi/rp2040/rp2040_usb.c.obj
                0x100051ac                hw_endpoint_xfer_start
 .text.configuration_reset
                0x100051fc       0x84 CMakeFiles/sd_fat_spi.dir/C_/Program_Files/Raspberry_Pi/Pico_SDK_v1.5.1/pico-sdk/lib/tinyusb/src/device/usbd.c.obj
 .text.usbd_reset
                0x10005280        0xc CMakeFiles/sd_fat_spi.dir/C_/Program_Files/Raspberry_Pi/Pico_SDK_v1.5.1/pico-sdk/lib/tinyusb/src/device/usbd.c.obj
 .text.invoke_class_control
                0x1000528c       0x1a CMakeFiles/sd_fat_spi.dir/C_/Program_Files/Raspberry_Pi/Pico_SDK_v1.5.1/pico-sdk/lib/tinyusb/src/device/usbd.c.obj
 *fill*         0x100052a6        0x2 
 .text.process_set_config
                0x100052a8      0x178 CMakeFiles/sd_fat_spi.dir/C_/Program_Files/Raspberry_Pi/Pico_SDK_v1.5.1/pico-sdk/lib/tinyusb/src/device/usbd.c.obj
 .text.process_get_descriptor
                0x10005420       0xdc CMakeFiles/sd_fat_spi.dir/C_/Program_Files/Raspberry_Pi/Pico_SDK_v1.5.1/pico-sdk/lib/tinyusb/src/device/usbd.c.obj
 .text.tud_mounted
                0x100054fc       0x10 CMakeFiles/sd_fat_spi.dir/C_/Program_Files/Raspberry_Pi/Pico_SDK_v1.5.1/pico-sdk/lib/tinyusb/src/device/usbd.c.obj
                0x100054fc                tud_mounted
 .text.tud_suspended
                0x1000550c       0x10 CMakeFiles/sd_fat_spi.dir/C_/Program_Files/Raspberry_Pi/Pico_SDK_v1.5.1/pico-sdk/lib/tinyusb/src/device/usbd.c.obj
                0x1000550c                tud_suspended
 .text.tud_inited
                0x1000551c       0x14 CMakeFiles/sd_fat_spi.dir/C_/Program_Files/Raspberry_Pi/Pico_SDK_v1.5.1/pico-sdk/lib/tinyusb/src/device/usbd.c.obj
                0x1000551c                tud_inited
 .text.tud_init
                0x10005530       0xcc CMakeFiles/sd_fat_spi.dir/C_/Program_Files/Raspberry_Pi/Pico_SDK_v1.5.1/pico-sdk/lib/tinyusb/src/device/usbd.c.obj
                0x10005530                tud_init
 .text.usbd_defer_func
                0x100055fc       0x2a CMakeFiles/sd_fat_spi.dir/C_/Program_Files/Raspberry_Pi/Pico_SDK_v1.5.1/pico-sdk/lib/tinyusb/src/device/usbd.c.obj
                0x100055fc                usbd_defer_func
 *fill*         0x10005626        0x2 
 .text.usbd_edpt_open
                0x10005628       0x34 CMakeFiles/sd_fat_spi.dir/C_/Program_Files/Raspberry_Pi/Pico_SDK_v1.5.1/pico-sdk/lib/tinyusb/src/device/usbd.c.obj
                0x10005628                usbd_edpt_open
 .text.usbd_open_edpt_pair
                0x1000565c       0x62 CMakeFiles/sd_fat_spi.dir/C_/Program_Files/Raspberry_Pi/Pico_SDK_v1.5.1/pico-sdk/lib/tinyusb/src/device/usbd.c.obj
                0x1000565c                usbd_open_edpt_pair
 *fill*         0x100056be        0x2 
 .text.usbd_edpt_claim
                0x100056c0       0x28 CMakeFiles/sd_fat_spi.dir/C_/Program_Files/Raspberry_Pi/Pico_SDK_v1.5.1/pico-sdk/lib/tinyusb/src/device/usbd.c.obj
                0x100056c0                usbd_edpt_claim
 .text.usbd_edpt_release
                0x100056e8       0x28 CMakeFiles/sd_fat_spi.dir/C_/Program_Files/Raspberry_Pi/Pico_SDK_v1.5.1/pico-sdk/lib/tinyusb/src/device/usbd.c.obj
                0x100056e8                usbd_edpt_release
 .text.usbd_edpt_xfer
                0x10005710       0x78 CMakeFiles/sd_fat_spi.dir/C_/Program_Files/Raspberry_Pi/Pico_SDK_v1.5.1/pico-sdk/lib/tinyusb/src/device/usbd.c.obj
                0x10005710                usbd_edpt_xfer
 .text.usbd_edpt_stall
                0x10005788       0x48 CMakeFiles/sd_fat_spi.dir/C_/Program_Files/Raspberry_Pi/Pico_SDK_v1.5.1/pico-sdk/lib/tinyusb/src/device/usbd.c.obj
                0x10005788                usbd_edpt_stall
 .text.usbd_edpt_clear_stall
                0x100057d0       0x48 CMakeFiles/sd_fat_spi.dir/C_/Program_Files/Raspberry_Pi/Pico_SDK_v1.5.1/pico-sdk/lib/tinyusb/src/device/usbd.c.obj
                0x100057d0                usbd_edpt_clear_stall
 .text.usbd_edpt_stalled
                0x10005818       0x1c CMakeFiles/sd_fat_spi.dir/C_/Program_Files/Raspberry_Pi/Pico_SDK_v1.5.1/pico-sdk/lib/tinyusb/src/device/usbd.c.obj
                0x10005818                usbd_edpt_stalled
 .text.process_control_request
                0x10005834      0x37c CMakeFiles/sd_fat_spi.dir/C_/Program_Files/Raspberry_Pi/Pico_SDK_v1.5.1/pico-sdk/lib/tinyusb/src/device/usbd.c.obj
 .text.tud_task_ext
                0x10005bb0      0x1b8 CMakeFiles/sd_fat_spi.dir/C_/Program_Files/Raspberry_Pi/Pico_SDK_v1.5.1/pico-sdk/lib/tinyusb/src/device/usbd.c.obj
                0x10005bb0                tud_task_ext
 .text._data_stage_xact
                0x10005d68       0x58 CMakeFiles/sd_fat_spi.dir/C_/Program_Files/Raspberry_Pi/Pico_SDK_v1.5.1/pico-sdk/lib/tinyusb/src/device/usbd_control.c.obj
 .text.tud_control_status
                0x10005dc0       0x38 CMakeFiles/sd_fat_spi.dir/C_/Program_Files/Raspberry_Pi/Pico_SDK_v1.5.1/pico-sdk/lib/tinyusb/src/device/usbd_control.c.obj
                0x10005dc0                tud_control_status
 .text.tud_control_xfer
                0x10005df8       0x74 CMakeFiles/sd_fat_spi.dir/C_/Program_Files/Raspberry_Pi/Pico_SDK_v1.5.1/pico-sdk/lib/tinyusb/src/device/usbd_control.c.obj
                0x10005df8                tud_control_xfer
 .text.usbd_control_reset
                0x10005e6c       0x14 CMakeFiles/sd_fat_spi.dir/C_/Program_Files/Raspberry_Pi/Pico_SDK_v1.5.1/pico-sdk/lib/tinyusb/src/device/usbd_control.c.obj
                0x10005e6c                usbd_control_reset
 .text.usbd_control_set_complete_callback
                0x10005e80        0xc CMakeFiles/sd_fat_spi.dir/C_/Program_Files/Raspberry_Pi/Pico_SDK_v1.5.1/pico-sdk/lib/tinyusb/src/device/usbd_control.c.obj
                0x10005e80                usbd_control_set_complete_callback
 .text.usbd_control_set_request
                0x10005e8c       0x1c CMakeFiles/sd_fat_spi.dir/C_/Program_Files/Raspberry_Pi/Pico_SDK_v1.5.1/pico-sdk/lib/tinyusb/src/device/usbd_control.c.obj
                0x10005e8c                usbd_control_set_request
 .text.usbd_control_xfer_cb
                0x10005ea8       0xcc CMakeFiles/sd_fat_spi.dir/C_/Program_Files/Raspberry_Pi/Pico_SDK_v1.5.1/pico-sdk/lib/tinyusb/src/device/usbd_control.c.obj
                0x10005ea8                usbd_control_xfer_cb
 .text._prep_out_transaction
                0x10005f74       0x4a CMakeFiles/sd_fat_spi.dir/C_/Program_Files/Raspberry_Pi/Pico_SDK_v1.5.1/pico-sdk/lib/tinyusb/src/class/cdc/cdc_device.c.obj
 *fill*         0x10005fbe        0x2 
 .text.tud_cdc_n_connected
                0x10005fc0       0x44 CMakeFiles/sd_fat_spi.dir/C_/Program_Files/Raspberry_Pi/Pico_SDK_v1.5.1/pico-sdk/lib/tinyusb/src/class/cdc/cdc_device.c.obj
                0x10005fc0                tud_cdc_n_connected
 .text.tud_cdc_n_available
                0x10006004       0x18 CMakeFiles/sd_fat_spi.dir/C_/Program_Files/Raspberry_Pi/Pico_SDK_v1.5.1/pico-sdk/lib/tinyusb/src/class/cdc/cdc_device.c.obj
                0x10006004                tud_cdc_n_available
 .text.tud_cdc_n_read
                0x1000601c       0x28 CMakeFiles/sd_fat_spi.dir/C_/Program_Files/Raspberry_Pi/Pico_SDK_v1.5.1/pico-sdk/lib/tinyusb/src/class/cdc/cdc_device.c.obj
                0x1000601c                tud_cdc_n_read
 .text.tud_cdc_n_write_flush
                0x10006044       0xb8 CMakeFiles/sd_fat_spi.dir/C_/Program_Files/Raspberry_Pi/Pico_SDK_v1.5.1/pico-sdk/lib/tinyusb/src/class/cdc/cdc_device.c.obj
                0x10006044                tud_cdc_n_write_flush
 .text.tud_cdc_n_write
                0x100060fc       0x38 CMakeFiles/sd_fat_spi.dir/C_/Program_Files/Raspberry_Pi/Pico_SDK_v1.5.1/pico-sdk/lib/tinyusb/src/class/cdc/cdc_device.c.obj
                0x100060fc                tud_cdc_n_write
 .text.tud_cdc_n_write_available
                0x10006134       0x1c CMakeFiles/sd_fat_spi.dir/C_/Program_Files/Raspberry_Pi/Pico_SDK_v1.5.1/pico-sdk/lib/tinyusb/src/class/cdc/cdc_device.c.obj
                0x10006134                tud_cdc_n_write_available
 .text.cdcd_init
                0x10006150       0xbc CMakeFiles/sd_fat_spi.dir/C_/Program_Files/Raspberry_Pi/Pico_SDK_v1.5.1/pico-sdk/lib/tinyusb/src/class/cdc/cdc_device.c.obj
                0x10006150                cdcd_init
 .text.cdcd_reset
                0x1000620c       0x44 CMakeFiles/sd_fat_spi.dir/C_/Program_Files/Raspberry_Pi/Pico_SDK_v1.5.1/pico-sdk/lib/tinyusb/src/class/cdc/cdc_device.c.obj
                0x1000620c                cdcd_reset
 .text.cdcd_open
                0x10006250       0xcc CMakeFiles/sd_fat_spi.dir/C_/Program_Files/Raspberry_Pi/Pico_SDK_v1.5.1/pico-sdk/lib/tinyusb/src/class/cdc/cdc_device.c.obj
                0x10006250                cdcd_open
 .text.cdcd_control_xfer_cb
                0x1000631c      0x134 CMakeFiles/sd_fat_spi.dir/C_/Program_Files/Raspberry_Pi/Pico_SDK_v1.5.1/pico-sdk/lib/tinyusb/src/class/cdc/cdc_device.c.obj
                0x1000631c                cdcd_control_xfer_cb
 .text.cdcd_xfer_cb
                0x10006450      0x130 CMakeFiles/sd_fat_spi.dir/C_/Program_Files/Raspberry_Pi/Pico_SDK_v1.5.1/pico-sdk/lib/tinyusb/src/class/cdc/cdc_device.c.obj
                0x10006450                cdcd_xfer_cb
 .text.tusb_init
                0x10006580        0xa CMakeFiles/sd_fat_spi.dir/C_/Program_Files/Raspberry_Pi/Pico_SDK_v1.5.1/pico-sdk/lib/tinyusb/src/tusb.c.obj
                0x10006580                tusb_init
 .text.tusb_inited
                0x1000658a        0xe CMakeFiles/sd_fat_spi.dir/C_/Program_Files/Raspberry_Pi/Pico_SDK_v1.5.1/pico-sdk/lib/tinyusb/src/tusb.c.obj
                0x1000658a                tusb_inited
 .text.tu_edpt_claim
                0x10006598       0x50 CMakeFiles/sd_fat_spi.dir/C_/Program_Files/Raspberry_Pi/Pico_SDK_v1.5.1/pico-sdk/lib/tinyusb/src/tusb.c.obj
                0x10006598                tu_edpt_claim
 .text.tu_edpt_release
                0x100065e8       0x3c CMakeFiles/sd_fat_spi.dir/C_/Program_Files/Raspberry_Pi/Pico_SDK_v1.5.1/pico-sdk/lib/tinyusb/src/tusb.c.obj
                0x100065e8                tu_edpt_release
 .text.tu_edpt_validate
                0x10006624       0x78 CMakeFiles/sd_fat_spi.dir/C_/Program_Files/Raspberry_Pi/Pico_SDK_v1.5.1/pico-sdk/lib/tinyusb/src/tusb.c.obj
                0x10006624                tu_edpt_validate
 .text.tu_edpt_bind_driver
                0x1000669c       0x26 CMakeFiles/sd_fat_spi.dir/C_/Program_Files/Raspberry_Pi/Pico_SDK_v1.5.1/pico-sdk/lib/tinyusb/src/tusb.c.obj
                0x1000669c                tu_edpt_bind_driver
 .text.advance_index
                0x100066c2       0x1a CMakeFiles/sd_fat_spi.dir/C_/Program_Files/Raspberry_Pi/Pico_SDK_v1.5.1/pico-sdk/lib/tinyusb/src/common/tusb_fifo.c.obj
 .text._tu_fifo_peek
                0x100066dc       0x56 CMakeFiles/sd_fat_spi.dir/C_/Program_Files/Raspberry_Pi/Pico_SDK_v1.5.1/pico-sdk/lib/tinyusb/src/common/tusb_fifo.c.obj
 .text._ff_pull_const_addr
                0x10006732       0x4c CMakeFiles/sd_fat_spi.dir/C_/Program_Files/Raspberry_Pi/Pico_SDK_v1.5.1/pico-sdk/lib/tinyusb/src/common/tusb_fifo.c.obj
 .text._ff_pull_n
                0x1000677e      0x110 CMakeFiles/sd_fat_spi.dir/C_/Program_Files/Raspberry_Pi/Pico_SDK_v1.5.1/pico-sdk/lib/tinyusb/src/common/tusb_fifo.c.obj
 .text._tu_fifo_peek_n
                0x1000688e       0x6a CMakeFiles/sd_fat_spi.dir/C_/Program_Files/Raspberry_Pi/Pico_SDK_v1.5.1/pico-sdk/lib/tinyusb/src/common/tusb_fifo.c.obj
 .text._tu_fifo_read_n
                0x100068f8       0x4e CMakeFiles/sd_fat_spi.dir/C_/Program_Files/Raspberry_Pi/Pico_SDK_v1.5.1/pico-sdk/lib/tinyusb/src/common/tusb_fifo.c.obj
 .text._ff_push_const_addr
                0x10006946       0x40 CMakeFiles/sd_fat_spi.dir/C_/Program_Files/Raspberry_Pi/Pico_SDK_v1.5.1/pico-sdk/lib/tinyusb/src/common/tusb_fifo.c.obj
 .text._ff_push_n
                0x10006986      0x10c CMakeFiles/sd_fat_spi.dir/C_/Program_Files/Raspberry_Pi/Pico_SDK_v1.5.1/pico-sdk/lib/tinyusb/src/common/tusb_fifo.c.obj
 .text._tu_fifo_write_n
                0x10006a92       0xf0 CMakeFiles/sd_fat_spi.dir/C_/Program_Files/Raspberry_Pi/Pico_SDK_v1.5.1/pico-sdk/lib/tinyusb/src/common/tusb_fifo.c.obj
 .text.tu_fifo_config
                0x10006b82       0x7c CMakeFiles/sd_fat_spi.dir/C_/Program_Files/Raspberry_Pi/Pico_SDK_v1.5.1/pico-sdk/lib/tinyusb/src/common/tusb_fifo.c.obj
                0x10006b82                tu_fifo_config
 .text.tu_fifo_count
                0x10006bfe       0x2a CMakeFiles/sd_fat_spi.dir/C_/Program_Files/Raspberry_Pi/Pico_SDK_v1.5.1/pico-sdk/lib/tinyusb/src/common/tusb_fifo.c.obj
                0x10006bfe                tu_fifo_count
 .text.tu_fifo_empty
                0x10006c28       0x10 CMakeFiles/sd_fat_spi.dir/C_/Program_Files/Raspberry_Pi/Pico_SDK_v1.5.1/pico-sdk/lib/tinyusb/src/common/tusb_fifo.c.obj
                0x10006c28                tu_fifo_empty
 .text.tu_fifo_full
                0x10006c38       0x28 CMakeFiles/sd_fat_spi.dir/C_/Program_Files/Raspberry_Pi/Pico_SDK_v1.5.1/pico-sdk/lib/tinyusb/src/common/tusb_fifo.c.obj
                0x10006c38                tu_fifo_full
 .text.tu_fifo_remaining
                0x10006c60       0x2c CMakeFiles/sd_fat_spi.dir/C_/Program_Files/Raspberry_Pi/Pico_SDK_v1.5.1/pico-sdk/lib/tinyusb/src/common/tusb_fifo.c.obj
                0x10006c60                tu_fifo_remaining
 .text.tu_fifo_read
                0x10006c8c       0x42 CMakeFiles/sd_fat_spi.dir/C_/Program_Files/Raspberry_Pi/Pico_SDK_v1.5.1/pico-sdk/lib/tinyusb/src/common/tusb_fifo.c.obj
                0x10006c8c                tu_fifo_read
 .text.tu_fifo_read_n
                0x10006cce        0xa CMakeFiles/sd_fat_spi.dir/C_/Program_Files/Raspberry_Pi/Pico_SDK_v1.5.1/pico-sdk/lib/tinyusb/src/common/tusb_fifo.c.obj
                0x10006cce                tu_fifo_read_n
 .text.tu_fifo_write
                0x10006cd8       0x64 CMakeFiles/sd_fat_spi.dir/C_/Program_Files/Raspberry_Pi/Pico_SDK_v1.5.1/pico-sdk/lib/tinyusb/src/common/tusb_fifo.c.obj
                0x10006cd8                tu_fifo_write
 .text.tu_fifo_write_n
                0x10006d3c        0xa CMakeFiles/sd_fat_spi.dir/C_/Program_Files/Raspberry_Pi/Pico_SDK_v1.5.1/pico-sdk/lib/tinyusb/src/common/tusb_fifo.c.obj
                0x10006d3c                tu_fifo_write_n
 .text.tu_fifo_clear
                0x10006d46       0x3e CMakeFiles/sd_fat_spi.dir/C_/Program_Files/Raspberry_Pi/Pico_SDK_v1.5.1/pico-sdk/lib/tinyusb/src/common/tusb_fifo.c.obj
                0x10006d46                tu_fifo_clear
 .text.tu_fifo_set_overwritable
                0x10006d84       0x46 CMakeFiles/sd_fat_spi.dir/C_/Program_Files/Raspberry_Pi/Pico_SDK_v1.5.1/pico-sdk/lib/tinyusb/src/common/tusb_fifo.c.obj
                0x10006d84                tu_fifo_set_overwritable
 .text.ff_memalloc
                0x10006dca        0x8 CMakeFiles/sd_fat_spi.dir/no-OS-FatFS-SD-SPI-RPi-Pico/FatFs_SPI/ff15/source/ffsystem.c.obj
                0x10006dca                ff_memalloc
 .text.ff_memfree
                0x10006dd2        0x8 CMakeFiles/sd_fat_spi.dir/no-OS-FatFS-SD-SPI-RPi-Pico/FatFs_SPI/ff15/source/ffsystem.c.obj
                0x10006dd2                ff_memfree
 *fill*         0x10006dda        0x2 
 .text.ff_uni2oem
                0x10006ddc       0x44 CMakeFiles/sd_fat_spi.dir/no-OS-FatFS-SD-SPI-RPi-Pico/FatFs_SPI/ff15/source/ffunicode.c.obj
                0x10006ddc                ff_uni2oem
 .text.ff_wtoupper
                0x10006e20       0xa8 CMakeFiles/sd_fat_spi.dir/no-OS-FatFS-SD-SPI-RPi-Pico/FatFs_SPI/ff15/source/ffunicode.c.obj
                0x10006e20                ff_wtoupper
 .text.ld_word  0x10006ec8        0xa CMakeFiles/sd_fat_spi.dir/no-OS-FatFS-SD-SPI-RPi-Pico/FatFs_SPI/ff15/source/ff.c.obj
 .text.ld_dword
                0x10006ed2       0x18 CMakeFiles/sd_fat_spi.dir/no-OS-FatFS-SD-SPI-RPi-Pico/FatFs_SPI/ff15/source/ff.c.obj
 .text.ld_qword
                0x10006eea       0x42 CMakeFiles/sd_fat_spi.dir/no-OS-FatFS-SD-SPI-RPi-Pico/FatFs_SPI/ff15/source/ff.c.obj
 .text.st_word  0x10006f2c        0x8 CMakeFiles/sd_fat_spi.dir/no-OS-FatFS-SD-SPI-RPi-Pico/FatFs_SPI/ff15/source/ff.c.obj
 .text.st_dword
                0x10006f34       0x10 CMakeFiles/sd_fat_spi.dir/no-OS-FatFS-SD-SPI-RPi-Pico/FatFs_SPI/ff15/source/ff.c.obj
 .text.st_qword
                0x10006f44       0x1e CMakeFiles/sd_fat_spi.dir/no-OS-FatFS-SD-SPI-RPi-Pico/FatFs_SPI/ff15/source/ff.c.obj
 .text.dbc_1st  0x10006f62        0x4 CMakeFiles/sd_fat_spi.dir/no-OS-FatFS-SD-SPI-RPi-Pico/FatFs_SPI/ff15/source/ff.c.obj
 *fill*         0x10006f66        0x2 
 .text.tchar2uni
                0x10006f68       0xd0 CMakeFiles/sd_fat_spi.dir/no-OS-FatFS-SD-SPI-RPi-Pico/FatFs_SPI/ff15/source/ff.c.obj
 .text.chk_share
                0x10007038       0x78 CMakeFiles/sd_fat_spi.dir/no-OS-FatFS-SD-SPI-RPi-Pico/FatFs_SPI/ff15/source/ff.c.obj
 .text.enq_share
                0x100070b0       0x20 CMakeFiles/sd_fat_spi.dir/no-OS-FatFS-SD-SPI-RPi-Pico/FatFs_SPI/ff15/source/ff.c.obj
 .text.inc_share
                0x100070d0       0xa8 CMakeFiles/sd_fat_spi.dir/no-OS-FatFS-SD-SPI-RPi-Pico/FatFs_SPI/ff15/source/ff.c.obj
 .text.dec_share
                0x10007178       0x44 CMakeFiles/sd_fat_spi.dir/no-OS-FatFS-SD-SPI-RPi-Pico/FatFs_SPI/ff15/source/ff.c.obj
 .text.clear_share
                0x100071bc       0x24 CMakeFiles/sd_fat_spi.dir/no-OS-FatFS-SD-SPI-RPi-Pico/FatFs_SPI/ff15/source/ff.c.obj
 .text.clst2sect
                0x100071e0       0x28 CMakeFiles/sd_fat_spi.dir/no-OS-FatFS-SD-SPI-RPi-Pico/FatFs_SPI/ff15/source/ff.c.obj
 .text.clmt_clust
                0x10007208       0x30 CMakeFiles/sd_fat_spi.dir/no-OS-FatFS-SD-SPI-RPi-Pico/FatFs_SPI/ff15/source/ff.c.obj
 .text.ld_clust
                0x10007238       0x26 CMakeFiles/sd_fat_spi.dir/no-OS-FatFS-SD-SPI-RPi-Pico/FatFs_SPI/ff15/source/ff.c.obj
 .text.st_clust
                0x1000725e       0x26 CMakeFiles/sd_fat_spi.dir/no-OS-FatFS-SD-SPI-RPi-Pico/FatFs_SPI/ff15/source/ff.c.obj
 .text.pick_lfn
                0x10007284       0x94 CMakeFiles/sd_fat_spi.dir/no-OS-FatFS-SD-SPI-RPi-Pico/FatFs_SPI/ff15/source/ff.c.obj
 .text.put_lfn  0x10007318       0x8c CMakeFiles/sd_fat_spi.dir/no-OS-FatFS-SD-SPI-RPi-Pico/FatFs_SPI/ff15/source/ff.c.obj
 .text.sum_sfn  0x100073a4       0x20 CMakeFiles/sd_fat_spi.dir/no-OS-FatFS-SD-SPI-RPi-Pico/FatFs_SPI/ff15/source/ff.c.obj
 .text.xdir_sum
                0x100073c4       0x2e CMakeFiles/sd_fat_spi.dir/no-OS-FatFS-SD-SPI-RPi-Pico/FatFs_SPI/ff15/source/ff.c.obj
 .text.init_alloc_info
                0x100073f2       0x2e CMakeFiles/sd_fat_spi.dir/no-OS-FatFS-SD-SPI-RPi-Pico/FatFs_SPI/ff15/source/ff.c.obj
 .text.get_ldnumber
                0x10007420       0x5c CMakeFiles/sd_fat_spi.dir/no-OS-FatFS-SD-SPI-RPi-Pico/FatFs_SPI/ff15/source/ff.c.obj
 .text.crc32    0x1000747c       0x2c CMakeFiles/sd_fat_spi.dir/no-OS-FatFS-SD-SPI-RPi-Pico/FatFs_SPI/ff15/source/ff.c.obj
 .text.ilog10   0x100074a8       0xb0 CMakeFiles/sd_fat_spi.dir/no-OS-FatFS-SD-SPI-RPi-Pico/FatFs_SPI/ff15/source/ff.c.obj
 .text.i10x     0x10007558       0x54 CMakeFiles/sd_fat_spi.dir/no-OS-FatFS-SD-SPI-RPi-Pico/FatFs_SPI/ff15/source/ff.c.obj
 .text.ftoa     0x100075ac      0x294 CMakeFiles/sd_fat_spi.dir/no-OS-FatFS-SD-SPI-RPi-Pico/FatFs_SPI/ff15/source/ff.c.obj
 .text.validate
                0x10007840       0x52 CMakeFiles/sd_fat_spi.dir/no-OS-FatFS-SD-SPI-RPi-Pico/FatFs_SPI/ff15/source/ff.c.obj
 *fill*         0x10007892        0x2 
 .text.test_gpt_header
                0x10007894       0x7c CMakeFiles/sd_fat_spi.dir/no-OS-FatFS-SD-SPI-RPi-Pico/FatFs_SPI/ff15/source/ff.c.obj
 .text.sync_window
                0x10007910       0x70 CMakeFiles/sd_fat_spi.dir/no-OS-FatFS-SD-SPI-RPi-Pico/FatFs_SPI/ff15/source/ff.c.obj
 .text.move_window
                0x10007980       0x4c CMakeFiles/sd_fat_spi.dir/no-OS-FatFS-SD-SPI-RPi-Pico/FatFs_SPI/ff15/source/ff.c.obj
 .text.check_fs
                0x100079cc      0x100 CMakeFiles/sd_fat_spi.dir/no-OS-FatFS-SD-SPI-RPi-Pico/FatFs_SPI/ff15/source/ff.c.obj
 .text.find_volume
                0x10007acc      0x14c CMakeFiles/sd_fat_spi.dir/no-OS-FatFS-SD-SPI-RPi-Pico/FatFs_SPI/ff15/source/ff.c.obj
 .text.mount_volume
                0x10007c18      0x540 CMakeFiles/sd_fat_spi.dir/no-OS-FatFS-SD-SPI-RPi-Pico/FatFs_SPI/ff15/source/ff.c.obj
 .text.find_bitmap
                0x10008158       0xa6 CMakeFiles/sd_fat_spi.dir/no-OS-FatFS-SD-SPI-RPi-Pico/FatFs_SPI/ff15/source/ff.c.obj
 .text.change_bitmap
                0x100081fe       0x96 CMakeFiles/sd_fat_spi.dir/no-OS-FatFS-SD-SPI-RPi-Pico/FatFs_SPI/ff15/source/ff.c.obj
 .text.put_fat  0x10008294      0x176 CMakeFiles/sd_fat_spi.dir/no-OS-FatFS-SD-SPI-RPi-Pico/FatFs_SPI/ff15/source/ff.c.obj
 .text.fill_last_frag
                0x1000840a       0x32 CMakeFiles/sd_fat_spi.dir/no-OS-FatFS-SD-SPI-RPi-Pico/FatFs_SPI/ff15/source/ff.c.obj
 .text.fill_first_frag
                0x1000843c       0x32 CMakeFiles/sd_fat_spi.dir/no-OS-FatFS-SD-SPI-RPi-Pico/FatFs_SPI/ff15/source/ff.c.obj
 *fill*         0x1000846e        0x2 
 .text.get_fat  0x10008470      0x1ac CMakeFiles/sd_fat_spi.dir/no-OS-FatFS-SD-SPI-RPi-Pico/FatFs_SPI/ff15/source/ff.c.obj
 .text.create_chain
                0x1000861c      0x1c6 CMakeFiles/sd_fat_spi.dir/no-OS-FatFS-SD-SPI-RPi-Pico/FatFs_SPI/ff15/source/ff.c.obj
 .text.dir_sdi  0x100087e2       0xd4 CMakeFiles/sd_fat_spi.dir/no-OS-FatFS-SD-SPI-RPi-Pico/FatFs_SPI/ff15/source/ff.c.obj
 .text.remove_chain
                0x100088b6      0x14c CMakeFiles/sd_fat_spi.dir/no-OS-FatFS-SD-SPI-RPi-Pico/FatFs_SPI/ff15/source/ff.c.obj
 .text.putc_init
                0x10008a02       0x12 CMakeFiles/sd_fat_spi.dir/no-OS-FatFS-SD-SPI-RPi-Pico/FatFs_SPI/ff15/source/ff.c.obj
 .text.dir_clear
                0x10008a14       0xf0 CMakeFiles/sd_fat_spi.dir/no-OS-FatFS-SD-SPI-RPi-Pico/FatFs_SPI/ff15/source/ff.c.obj
 .text.dir_next
                0x10008b04      0x104 CMakeFiles/sd_fat_spi.dir/no-OS-FatFS-SD-SPI-RPi-Pico/FatFs_SPI/ff15/source/ff.c.obj
 .text.dir_alloc
                0x10008c08       0x70 CMakeFiles/sd_fat_spi.dir/no-OS-FatFS-SD-SPI-RPi-Pico/FatFs_SPI/ff15/source/ff.c.obj
 .text.load_xdir
                0x10008c78      0x10c CMakeFiles/sd_fat_spi.dir/no-OS-FatFS-SD-SPI-RPi-Pico/FatFs_SPI/ff15/source/ff.c.obj
 .text.load_obj_xdir
                0x10008d84       0x36 CMakeFiles/sd_fat_spi.dir/no-OS-FatFS-SD-SPI-RPi-Pico/FatFs_SPI/ff15/source/ff.c.obj
 .text.dir_read
                0x10008dba      0x114 CMakeFiles/sd_fat_spi.dir/no-OS-FatFS-SD-SPI-RPi-Pico/FatFs_SPI/ff15/source/ff.c.obj
 *fill*         0x10008ece        0x2 
 .text.gen_numname
                0x10008ed0       0xac CMakeFiles/sd_fat_spi.dir/no-OS-FatFS-SD-SPI-RPi-Pico/FatFs_SPI/ff15/source/ff.c.obj
 .text.store_xdir
                0x10008f7c       0x66 CMakeFiles/sd_fat_spi.dir/no-OS-FatFS-SD-SPI-RPi-Pico/FatFs_SPI/ff15/source/ff.c.obj
 *fill*         0x10008fe2        0x2 
 .text.create_name
                0x10008fe4      0x324 CMakeFiles/sd_fat_spi.dir/no-OS-FatFS-SD-SPI-RPi-Pico/FatFs_SPI/ff15/source/ff.c.obj
 .text.xname_sum
                0x10009308       0x38 CMakeFiles/sd_fat_spi.dir/no-OS-FatFS-SD-SPI-RPi-Pico/FatFs_SPI/ff15/source/ff.c.obj
 .text.create_xdir
                0x10009340       0x90 CMakeFiles/sd_fat_spi.dir/no-OS-FatFS-SD-SPI-RPi-Pico/FatFs_SPI/ff15/source/ff.c.obj
 .text.cmp_lfn  0x100093d0       0xb0 CMakeFiles/sd_fat_spi.dir/no-OS-FatFS-SD-SPI-RPi-Pico/FatFs_SPI/ff15/source/ff.c.obj
 .text.dir_find
                0x10009480      0x18c CMakeFiles/sd_fat_spi.dir/no-OS-FatFS-SD-SPI-RPi-Pico/FatFs_SPI/ff15/source/ff.c.obj
 .text.follow_path
                0x1000960c      0x11a CMakeFiles/sd_fat_spi.dir/no-OS-FatFS-SD-SPI-RPi-Pico/FatFs_SPI/ff15/source/ff.c.obj
 .text.dir_register
                0x10009726      0x202 CMakeFiles/sd_fat_spi.dir/no-OS-FatFS-SD-SPI-RPi-Pico/FatFs_SPI/ff15/source/ff.c.obj
 .text.sync_fs  0x10009928       0xa8 CMakeFiles/sd_fat_spi.dir/no-OS-FatFS-SD-SPI-RPi-Pico/FatFs_SPI/ff15/source/ff.c.obj
 .text.f_mount  0x100099d0       0x60 CMakeFiles/sd_fat_spi.dir/no-OS-FatFS-SD-SPI-RPi-Pico/FatFs_SPI/ff15/source/ff.c.obj
                0x100099d0                f_mount
 .text.f_open   0x10009a30      0x366 CMakeFiles/sd_fat_spi.dir/no-OS-FatFS-SD-SPI-RPi-Pico/FatFs_SPI/ff15/source/ff.c.obj
                0x10009a30                f_open
 .text.f_read   0x10009d96      0x250 CMakeFiles/sd_fat_spi.dir/no-OS-FatFS-SD-SPI-RPi-Pico/FatFs_SPI/ff15/source/ff.c.obj
                0x10009d96                f_read
 .text.f_write  0x10009fe6      0x2a0 CMakeFiles/sd_fat_spi.dir/no-OS-FatFS-SD-SPI-RPi-Pico/FatFs_SPI/ff15/source/ff.c.obj
                0x10009fe6                f_write
 .text.putc_bfd
                0x1000a286      0x18e CMakeFiles/sd_fat_spi.dir/no-OS-FatFS-SD-SPI-RPi-Pico/FatFs_SPI/ff15/source/ff.c.obj
 .text.putc_flush
                0x1000a414       0x3c CMakeFiles/sd_fat_spi.dir/no-OS-FatFS-SD-SPI-RPi-Pico/FatFs_SPI/ff15/source/ff.c.obj
 .text.f_sync   0x1000a450      0x17e CMakeFiles/sd_fat_spi.dir/no-OS-FatFS-SD-SPI-RPi-Pico/FatFs_SPI/ff15/source/ff.c.obj
                0x1000a450                f_sync
 .text.f_close  0x1000a5ce       0x2e CMakeFiles/sd_fat_spi.dir/no-OS-FatFS-SD-SPI-RPi-Pico/FatFs_SPI/ff15/source/ff.c.obj
                0x1000a5ce                f_close
 .text.f_gets   0x1000a5fc      0x17c CMakeFiles/sd_fat_spi.dir/no-OS-FatFS-SD-SPI-RPi-Pico/FatFs_SPI/ff15/source/ff.c.obj
                0x1000a5fc                f_gets
 .text.f_printf
                0x1000a778      0x450 CMakeFiles/sd_fat_spi.dir/no-OS-FatFS-SD-SPI-RPi-Pico/FatFs_SPI/ff15/source/ff.c.obj
                0x1000a778                f_printf
 .text.sd_spi_deselect
                0x1000abc8       0x26 CMakeFiles/sd_fat_spi.dir/no-OS-FatFS-SD-SPI-RPi-Pico/FatFs_SPI/sd_driver/sd_spi.c.obj
 .text.sd_spi_select
                0x1000abee       0x26 CMakeFiles/sd_fat_spi.dir/no-OS-FatFS-SD-SPI-RPi-Pico/FatFs_SPI/sd_driver/sd_spi.c.obj
 .text.sd_spi_lock
                0x1000ac14        0xa CMakeFiles/sd_fat_spi.dir/no-OS-FatFS-SD-SPI-RPi-Pico/FatFs_SPI/sd_driver/sd_spi.c.obj
 .text.sd_spi_unlock
                0x1000ac1e        0xa CMakeFiles/sd_fat_spi.dir/no-OS-FatFS-SD-SPI-RPi-Pico/FatFs_SPI/sd_driver/sd_spi.c.obj
 .text.sd_spi_go_high_frequency
                0x1000ac28        0xe CMakeFiles/sd_fat_spi.dir/no-OS-FatFS-SD-SPI-RPi-Pico/FatFs_SPI/sd_driver/sd_spi.c.obj
                0x1000ac28                sd_spi_go_high_frequency
 *fill*         0x1000ac36        0x2 
 .text.sd_spi_go_low_frequency
                0x1000ac38       0x14 CMakeFiles/sd_fat_spi.dir/no-OS-FatFS-SD-SPI-RPi-Pico/FatFs_SPI/sd_driver/sd_spi.c.obj
                0x1000ac38                sd_spi_go_low_frequency
 .text.sd_spi_deselect_pulse
                0x1000ac4c       0x10 CMakeFiles/sd_fat_spi.dir/no-OS-FatFS-SD-SPI-RPi-Pico/FatFs_SPI/sd_driver/sd_spi.c.obj
                0x1000ac4c                sd_spi_deselect_pulse
 .text.sd_spi_acquire
                0x1000ac5c       0x10 CMakeFiles/sd_fat_spi.dir/no-OS-FatFS-SD-SPI-RPi-Pico/FatFs_SPI/sd_driver/sd_spi.c.obj
                0x1000ac5c                sd_spi_acquire
 .text.sd_spi_release
                0x1000ac6c       0x10 CMakeFiles/sd_fat_spi.dir/no-OS-FatFS-SD-SPI-RPi-Pico/FatFs_SPI/sd_driver/sd_spi.c.obj
                0x1000ac6c                sd_spi_release
 .text.sd_spi_transfer
                0x1000ac7c        0xa CMakeFiles/sd_fat_spi.dir/no-OS-FatFS-SD-SPI-RPi-Pico/FatFs_SPI/sd_driver/sd_spi.c.obj
                0x1000ac7c                sd_spi_transfer
 *fill*         0x1000ac86        0x2 
 .text.sd_spi_write
                0x1000ac88       0x44 CMakeFiles/sd_fat_spi.dir/no-OS-FatFS-SD-SPI-RPi-Pico/FatFs_SPI/sd_driver/sd_spi.c.obj
                0x1000ac88                sd_spi_write
 .text.sd_spi_send_initializing_sequence
                0x1000accc       0xc0 CMakeFiles/sd_fat_spi.dir/no-OS-FatFS-SD-SPI-RPi-Pico/FatFs_SPI/sd_driver/sd_spi.c.obj
                0x1000accc                sd_spi_send_initializing_sequence
 .text.in_spi_irq_handler
                0x1000ad8c       0x90 CMakeFiles/sd_fat_spi.dir/no-OS-FatFS-SD-SPI-RPi-Pico/FatFs_SPI/sd_driver/spi.c.obj
 .text.spi_lock
                0x1000ae1c       0x28 CMakeFiles/sd_fat_spi.dir/no-OS-FatFS-SD-SPI-RPi-Pico/FatFs_SPI/sd_driver/spi.c.obj
                0x1000ae1c                spi_lock
 .text.spi_unlock
                0x1000ae44       0x28 CMakeFiles/sd_fat_spi.dir/no-OS-FatFS-SD-SPI-RPi-Pico/FatFs_SPI/sd_driver/spi.c.obj
                0x1000ae44                spi_unlock
 .text.my_spi_init
                0x1000ae6c      0x2b4 CMakeFiles/sd_fat_spi.dir/no-OS-FatFS-SD-SPI-RPi-Pico/FatFs_SPI/sd_driver/spi.c.obj
                0x1000ae6c                my_spi_init
 .text.ext_bits
                0x1000b120       0x30 CMakeFiles/sd_fat_spi.dir/no-OS-FatFS-SD-SPI-RPi-Pico/FatFs_SPI/sd_driver/sd_card.c.obj
 .text.sd_ctor  0x1000b150       0x30 CMakeFiles/sd_fat_spi.dir/no-OS-FatFS-SD-SPI-RPi-Pico/FatFs_SPI/sd_driver/sd_card.c.obj
 .text.sd_lock  0x1000b180       0x30 CMakeFiles/sd_fat_spi.dir/no-OS-FatFS-SD-SPI-RPi-Pico/FatFs_SPI/sd_driver/sd_card.c.obj
 .text.sd_acquire
                0x1000b1b0       0x10 CMakeFiles/sd_fat_spi.dir/no-OS-FatFS-SD-SPI-RPi-Pico/FatFs_SPI/sd_driver/sd_card.c.obj
 .text.sd_cmd_spi
                0x1000b1c0       0x74 CMakeFiles/sd_fat_spi.dir/no-OS-FatFS-SD-SPI-RPi-Pico/FatFs_SPI/sd_driver/sd_card.c.obj
 .text.sd_unlock
                0x1000b234       0x30 CMakeFiles/sd_fat_spi.dir/no-OS-FatFS-SD-SPI-RPi-Pico/FatFs_SPI/sd_driver/sd_card.c.obj
 .text.sd_release
                0x1000b264       0x10 CMakeFiles/sd_fat_spi.dir/no-OS-FatFS-SD-SPI-RPi-Pico/FatFs_SPI/sd_driver/sd_card.c.obj
 .text.sd_wait_token
                0x1000b274       0x9c CMakeFiles/sd_fat_spi.dir/no-OS-FatFS-SD-SPI-RPi-Pico/FatFs_SPI/sd_driver/sd_card.c.obj
 .text.sd_read_bytes
                0x1000b310       0x90 CMakeFiles/sd_fat_spi.dir/no-OS-FatFS-SD-SPI-RPi-Pico/FatFs_SPI/sd_driver/sd_card.c.obj
 .text.sd_read_block
                0x1000b3a0       0x8c CMakeFiles/sd_fat_spi.dir/no-OS-FatFS-SD-SPI-RPi-Pico/FatFs_SPI/sd_driver/sd_card.c.obj
 .text.sd_wait_ready
                0x1000b42c       0xb8 CMakeFiles/sd_fat_spi.dir/no-OS-FatFS-SD-SPI-RPi-Pico/FatFs_SPI/sd_driver/sd_card.c.obj
 .text.sd_cmd   0x1000b4e4      0x2f4 CMakeFiles/sd_fat_spi.dir/no-OS-FatFS-SD-SPI-RPi-Pico/FatFs_SPI/sd_driver/sd_card.c.obj
 .text.sd_cmd8  0x1000b7d8       0x50 CMakeFiles/sd_fat_spi.dir/no-OS-FatFS-SD-SPI-RPi-Pico/FatFs_SPI/sd_driver/sd_card.c.obj
 .text.sd_sectors_nolock
                0x1000b828      0x148 CMakeFiles/sd_fat_spi.dir/no-OS-FatFS-SD-SPI-RPi-Pico/FatFs_SPI/sd_driver/sd_card.c.obj
 .text.in_sd_read_blocks
                0x1000b970       0xbc CMakeFiles/sd_fat_spi.dir/no-OS-FatFS-SD-SPI-RPi-Pico/FatFs_SPI/sd_driver/sd_card.c.obj
 .text.sd_read_blocks
                0x1000ba2c       0x2e CMakeFiles/sd_fat_spi.dir/no-OS-FatFS-SD-SPI-RPi-Pico/FatFs_SPI/sd_driver/sd_card.c.obj
                0x1000ba2c                sd_read_blocks
 *fill*         0x1000ba5a        0x2 
 .text.sd_go_idle_state
                0x1000ba5c       0x44 CMakeFiles/sd_fat_spi.dir/no-OS-FatFS-SD-SPI-RPi-Pico/FatFs_SPI/sd_driver/sd_card.c.obj
 .text.sd_init_medium
                0x1000baa0      0x188 CMakeFiles/sd_fat_spi.dir/no-OS-FatFS-SD-SPI-RPi-Pico/FatFs_SPI/sd_driver/sd_card.c.obj
 .text.sd_write_block
                0x1000bc28       0x8c CMakeFiles/sd_fat_spi.dir/no-OS-FatFS-SD-SPI-RPi-Pico/FatFs_SPI/sd_driver/sd_card.c.obj
 .text.in_sd_write_blocks
                0x1000bcb4       0xf8 CMakeFiles/sd_fat_spi.dir/no-OS-FatFS-SD-SPI-RPi-Pico/FatFs_SPI/sd_driver/sd_card.c.obj
 .text.sd_write_blocks
                0x1000bdac       0x2e CMakeFiles/sd_fat_spi.dir/no-OS-FatFS-SD-SPI-RPi-Pico/FatFs_SPI/sd_driver/sd_card.c.obj
                0x1000bdac                sd_write_blocks
 .text.sd_test_com
                0x1000bdda       0x9a CMakeFiles/sd_fat_spi.dir/no-OS-FatFS-SD-SPI-RPi-Pico/FatFs_SPI/sd_driver/sd_card.c.obj
 .text.sd_get_num
                0x1000be74        0x4 CMakeFiles/sd_fat_spi.dir/no-OS-FatFS-SD-SPI-RPi-Pico/FatFs_SPI/sd_driver/sd_card.c.obj
                0x1000be74                sd_get_num
 .text.sd_get_by_num
                0x1000be78       0x20 CMakeFiles/sd_fat_spi.dir/no-OS-FatFS-SD-SPI-RPi-Pico/FatFs_SPI/sd_driver/sd_card.c.obj
                0x1000be78                sd_get_by_num
 .text.spi_get_num
                0x1000be98        0x4 CMakeFiles/sd_fat_spi.dir/no-OS-FatFS-SD-SPI-RPi-Pico/FatFs_SPI/sd_driver/sd_card.c.obj
                0x1000be98                spi_get_num
 .text.spi_get_by_num
                0x1000be9c       0x20 CMakeFiles/sd_fat_spi.dir/no-OS-FatFS-SD-SPI-RPi-Pico/FatFs_SPI/sd_driver/sd_card.c.obj
                0x1000be9c                spi_get_by_num
 .text.sd_card_detect
                0x1000bebc       0x50 CMakeFiles/sd_fat_spi.dir/no-OS-FatFS-SD-SPI-RPi-Pico/FatFs_SPI/sd_driver/sd_card.c.obj
                0x1000bebc                sd_card_detect
 .text.sd_init  0x1000bf0c       0xe8 CMakeFiles/sd_fat_spi.dir/no-OS-FatFS-SD-SPI-RPi-Pico/FatFs_SPI/sd_driver/sd_card.c.obj
 .text.sd_sectors
                0x1000bff4       0x1e CMakeFiles/sd_fat_spi.dir/no-OS-FatFS-SD-SPI-RPi-Pico/FatFs_SPI/sd_driver/sd_card.c.obj
                0x1000bff4                sd_sectors
 *fill*         0x1000c012        0x2 
 .text.sd_init_driver
                0x1000c014       0xc0 CMakeFiles/sd_fat_spi.dir/no-OS-FatFS-SD-SPI-RPi-Pico/FatFs_SPI/sd_driver/sd_card.c.obj
                0x1000c014                sd_init_driver
 .text.crc7     0x1000c0d4       0x20 CMakeFiles/sd_fat_spi.dir/no-OS-FatFS-SD-SPI-RPi-Pico/FatFs_SPI/sd_driver/crc.c.obj
                0x1000c0d4                crc7
 .text.crc16    0x1000c0f4       0x28 CMakeFiles/sd_fat_spi.dir/no-OS-FatFS-SD-SPI-RPi-Pico/FatFs_SPI/sd_driver/crc.c.obj
                0x1000c0f4                crc16
 .text.sdrc2dresult
                0x1000c11c       0x60 CMakeFiles/sd_fat_spi.dir/no-OS-FatFS-SD-SPI-RPi-Pico/FatFs_SPI/src/glue.c.obj
 .text.disk_status
                0x1000c17c       0x16 CMakeFiles/sd_fat_spi.dir/no-OS-FatFS-SD-SPI-RPi-Pico/FatFs_SPI/src/glue.c.obj
                0x1000c17c                disk_status
 .text.disk_initialize
                0x1000c192       0x2a CMakeFiles/sd_fat_spi.dir/no-OS-FatFS-SD-SPI-RPi-Pico/FatFs_SPI/src/glue.c.obj
                0x1000c192                disk_initialize
 .text.disk_read
                0x1000c1bc       0x32 CMakeFiles/sd_fat_spi.dir/no-OS-FatFS-SD-SPI-RPi-Pico/FatFs_SPI/src/glue.c.obj
                0x1000c1bc                disk_read
 .text.disk_write
                0x1000c1ee       0x32 CMakeFiles/sd_fat_spi.dir/no-OS-FatFS-SD-SPI-RPi-Pico/FatFs_SPI/src/glue.c.obj
                0x1000c1ee                disk_write
 .text.disk_ioctl
                0x1000c220       0x4c CMakeFiles/sd_fat_spi.dir/no-OS-FatFS-SD-SPI-RPi-Pico/FatFs_SPI/src/glue.c.obj
                0x1000c220                disk_ioctl
 .text.my_printf
                0x1000c26c       0x4c CMakeFiles/sd_fat_spi.dir/no-OS-FatFS-SD-SPI-RPi-Pico/FatFs_SPI/src/my_debug.c.obj
                0x1000c26c                my_printf
 .text.my_assert_func
                0x1000c2b8       0x2c CMakeFiles/sd_fat_spi.dir/no-OS-FatFS-SD-SPI-RPi-Pico/FatFs_SPI/src/my_debug.c.obj
                0x1000c2b8                my_assert_func
 .text.get_fattime
                0x1000c2e4       0x6c CMakeFiles/sd_fat_spi.dir/no-OS-FatFS-SD-SPI-RPi-Pico/FatFs_SPI/src/rtc.c.obj
                0x1000c2e4                get_fattime
 .text.spi_set_baudrate
                0x1000c350       0xcc CMakeFiles/sd_fat_spi.dir/C_/Program_Files/Raspberry_Pi/Pico_SDK_v1.5.1/pico-sdk/src/rp2_common/hardware_spi/spi.c.obj
                0x1000c350                spi_set_baudrate
 .text.spi_init
                0x1000c41c       0x74 CMakeFiles/sd_fat_spi.dir/C_/Program_Files/Raspberry_Pi/Pico_SDK_v1.5.1/pico-sdk/src/rp2_common/hardware_spi/spi.c.obj
                0x1000c41c                spi_init
 .text.dma_claim_unused_channel
                0x1000c490       0x20 CMakeFiles/sd_fat_spi.dir/C_/Program_Files/Raspberry_Pi/Pico_SDK_v1.5.1/pico-sdk/src/rp2_common/hardware_dma/dma.c.obj
                0x1000c490                dma_claim_unused_channel
 .text.rtc_running
                0x1000c4b0       0x10 CMakeFiles/sd_fat_spi.dir/C_/Program_Files/Raspberry_Pi/Pico_SDK_v1.5.1/pico-sdk/src/rp2_common/hardware_rtc/rtc.c.obj
                0x1000c4b0                rtc_running
 .text.rtc_get_datetime
                0x1000c4c0       0x4c CMakeFiles/sd_fat_spi.dir/C_/Program_Files/Raspberry_Pi/Pico_SDK_v1.5.1/pico-sdk/src/rp2_common/hardware_rtc/rtc.c.obj
                0x1000c4c0                rtc_get_datetime
 .text.__sflush_r
                0x1000c50c      0x140 c:/progra~1/raspbe~1/picosd~1.1/gcc-ar~1/bin/../lib/gcc/arm-none-eabi/10.3.1/../../../../arm-none-eabi/lib/thumb/v6-m/nofp\libg.a(lib_a-fflush.o)
                0x1000c50c                __sflush_r
 .text._fflush_r
                0x1000c64c       0x6c c:/progra~1/raspbe~1/picosd~1.1/gcc-ar~1/bin/../lib/gcc/arm-none-eabi/10.3.1/../../../../arm-none-eabi/lib/thumb/v6-m/nofp\libg.a(lib_a-fflush.o)
                0x1000c64c                _fflush_r
 .text.fflush   0x1000c6b8       0x78 c:/progra~1/raspbe~1/picosd~1.1/gcc-ar~1/bin/../lib/gcc/arm-none-eabi/10.3.1/../../../../arm-none-eabi/lib/thumb/v6-m/nofp\libg.a(lib_a-fflush.o)
                0x1000c6b8                fflush
 .text._cleanup_r
                0x1000c730       0x10 c:/progra~1/raspbe~1/picosd~1.1/gcc-ar~1/bin/../lib/gcc/arm-none-eabi/10.3.1/../../../../arm-none-eabi/lib/thumb/v6-m/nofp\libg.a(lib_a-findfp.o)
                0x1000c730                _cleanup_r
 .text.__sinit  0x1000c740      0x120 c:/progra~1/raspbe~1/picosd~1.1/gcc-ar~1/bin/../lib/gcc/arm-none-eabi/10.3.1/../../../../arm-none-eabi/lib/thumb/v6-m/nofp\libg.a(lib_a-findfp.o)
                0x1000c740                __sinit
 .text.__sfp_lock_acquire
                0x1000c860       0x10 c:/progra~1/raspbe~1/picosd~1.1/gcc-ar~1/bin/../lib/gcc/arm-none-eabi/10.3.1/../../../../arm-none-eabi/lib/thumb/v6-m/nofp\libg.a(lib_a-findfp.o)
                0x1000c860                __sfp_lock_acquire
 .text.__sfp_lock_release
                0x1000c870       0x10 c:/progra~1/raspbe~1/picosd~1.1/gcc-ar~1/bin/../lib/gcc/arm-none-eabi/10.3.1/../../../../arm-none-eabi/lib/thumb/v6-m/nofp\libg.a(lib_a-findfp.o)
                0x1000c870                __sfp_lock_release
 .text._malloc_trim_r
                0x1000c880       0x9c c:/progra~1/raspbe~1/picosd~1.1/gcc-ar~1/bin/../lib/gcc/arm-none-eabi/10.3.1/../../../../arm-none-eabi/lib/thumb/v6-m/nofp\libg.a(lib_a-freer.o)
                0x1000c880                _malloc_trim_r
 .text._free_r  0x1000c91c      0x1c4 c:/progra~1/raspbe~1/picosd~1.1/gcc-ar~1/bin/../lib/gcc/arm-none-eabi/10.3.1/../../../../arm-none-eabi/lib/thumb/v6-m/nofp\libg.a(lib_a-freer.o)
                0x1000c91c                _free_r
 .text._fwalk_reent
                0x1000cae0       0x48 c:/progra~1/raspbe~1/picosd~1.1/gcc-ar~1/bin/../lib/gcc/arm-none-eabi/10.3.1/../../../../arm-none-eabi/lib/thumb/v6-m/nofp\libg.a(lib_a-fwalk.o)
                0x1000cae0                _fwalk_reent
 .text.__retarget_lock_init_recursive
                0x1000cb28        0x4 c:/progra~1/raspbe~1/picosd~1.1/gcc-ar~1/bin/../lib/gcc/arm-none-eabi/10.3.1/../../../../arm-none-eabi/lib/thumb/v6-m/nofp\libg.a(lib_a-lock.o)
                0x1000cb28                __retarget_lock_init_recursive
 .text.__retarget_lock_close_recursive
                0x1000cb2c        0x4 c:/progra~1/raspbe~1/picosd~1.1/gcc-ar~1/bin/../lib/gcc/arm-none-eabi/10.3.1/../../../../arm-none-eabi/lib/thumb/v6-m/nofp\libg.a(lib_a-lock.o)
                0x1000cb2c                __retarget_lock_close_recursive
 .text.__retarget_lock_acquire_recursive
                0x1000cb30        0x4 c:/progra~1/raspbe~1/picosd~1.1/gcc-ar~1/bin/../lib/gcc/arm-none-eabi/10.3.1/../../../../arm-none-eabi/lib/thumb/v6-m/nofp\libg.a(lib_a-lock.o)
                0x1000cb30                __retarget_lock_acquire_recursive
 .text.__retarget_lock_release_recursive
                0x1000cb34        0x4 c:/progra~1/raspbe~1/picosd~1.1/gcc-ar~1/bin/../lib/gcc/arm-none-eabi/10.3.1/../../../../arm-none-eabi/lib/thumb/v6-m/nofp\libg.a(lib_a-lock.o)
                0x1000cb34                __retarget_lock_release_recursive
 .text.malloc   0x1000cb38       0x14 c:/progra~1/raspbe~1/picosd~1.1/gcc-ar~1/bin/../lib/gcc/arm-none-eabi/10.3.1/../../../../arm-none-eabi/lib/thumb/v6-m/nofp\libg.a(lib_a-malloc.o)
                0x1000cb38                malloc
 .text.free     0x1000cb4c       0x14 c:/progra~1/raspbe~1/picosd~1.1/gcc-ar~1/bin/../lib/gcc/arm-none-eabi/10.3.1/../../../../arm-none-eabi/lib/thumb/v6-m/nofp\libg.a(lib_a-malloc.o)
                0x1000cb4c                free
 .text._malloc_r
                0x1000cb60      0x584 c:/progra~1/raspbe~1/picosd~1.1/gcc-ar~1/bin/../lib/gcc/arm-none-eabi/10.3.1/../../../../arm-none-eabi/lib/thumb/v6-m/nofp\libg.a(lib_a-mallocr.o)
                0x1000cb60                _malloc_r
 .text.memcmp   0x1000d0e4       0x48 c:/progra~1/raspbe~1/picosd~1.1/gcc-ar~1/bin/../lib/gcc/arm-none-eabi/10.3.1/../../../../arm-none-eabi/lib/thumb/v6-m/nofp\libg.a(lib_a-memcmp.o)
                0x1000d0e4                memcmp
 .text.__malloc_lock
                0x1000d12c       0x10 c:/progra~1/raspbe~1/picosd~1.1/gcc-ar~1/bin/../lib/gcc/arm-none-eabi/10.3.1/../../../../arm-none-eabi/lib/thumb/v6-m/nofp\libg.a(lib_a-mlock.o)
                0x1000d12c                __malloc_lock
 .text.__malloc_unlock
                0x1000d13c       0x10 c:/progra~1/raspbe~1/picosd~1.1/gcc-ar~1/bin/../lib/gcc/arm-none-eabi/10.3.1/../../../../arm-none-eabi/lib/thumb/v6-m/nofp\libg.a(lib_a-mlock.o)
                0x1000d13c                __malloc_unlock
 .text._sbrk_r  0x1000d14c       0x24 c:/progra~1/raspbe~1/picosd~1.1/gcc-ar~1/bin/../lib/gcc/arm-none-eabi/10.3.1/../../../../arm-none-eabi/lib/thumb/v6-m/nofp\libg.a(lib_a-sbrkr.o)
                0x1000d14c                _sbrk_r
 .text.__sread  0x1000d170       0x28 c:/progra~1/raspbe~1/picosd~1.1/gcc-ar~1/bin/../lib/gcc/arm-none-eabi/10.3.1/../../../../arm-none-eabi/lib/thumb/v6-m/nofp\libg.a(lib_a-stdio.o)
                0x1000d170                __sread
 .text.__swrite
                0x1000d198       0x40 c:/progra~1/raspbe~1/picosd~1.1/gcc-ar~1/bin/../lib/gcc/arm-none-eabi/10.3.1/../../../../arm-none-eabi/lib/thumb/v6-m/nofp\libg.a(lib_a-stdio.o)
                0x1000d198                __swrite
 .text.__sseek  0x1000d1d8       0x2c c:/progra~1/raspbe~1/picosd~1.1/gcc-ar~1/bin/../lib/gcc/arm-none-eabi/10.3.1/../../../../arm-none-eabi/lib/thumb/v6-m/nofp\libg.a(lib_a-stdio.o)
                0x1000d1d8                __sseek
 .text.__sclose
                0x1000d204        0xc c:/progra~1/raspbe~1/picosd~1.1/gcc-ar~1/bin/../lib/gcc/arm-none-eabi/10.3.1/../../../../arm-none-eabi/lib/thumb/v6-m/nofp\libg.a(lib_a-stdio.o)
                0x1000d204                __sclose
 .text.strchr   0x1000d210       0xc0 c:/progra~1/raspbe~1/picosd~1.1/gcc-ar~1/bin/../lib/gcc/arm-none-eabi/10.3.1/../../../../arm-none-eabi/lib/thumb/v6-m/nofp\libg.a(lib_a-strchr.o)
                0x1000d210                strchr
 .text.strlen   0x1000d2d0       0x5c c:/progra~1/raspbe~1/picosd~1.1/gcc-ar~1/bin/../lib/gcc/arm-none-eabi/10.3.1/../../../../arm-none-eabi/lib/thumb/v6-m/nofp\libg.a(lib_a-strlen-stub.o)