Archive member included to satisfy reference by file (symbol)

c:/progra~1/raspbe~1/picosd~1.1/gcc-ar~1/bin/../lib/gcc/arm-none-eabi/10.3.1/thumb/v6-m/nofp\libgcc.a(_dvmd_tls.o)
                              webserver/CMakeFiles/webserver.dir/C_/Program_Files/Raspberry_Pi/Pico_SDK_v1.5.1/pico-sdk/src/rp2_common/pico_divider/divider.S.obj (__aeabi_idiv0)
c:/progra~1/raspbe~1/picosd~1.1/gcc-ar~1/bin/../lib/gcc/arm-none-eabi/10.3.1/../../../../arm-none-eabi/lib/thumb/v6-m/nofp\libg.a(lib_a-atoi.o)
                              webserver/CMakeFiles/webserver.dir/C_/Program_Files/Raspberry_Pi/Pico_SDK_v1.5.1/pico-sdk/lib/lwip/src/core/netif.c.obj (atoi)
c:/progra~1/raspbe~1/picosd~1.1/gcc-ar~1/bin/../lib/gcc/arm-none-eabi/10.3.1/../../../../arm-none-eabi/lib/thumb/v6-m/nofp\libg.a(lib_a-calloc.o)
                              webserver/CMakeFiles/webserver.dir/C_/Program_Files/Raspberry_Pi/Pico_SDK_v1.5.1/pico-sdk/src/rp2_common/pico_malloc/pico_malloc.c.obj (calloc)
c:/progra~1/raspbe~1/picosd~1.1/gcc-ar~1/bin/../lib/gcc/arm-none-eabi/10.3.1/../../../../arm-none-eabi/lib/thumb/v6-m/nofp\libg.a(lib_a-callocr.o)
                              c:/progra~1/raspbe~1/picosd~1.1/gcc-ar~1/bin/../lib/gcc/arm-none-eabi/10.3.1/../../../../arm-none-eabi/lib/thumb/v6-m/nofp\libg.a(lib_a-calloc.o) (_calloc_r)
c:/progra~1/raspbe~1/picosd~1.1/gcc-ar~1/bin/../lib/gcc/arm-none-eabi/10.3.1/../../../../arm-none-eabi/lib/thumb/v6-m/nofp\libg.a(lib_a-ctype_.o)
                              webserver/CMakeFiles/webserver.dir/C_/Program_Files/Raspberry_Pi/Pico_SDK_v1.5.1/pico-sdk/lib/lwip/src/core/dns.c.obj (_ctype_)
c:/progra~1/raspbe~1/picosd~1.1/gcc-ar~1/bin/../lib/gcc/arm-none-eabi/10.3.1/../../../../arm-none-eabi/lib/thumb/v6-m/nofp\libg.a(lib_a-errno.o)
                              c:/progra~1/raspbe~1/picosd~1.1/gcc-ar~1/bin/../lib/gcc/arm-none-eabi/10.3.1/../../../../arm-none-eabi/lib/thumb/v6-m/nofp\libg.a(lib_a-callocr.o) (__errno)
c:/progra~1/raspbe~1/picosd~1.1/gcc-ar~1/bin/../lib/gcc/arm-none-eabi/10.3.1/../../../../arm-none-eabi/lib/thumb/v6-m/nofp\libg.a(lib_a-impure.o)
                              c:/progra~1/raspbe~1/picosd~1.1/gcc-ar~1/bin/../lib/gcc/arm-none-eabi/10.3.1/../../../../arm-none-eabi/lib/thumb/v6-m/nofp\libg.a(lib_a-calloc.o) (_impure_ptr)
c:/progra~1/raspbe~1/picosd~1.1/gcc-ar~1/bin/../lib/gcc/arm-none-eabi/10.3.1/../../../../arm-none-eabi/lib/thumb/v6-m/nofp\libg.a(lib_a-init.o)
                              c:/progra~1/raspbe~1/picosd~1.1/gcc-ar~1/bin/../lib/gcc/arm-none-eabi/10.3.1/../../../../arm-none-eabi/lib/thumb/v6-m/nofp/crt0.o (__libc_init_array)
c:/progra~1/raspbe~1/picosd~1.1/gcc-ar~1/bin/../lib/gcc/arm-none-eabi/10.3.1/../../../../arm-none-eabi/lib/thumb/v6-m/nofp\libg.a(lib_a-malloc.o)
                              webserver/CMakeFiles/webserver.dir/C_/Program_Files/Raspberry_Pi/Pico_SDK_v1.5.1/pico-sdk/src/rp2_common/pico_malloc/pico_malloc.c.obj (malloc)
c:/progra~1/raspbe~1/picosd~1.1/gcc-ar~1/bin/../lib/gcc/arm-none-eabi/10.3.1/../../../../arm-none-eabi/lib/thumb/v6-m/nofp\libg.a(lib_a-mallocr.o)
                              c:/progra~1/raspbe~1/picosd~1.1/gcc-ar~1/bin/../lib/gcc/arm-none-eabi/10.3.1/../../../../arm-none-eabi/lib/thumb/v6-m/nofp\libg.a(lib_a-callocr.o) (_malloc_r)
c:/progra~1/raspbe~1/picosd~1.1/gcc-ar~1/bin/../lib/gcc/arm-none-eabi/10.3.1/../../../../arm-none-eabi/lib/thumb/v6-m/nofp\libg.a(lib_a-memcmp.o)
                              webserver/CMakeFiles/webserver.dir/C_/Program_Files/Raspberry_Pi/Pico_SDK_v1.5.1/pico-sdk/lib/lwip/src/netif/ethernet.c.obj (memcmp)
c:/progra~1/raspbe~1/picosd~1.1/gcc-ar~1/bin/../lib/gcc/arm-none-eabi/10.3.1/../../../../arm-none-eabi/lib/thumb/v6-m/nofp\libg.a(lib_a-memmove.o)
                              webserver/CMakeFiles/webserver.dir/C_/Program_Files/Raspberry_Pi/Pico_SDK_v1.5.1/pico-sdk/lib/lwip/src/core/def.c.obj (memmove)
c:/progra~1/raspbe~1/picosd~1.1/gcc-ar~1/bin/../lib/gcc/arm-none-eabi/10.3.1/../../../../arm-none-eabi/lib/thumb/v6-m/nofp\libg.a(lib_a-mlock.o)
                              c:/progra~1/raspbe~1/picosd~1.1/gcc-ar~1/bin/../lib/gcc/arm-none-eabi/10.3.1/../../../../arm-none-eabi/lib/thumb/v6-m/nofp\libg.a(lib_a-mallocr.o) (__malloc_lock)
c:/progra~1/raspbe~1/picosd~1.1/gcc-ar~1/bin/../lib/gcc/arm-none-eabi/10.3.1/../../../../arm-none-eabi/lib/thumb/v6-m/nofp\libg.a(lib_a-realloc.o)
                              webserver/CMakeFiles/webserver.dir/C_/Program_Files/Raspberry_Pi/Pico_SDK_v1.5.1/pico-sdk/src/rp2_common/pico_malloc/pico_malloc.c.obj (realloc)
c:/progra~1/raspbe~1/picosd~1.1/gcc-ar~1/bin/../lib/gcc/arm-none-eabi/10.3.1/../../../../arm-none-eabi/lib/thumb/v6-m/nofp\libg.a(lib_a-reallocr.o)
                              c:/progra~1/raspbe~1/picosd~1.1/gcc-ar~1/bin/../lib/gcc/arm-none-eabi/10.3.1/../../../../arm-none-eabi/lib/thumb/v6-m/nofp\libg.a(lib_a-realloc.o) (_realloc_r)
[...]
Memory Configuration

Name             Origin             Length             Attributes
FLASH            0x10000000         0x00200000         xr
RAM              0x20000000         0x00040000         xrw
SCRATCH_X        0x20040000         0x00001000         xrw
SCRATCH_Y        0x20041000         0x00001000         xrw
*default*        0x00000000         0xffffffff

Linker script and memory map

LOAD c:/progra~1/raspbe~1/picosd~1.1/gcc-ar~1/bin/../lib/gcc/arm-none-eabi/10.3.1/thumb/v6-m/nofp/crti.o
LOAD c:/progra~1/raspbe~1/picosd~1.1/gcc-ar~1/bin/../lib/gcc/arm-none-eabi/10.3.1/thumb/v6-m/nofp/crtbegin.o
LOAD c:/progra~1/raspbe~1/picosd~1.1/gcc-ar~1/bin/../lib/gcc/arm-none-eabi/10.3.1/../../../../arm-none-eabi/lib/thumb/v6-m/nofp/crt0.o

.flash_begin    0x10000000        0x0
                0x10000000                __flash_binary_start = .

.boot2          0x10000000      0x100
                0x10000000                __boot2_start__ = .
 *(.boot2)
 .boot2         0x10000000      0x100 C:\Users\gohyu\AppData\Local\Temp\ccoff57q.o
                0x10000100                __boot2_end__ = .
                0x00000001                ASSERT (((__boot2_end__ - __boot2_start__) == 0x100), ERROR: Pico second stage bootloader must be 256 bytes in size)

.text           0x10000100    0x15aa0
                0x10000100                __logical_binary_start = .
 *(.vectors)
 .vectors       0x10000100       0xd4 webserver/CMakeFiles/webserver.dir/C_/Program_Files/Raspberry_Pi/Pico_SDK_v1.5.1/pico-sdk/src/rp2_common/pico_standard_link/crt0.S.obj
                0x10000100                __VECTOR_TABLE
                0x10000100                __vectors
                0x100001c0                isr_invalid
                0x100001c0                __default_isrs_start
                0x100001c2                isr_nmi
                0x100001c4                isr_hardfault
                0x100001c6                isr_svcall
                0x100001c8                isr_pendsv
                0x100001ca                isr_systick
                0x100001cc                isr_irq23
                0x100001cc                isr_irq18
                0x100001cc                isr_irq11
                0x100001cc                isr_irq28
                0x100001cc                isr_irq19
                0x100001cc                isr_irq0
                0x100001cc                isr_irq6
                0x100001cc                isr_irq5
                0x100001cc                isr_irq12
                0x100001cc                isr_irq22
                0x100001cc                isr_irq31
                0x100001cc                isr_irq17
                0x100001cc                isr_irq27
                0x100001cc                isr_irq30
                0x100001cc                isr_irq2
                0x100001cc                isr_irq10
                0x100001cc                isr_irq8
                0x100001cc                isr_irq24
                0x100001cc                isr_irq1
                0x100001cc                isr_irq7
                0x100001cc                isr_irq21
                0x100001cc                isr_irq20
                0x100001cc                isr_irq15
                0x100001cc                isr_irq25
                0x100001cc                isr_irq13
                0x100001cc                __unhandled_user_irq
                0x100001cc                isr_irq4
                0x100001cc                isr_irq16
                0x100001cc                isr_irq29
                0x100001cc                isr_irq26
                0x100001cc                __default_isrs_end
                0x100001cc                isr_irq3
                0x100001cc                isr_irq14
                0x100001cc                isr_irq9
                0x100001d2                unhandled_user_irq_num_in_r0
 *(.binary_info_header)
 .binary_info_header
                0x100001d4       0x14 webserver/CMakeFiles/webserver.dir/C_/Program_Files/Raspberry_Pi/Pico_SDK_v1.5.1/pico-sdk/src/rp2_common/pico_standard_link/crt0.S.obj
                0x100001e8                __binary_info_header_end = .
 *(.reset)
 .reset         0x100001e8       0xa0 webserver/CMakeFiles/webserver.dir/C_/Program_Files/Raspberry_Pi/Pico_SDK_v1.5.1/pico-sdk/src/rp2_common/pico_standard_link/crt0.S.obj
                0x100001e8                _entry_point
 .reset         0x10000288       0x30 webserver/CMakeFiles/webserver.dir/C_/Program_Files/Raspberry_Pi/Pico_SDK_v1.5.1/pico-sdk/src/rp2_common/pico_standard_link/binary_info.c.obj
 *(.init)
 .init          0x100002b8        0x4 c:/progra~1/raspbe~1/picosd~1.1/gcc-ar~1/bin/../lib/gcc/arm-none-eabi/10.3.1/thumb/v6-m/nofp/crti.o
                0x100002b8                _init
 *(EXCLUDE_FILE(*libm.a: *libc.a:*lib_a-mem*.o *libgcc.a:) .text*)
 .text          0x100002bc       0x48 c:/progra~1/raspbe~1/picosd~1.1/gcc-ar~1/bin/../lib/gcc/arm-none-eabi/10.3.1/thumb/v6-m/nofp/crtbegin.o
 .text.ssi_handler
                0x10000304       0xf0 webserver/CMakeFiles/webserver.dir/main.c.obj
                0x10000304                ssi_handler
 .text.cgi_led_handler
                0x100003f4       0x50 webserver/CMakeFiles/webserver.dir/main.c.obj
                0x100003f4                cgi_led_handler
 .text.ssi_init
                0x10000444       0x40 webserver/CMakeFiles/webserver.dir/main.c.obj
                0x10000444                ssi_init
 .text.cgi_init
                0x10000484       0x10 webserver/CMakeFiles/webserver.dir/main.c.obj
                0x10000484                cgi_init
 .text.main     0x10000494       0x70 webserver/CMakeFiles/webserver.dir/main.c.obj
                0x10000494                main
 .text.lwip_timeout_reached
                0x10000504       0x2c webserver/CMakeFiles/webserver.dir/C_/Program_Files/Raspberry_Pi/Pico_SDK_v1.5.1/pico-sdk/src/rp2_common/pico_lwip/lwip_nosys.c.obj
 .text.update_next_timeout
                0x10000530       0xb0 webserver/CMakeFiles/webserver.dir/C_/Program_Files/Raspberry_Pi/Pico_SDK_v1.5.1/pico-sdk/src/rp2_common/pico_lwip/lwip_nosys.c.obj
 .text.lwip_nosys_init
                0x100005e0       0x34 webserver/CMakeFiles/webserver.dir/C_/Program_Files/Raspberry_Pi/Pico_SDK_v1.5.1/pico-sdk/src/rp2_common/pico_lwip/lwip_nosys.c.obj
                0x100005e0                lwip_nosys_init
 .text.lwip_nosys_deinit
                0x10000614       0x20 webserver/CMakeFiles/webserver.dir/C_/Program_Files/Raspberry_Pi/Pico_SDK_v1.5.1/pico-sdk/src/rp2_common/pico_lwip/lwip_nosys.c.obj
                0x10000614                lwip_nosys_deinit
 .text.sys_arch_protect
                0x10000634        0x4 webserver/CMakeFiles/webserver.dir/C_/Program_Files/Raspberry_Pi/Pico_SDK_v1.5.1/pico-sdk/src/rp2_common/pico_lwip/lwip_nosys.c.obj
                0x10000634                sys_arch_protect
 .text.sys_arch_unprotect
                0x10000638        0x2 webserver/CMakeFiles/webserver.dir/C_/Program_Files/Raspberry_Pi/Pico_SDK_v1.5.1/pico-sdk/src/rp2_common/pico_lwip/lwip_nosys.c.obj
                0x10000638                sys_arch_unprotect
 *fill*         0x1000063a        0x2 
 .text.sys_now  0x1000063c       0x3c webserver/CMakeFiles/webserver.dir/C_/Program_Files/Raspberry_Pi/Pico_SDK_v1.5.1/pico-sdk/src/rp2_common/pico_lwip/lwip_nosys.c.obj
                0x1000063c                sys_now
 .text.async_context_base_add_at_time_worker
                0x10000678       0x1c webserver/CMakeFiles/webserver.dir/C_/Program_Files/Raspberry_Pi/Pico_SDK_v1.5.1/pico-sdk/src/rp2_common/pico_async_context/async_context_base.c.obj
                0x10000678                async_context_base_add_at_time_worker
 .text.async_context_base_remove_at_time_worker
                0x10000694       0x1c webserver/CMakeFiles/webserver.dir/C_/Program_Files/Raspberry_Pi/Pico_SDK_v1.5.1/pico-sdk/src/rp2_common/pico_async_context/async_context_base.c.obj
                0x10000694                async_context_base_remove_at_time_worker
 .text.async_context_base_add_when_pending_worker
                0x100006b0       0x1c webserver/CMakeFiles/webserver.dir/C_/Program_Files/Raspberry_Pi/Pico_SDK_v1.5.1/pico-sdk/src/rp2_common/pico_async_context/async_context_base.c.obj
                0x100006b0                async_context_base_add_when_pending_worker
 .text.async_context_base_remove_when_pending_worker
                0x100006cc       0x1c webserver/CMakeFiles/webserver.dir/C_/Program_Files/Raspberry_Pi/Pico_SDK_v1.5.1/pico-sdk/src/rp2_common/pico_async_context/async_context_base.c.obj
                0x100006cc                async_context_base_remove_when_pending_worker
 .text.async_context_base_remove_ready_at_time_worker
                0x100006e8       0x94 webserver/CMakeFiles/webserver.dir/C_/Program_Files/Raspberry_Pi/Pico_SDK_v1.5.1/pico-sdk/src/rp2_common/pico_async_context/async_context_base.c.obj
                0x100006e8                async_context_base_remove_ready_at_time_worker
 .text.async_context_base_refresh_next_timeout
                0x1000077c       0x4c webserver/CMakeFiles/webserver.dir/C_/Program_Files/Raspberry_Pi/Pico_SDK_v1.5.1/pico-sdk/src/rp2_common/pico_async_context/async_context_base.c.obj
                0x1000077c                async_context_base_refresh_next_timeout
 .text.async_context_base_execute_once
                0x100007c8       0x48 webserver/CMakeFiles/webserver.dir/C_/Program_Files/Raspberry_Pi/Pico_SDK_v1.5.1/pico-sdk/src/rp2_common/pico_async_context/async_context_base.c.obj
                0x100007c8                async_context_base_execute_once
 .text.running_on_fpga
                0x10000810       0x14 webserver/CMakeFiles/webserver.dir/C_/Program_Files/Raspberry_Pi/Pico_SDK_v1.5.1/pico-sdk/src/rp2_common/pico_platform/platform.c.obj
                0x10000810                running_on_fpga
 .text.splitmix64
                0x10000824       0x5c webserver/CMakeFiles/webserver.dir/C_/Program_Files/Raspberry_Pi/Pico_SDK_v1.5.1/pico-sdk/src/rp2_common/pico_rand/rand.c.obj
 .text.sdbm_hash64_sram
                0x10000880       0x64 webserver/CMakeFiles/webserver.dir/C_/Program_Files/Raspberry_Pi/Pico_SDK_v1.5.1/pico-sdk/src/rp2_common/pico_rand/rand.c.obj
 .text.xoroshiro128ss
                0x100008e4       0xb8 webserver/CMakeFiles/webserver.dir/C_/Program_Files/Raspberry_Pi/Pico_SDK_v1.5.1/pico-sdk/src/rp2_common/pico_rand/rand.c.obj
 .text.capture_additional_rosc_samples
                0x1000099c      0x1a4 webserver/CMakeFiles/webserver.dir/C_/Program_Files/Raspberry_Pi/Pico_SDK_v1.5.1/pico-sdk/src/rp2_common/pico_rand/rand.c.obj
 .text.initialise_rand
                0x10000b40      0x118 webserver/CMakeFiles/webserver.dir/C_/Program_Files/Raspberry_Pi/Pico_SDK_v1.5.1/pico-sdk/src/rp2_common/pico_rand/rand.c.obj
 .text.get_rand_64
                0x10000c58      0x11c webserver/CMakeFiles/webserver.dir/C_/Program_Files/Raspberry_Pi/Pico_SDK_v1.5.1/pico-sdk/src/rp2_common/pico_rand/rand.c.obj
                0x10000c58                get_rand_64
 .text.get_rand_32
                0x10000d74        0x8 webserver/CMakeFiles/webserver.dir/C_/Program_Files/Raspberry_Pi/Pico_SDK_v1.5.1/pico-sdk/src/rp2_common/pico_rand/rand.c.obj
                0x10000d74                get_rand_32
 .text._retrieve_unique_id_on_boot
                0x10000d7c       0x10 webserver/CMakeFiles/webserver.dir/C_/Program_Files/Raspberry_Pi/Pico_SDK_v1.5.1/pico-sdk/src/rp2_common/pico_unique_id/unique_id.c.obj
 .text.pico_get_unique_board_id
                0x10000d8c       0x10 webserver/CMakeFiles/webserver.dir/C_/Program_Files/Raspberry_Pi/Pico_SDK_v1.5.1/pico-sdk/src/rp2_common/pico_unique_id/unique_id.c.obj
                0x10000d8c                pico_get_unique_board_id
 .text.pico_get_unique_board_id_string
                0x10000d9c       0x60 webserver/CMakeFiles/webserver.dir/C_/Program_Files/Raspberry_Pi/Pico_SDK_v1.5.1/pico-sdk/src/rp2_common/pico_unique_id/unique_id.c.obj
                0x10000d9c                pico_get_unique_board_id_string
 .text.flash_get_unique_id
                0x10000dfc       0x46 webserver/CMakeFiles/webserver.dir/C_/Program_Files/Raspberry_Pi/Pico_SDK_v1.5.1/pico-sdk/src/rp2_common/hardware_flash/flash.c.obj
                0x10000dfc                flash_get_unique_id
 *fill*         0x10000e42        0x2 
 .text.hw_claim_lock
                0x10000e44       0x18 webserver/CMakeFiles/webserver.dir/C_/Program_Files/Raspberry_Pi/Pico_SDK_v1.5.1/pico-sdk/src/rp2_common/hardware_claim/claim.c.obj
                0x10000e44                hw_claim_lock
 .text.hw_claim_unlock
                0x10000e5c       0x14 webserver/CMakeFiles/webserver.dir/C_/Program_Files/Raspberry_Pi/Pico_SDK_v1.5.1/pico-sdk/src/rp2_common/hardware_claim/claim.c.obj
                0x10000e5c                hw_claim_unlock
 .text.hw_claim_or_assert
                0x10000e70       0x32 webserver/CMakeFiles/webserver.dir/C_/Program_Files/Raspberry_Pi/Pico_SDK_v1.5.1/pico-sdk/src/rp2_common/hardware_claim/claim.c.obj
                0x10000e70                hw_claim_or_assert
 .text.hw_claim_unused_from_range
                0x10000ea2       0x50 webserver/CMakeFiles/webserver.dir/C_/Program_Files/Raspberry_Pi/Pico_SDK_v1.5.1/pico-sdk/src/rp2_common/hardware_claim/claim.c.obj
                0x10000ea2                hw_claim_unused_from_range
 *fill*         0x10000ef2        0x2 
 .text.hw_claim_clear
                0x10000ef4       0x40 webserver/CMakeFiles/webserver.dir/C_/Program_Files/Raspberry_Pi/Pico_SDK_v1.5.1/pico-sdk/src/rp2_common/hardware_claim/claim.c.obj
                0x10000ef4                hw_claim_clear
 .text.spin_locks_reset
                0x10000f34       0x20 webserver/CMakeFiles/webserver.dir/C_/Program_Files/Raspberry_Pi/Pico_SDK_v1.5.1/pico-sdk/src/rp2_common/hardware_sync/sync.c.obj
                0x10000f34                spin_locks_reset
 .text.next_striped_spin_lock_num
                0x10000f54       0x1c webserver/CMakeFiles/webserver.dir/C_/Program_Files/Raspberry_Pi/Pico_SDK_v1.5.1/pico-sdk/src/rp2_common/hardware_sync/sync.c.obj
                0x10000f54                next_striped_spin_lock_num
 .text.spin_lock_claim_unused
                0x10000f70       0x20 webserver/CMakeFiles/webserver.dir/C_/Program_Files/Raspberry_Pi/Pico_SDK_v1.5.1/pico-sdk/src/rp2_common/hardware_sync/sync.c.obj
                0x10000f70                spin_lock_claim_unused
 .text.rom_func_lookup
                0x10000f90       0x10 webserver/CMakeFiles/webserver.dir/C_/Program_Files/Raspberry_Pi/Pico_SDK_v1.5.1/pico-sdk/src/rp2_common/pico_bootrom/bootrom.c.obj
                0x10000f90                rom_func_lookup
 .text.rom_data_lookup
                0x10000fa0       0x10 webserver/CMakeFiles/webserver.dir/C_/Program_Files/Raspberry_Pi/Pico_SDK_v1.5.1/pico-sdk/src/rp2_common/pico_bootrom/bootrom.c.obj
                0x10000fa0                rom_data_lookup
 .text.rom_funcs_lookup
                0x10000fb0       0x36 webserver/CMakeFiles/webserver.dir/C_/Program_Files/Raspberry_Pi/Pico_SDK_v1.5.1/pico-sdk/src/rp2_common/pico_bootrom/bootrom.c.obj
                0x10000fb0                rom_funcs_lookup
 *fill*         0x10000fe6        0x2 
 .text.clock_configure
                0x10000fe8      0x108 webserver/CMakeFiles/webserver.dir/C_/Program_Files/Raspberry_Pi/Pico_SDK_v1.5.1/pico-sdk/src/rp2_common/hardware_clocks/clocks.c.obj
                0x10000fe8                clock_configure
 .text.clocks_init
                0x100010f0      0x100 webserver/CMakeFiles/webserver.dir/C_/Program_Files/Raspberry_Pi/Pico_SDK_v1.5.1/pico-sdk/src/rp2_common/hardware_clocks/clocks.c.obj
                0x100010f0                clocks_init
 .text.clock_get_hz
                0x100011f0        0xc webserver/CMakeFiles/webserver.dir/C_/Program_Files/Raspberry_Pi/Pico_SDK_v1.5.1/pico-sdk/src/rp2_common/hardware_clocks/clocks.c.obj
                0x100011f0                clock_get_hz
 .text.gpio_set_function
                0x100011fc       0x30 webserver/CMakeFiles/webserver.dir/C_/Program_Files/Raspberry_Pi/Pico_SDK_v1.5.1/pico-sdk/src/rp2_common/hardware_gpio/gpio.c.obj
                0x100011fc                gpio_set_function
 .text.gpio_set_pulls
                0x1000122c       0x34 webserver/CMakeFiles/webserver.dir/C_/Program_Files/Raspberry_Pi/Pico_SDK_v1.5.1/pico-sdk/src/rp2_common/hardware_gpio/gpio.c.obj
                0x1000122c                gpio_set_pulls
 .text.gpio_set_input_hysteresis_enabled
                0x10001260       0x30 webserver/CMakeFiles/webserver.dir/C_/Program_Files/Raspberry_Pi/Pico_SDK_v1.5.1/pico-sdk/src/rp2_common/hardware_gpio/gpio.c.obj
                0x10001260                gpio_set_input_hysteresis_enabled
 .text.gpio_add_raw_irq_handler_with_order_priority_masked
                0x10001290       0x40 webserver/CMakeFiles/webserver.dir/C_/Program_Files/Raspberry_Pi/Pico_SDK_v1.5.1/pico-sdk/src/rp2_common/hardware_gpio/gpio.c.obj
                0x10001290                gpio_add_raw_irq_handler_with_order_priority_masked
 .text.gpio_remove_raw_irq_handler_masked
                0x100012d0       0x48 webserver/CMakeFiles/webserver.dir/C_/Program_Files/Raspberry_Pi/Pico_SDK_v1.5.1/pico-sdk/src/rp2_common/hardware_gpio/gpio.c.obj
                0x100012d0                gpio_remove_raw_irq_handler_masked
 .text.gpio_acknowledge_irq
                0x10001318       0x18 webserver/CMakeFiles/webserver.dir/C_/Program_Files/Raspberry_Pi/Pico_SDK_v1.5.1/pico-sdk/src/rp2_common/hardware_gpio/gpio.c.obj
                0x10001318                gpio_acknowledge_irq
 .text._gpio_set_irq_enabled
                0x10001330       0x34 webserver/CMakeFiles/webserver.dir/C_/Program_Files/Raspberry_Pi/Pico_SDK_v1.5.1/pico-sdk/src/rp2_common/hardware_gpio/gpio.c.obj
 .text.gpio_set_irq_enabled
                0x10001364       0x20 webserver/CMakeFiles/webserver.dir/C_/Program_Files/Raspberry_Pi/Pico_SDK_v1.5.1/pico-sdk/src/rp2_common/hardware_gpio/gpio.c.obj
                0x10001364                gpio_set_irq_enabled
 .text.gpio_init
                0x10001384       0x16 webserver/CMakeFiles/webserver.dir/C_/Program_Files/Raspberry_Pi/Pico_SDK_v1.5.1/pico-sdk/src/rp2_common/hardware_gpio/gpio.c.obj
                0x10001384                gpio_init
 *fill*         0x1000139a        0x2 
 .text.set_raw_irq_handler_and_unlock
                0x1000139c       0x28 webserver/CMakeFiles/webserver.dir/C_/Program_Files/Raspberry_Pi/Pico_SDK_v1.5.1/pico-sdk/src/rp2_common/hardware_irq/irq.c.obj
 .text.get_user_irq_claim_index
                0x100013c4        0x6 webserver/CMakeFiles/webserver.dir/C_/Program_Files/Raspberry_Pi/Pico_SDK_v1.5.1/pico-sdk/src/rp2_common/hardware_irq/irq.c.obj
 *fill*         0x100013ca        0x2 
 .text.make_branch
                0x100013cc       0x48 webserver/CMakeFiles/webserver.dir/C_/Program_Files/Raspberry_Pi/Pico_SDK_v1.5.1/pico-sdk/src/rp2_common/hardware_irq/irq.c.obj
 .text.insert_branch_and_link
                0x10001414       0x40 webserver/CMakeFiles/webserver.dir/C_/Program_Files/Raspberry_Pi/Pico_SDK_v1.5.1/pico-sdk/src/rp2_common/hardware_irq/irq.c.obj
 .text.irq_is_enabled
                0x10001454       0x18 webserver/CMakeFiles/webserver.dir/C_/Program_Files/Raspberry_Pi/Pico_SDK_v1.5.1/pico-sdk/src/rp2_common/hardware_irq/irq.c.obj
                0x10001454                irq_is_enabled
 .text.irq_set_mask_enabled
                0x1000146c       0x20 webserver/CMakeFiles/webserver.dir/C_/Program_Files/Raspberry_Pi/Pico_SDK_v1.5.1/pico-sdk/src/rp2_common/hardware_irq/irq.c.obj
                0x1000146c                irq_set_mask_enabled
 .text.irq_set_enabled
                0x1000148c        0xe webserver/CMakeFiles/webserver.dir/C_/Program_Files/Raspberry_Pi/Pico_SDK_v1.5.1/pico-sdk/src/rp2_common/hardware_irq/irq.c.obj
                0x1000148c                irq_set_enabled
 *fill*         0x1000149a        0x2 
 .text.irq_set_pending
                0x1000149c       0x10 webserver/CMakeFiles/webserver.dir/C_/Program_Files/Raspberry_Pi/Pico_SDK_v1.5.1/pico-sdk/src/rp2_common/hardware_irq/irq.c.obj
                0x1000149c                irq_set_pending
 .text.irq_get_vtable_handler
                0x100014ac       0x10 webserver/CMakeFiles/webserver.dir/C_/Program_Files/Raspberry_Pi/Pico_SDK_v1.5.1/pico-sdk/src/rp2_common/hardware_irq/irq.c.obj
                0x100014ac                irq_get_vtable_handler
 .text.irq_has_shared_handler
                0x100014bc       0x24 webserver/CMakeFiles/webserver.dir/C_/Program_Files/Raspberry_Pi/Pico_SDK_v1.5.1/pico-sdk/src/rp2_common/hardware_irq/irq.c.obj
                0x100014bc                irq_has_shared_handler
 .text.irq_set_exclusive_handler
                0x100014e0       0x54 webserver/CMakeFiles/webserver.dir/C_/Program_Files/Raspberry_Pi/Pico_SDK_v1.5.1/pico-sdk/src/rp2_common/hardware_irq/irq.c.obj
                0x100014e0                irq_set_exclusive_handler
 .text.irq_add_shared_handler
                0x10001534      0x234 webserver/CMakeFiles/webserver.dir/C_/Program_Files/Raspberry_Pi/Pico_SDK_v1.5.1/pico-sdk/src/rp2_common/hardware_irq/irq.c.obj
                0x10001534                irq_add_shared_handler
 .text.irq_remove_handler
                0x10001768      0x1ac webserver/CMakeFiles/webserver.dir/C_/Program_Files/Raspberry_Pi/Pico_SDK_v1.5.1/pico-sdk/src/rp2_common/hardware_irq/irq.c.obj
                0x10001768                irq_remove_handler
 .text.irq_set_priority
                0x10001914       0x28 webserver/CMakeFiles/webserver.dir/C_/Program_Files/Raspberry_Pi/Pico_SDK_v1.5.1/pico-sdk/src/rp2_common/hardware_irq/irq.c.obj
                0x10001914                irq_set_priority
 .text.irq_add_tail_to_free_list
                0x1000193c       0xf0 webserver/CMakeFiles/webserver.dir/C_/Program_Files/Raspberry_Pi/Pico_SDK_v1.5.1/pico-sdk/src/rp2_common/hardware_irq/irq.c.obj
                0x1000193c                irq_add_tail_to_free_list
 .text.irq_init_priorities
                0x10001a2c       0x1c webserver/CMakeFiles/webserver.dir/C_/Program_Files/Raspberry_Pi/Pico_SDK_v1.5.1/pico-sdk/src/rp2_common/hardware_irq/irq.c.obj
                0x10001a2c                irq_init_priorities
 .text.user_irq_unclaim
                0x10001a48       0x14 webserver/CMakeFiles/webserver.dir/C_/Program_Files/Raspberry_Pi/Pico_SDK_v1.5.1/pico-sdk/src/rp2_common/hardware_irq/irq.c.obj
                0x10001a48                user_irq_unclaim
 .text.user_irq_claim_unused
                0x10001a5c       0x28 webserver/CMakeFiles/webserver.dir/C_/Program_Files/Raspberry_Pi/Pico_SDK_v1.5.1/pico-sdk/src/rp2_common/hardware_irq/irq.c.obj
                0x10001a5c                user_irq_claim_unused
 .text.sem_init
                0x10001a84       0x1e webserver/CMakeFiles/webserver.dir/C_/Program_Files/Raspberry_Pi/Pico_SDK_v1.5.1/pico-sdk/src/common/pico_sync/sem.c.obj
                0x10001a84                sem_init
 *fill*         0x10001aa2        0x2 
 .text.lock_init
                0x10001aa4       0x10 webserver/CMakeFiles/webserver.dir/C_/Program_Files/Raspberry_Pi/Pico_SDK_v1.5.1/pico-sdk/src/common/pico_sync/lock_core.c.obj
                0x10001aa4                lock_init
 .text.mutex_init
                0x10001ab4       0x1a webserver/CMakeFiles/webserver.dir/C_/Program_Files/Raspberry_Pi/Pico_SDK_v1.5.1/pico-sdk/src/common/pico_sync/mutex.c.obj
                0x10001ab4                mutex_init
 .text.recursive_mutex_init
                0x10001ace       0x1e webserver/CMakeFiles/webserver.dir/C_/Program_Files/Raspberry_Pi/Pico_SDK_v1.5.1/pico-sdk/src/common/pico_sync/mutex.c.obj
                0x10001ace                recursive_mutex_init
 .text.critical_section_init_with_lock_num
                0x10001aec       0x14 webserver/CMakeFiles/webserver.dir/C_/Program_Files/Raspberry_Pi/Pico_SDK_v1.5.1/pico-sdk/src/common/pico_sync/critical_section.c.obj
                0x10001aec                critical_section_init_with_lock_num
 .text.critical_section_init
                0x10001b00       0x14 webserver/CMakeFiles/webserver.dir/C_/Program_Files/Raspberry_Pi/Pico_SDK_v1.5.1/pico-sdk/src/common/pico_sync/critical_section.c.obj
                0x10001b00                critical_section_init
 .text.alarm_pool_post_alloc_init
                0x10001b14       0x40 webserver/CMakeFiles/webserver.dir/C_/Program_Files/Raspberry_Pi/Pico_SDK_v1.5.1/pico-sdk/src/common/pico_time/time.c.obj
 .text.sleep_until_callback
                0x10001b54       0x30 webserver/CMakeFiles/webserver.dir/C_/Program_Files/Raspberry_Pi/Pico_SDK_v1.5.1/pico-sdk/src/common/pico_time/time.c.obj
 .text.timer_pool_entry_comparator
                0x10001b84       0x7c webserver/CMakeFiles/webserver.dir/C_/Program_Files/Raspberry_Pi/Pico_SDK_v1.5.1/pico-sdk/src/common/pico_time/time.c.obj
                0x10001b84                timer_pool_entry_comparator
 .text.ph_add_child_node
                0x10001c00       0xa4 webserver/CMakeFiles/webserver.dir/C_/Program_Files/Raspberry_Pi/Pico_SDK_v1.5.1/pico-sdk/src/common/pico_time/time.c.obj
 .text.ph_merge_nodes
                0x10001ca4       0x3e webserver/CMakeFiles/webserver.dir/C_/Program_Files/Raspberry_Pi/Pico_SDK_v1.5.1/pico-sdk/src/common/pico_time/time.c.obj
 *fill*         0x10001ce2        0x2 
 .text.add_alarm_under_lock
                0x10001ce4      0x174 webserver/CMakeFiles/webserver.dir/C_/Program_Files/Raspberry_Pi/Pico_SDK_v1.5.1/pico-sdk/src/common/pico_time/time.c.obj
 .text.alarm_pool_alarm_callback
                0x10001e58      0x33c webserver/CMakeFiles/webserver.dir/C_/Program_Files/Raspberry_Pi/Pico_SDK_v1.5.1/pico-sdk/src/common/pico_time/time.c.obj
 .text.alarm_pool_init_default
                0x10002194       0x40 webserver/CMakeFiles/webserver.dir/C_/Program_Files/Raspberry_Pi/Pico_SDK_v1.5.1/pico-sdk/src/common/pico_time/time.c.obj
                0x10002194                alarm_pool_init_default
 .text.alarm_pool_get_default
                0x100021d4       0x2c webserver/CMakeFiles/webserver.dir/C_/Program_Files/Raspberry_Pi/Pico_SDK_v1.5.1/pico-sdk/src/common/pico_time/time.c.obj
                0x100021d4                alarm_pool_get_default
 .text.alarm_pool_add_alarm_at
                0x10002200      0x168 webserver/CMakeFiles/webserver.dir/C_/Program_Files/Raspberry_Pi/Pico_SDK_v1.5.1/pico-sdk/src/common/pico_time/time.c.obj
                0x10002200                alarm_pool_add_alarm_at
 .text.alarm_pool_cancel_alarm
                0x10002368       0xf8 webserver/CMakeFiles/webserver.dir/C_/Program_Files/Raspberry_Pi/Pico_SDK_v1.5.1/pico-sdk/src/common/pico_time/time.c.obj
                0x10002368                alarm_pool_cancel_alarm
 .text.alarm_pool_core_num
                0x10002460        0x4 webserver/CMakeFiles/webserver.dir/C_/Program_Files/Raspberry_Pi/Pico_SDK_v1.5.1/pico-sdk/src/common/pico_time/time.c.obj
                0x10002460                alarm_pool_core_num
 .text.sleep_until
                0x10002464       0xfc webserver/CMakeFiles/webserver.dir/C_/Program_Files/Raspberry_Pi/Pico_SDK_v1.5.1/pico-sdk/src/common/pico_time/time.c.obj
                0x10002464                sleep_until
 .text.sleep_us
                0x10002560       0x58 webserver/CMakeFiles/webserver.dir/C_/Program_Files/Raspberry_Pi/Pico_SDK_v1.5.1/pico-sdk/src/common/pico_time/time.c.obj
                0x10002560                sleep_us
 .text.sleep_ms
                0x100025b8       0x14 webserver/CMakeFiles/webserver.dir/C_/Program_Files/Raspberry_Pi/Pico_SDK_v1.5.1/pico-sdk/src/common/pico_time/time.c.obj
                0x100025b8                sleep_ms
 .text.best_effort_wfe_or_timeout
                0x100025cc       0xac webserver/CMakeFiles/webserver.dir/C_/Program_Files/Raspberry_Pi/Pico_SDK_v1.5.1/pico-sdk/src/common/pico_time/time.c.obj
                0x100025cc                best_effort_wfe_or_timeout
 .text.hardware_alarm_irq_handler
                0x10002678       0x90 webserver/CMakeFiles/webserver.dir/C_/Program_Files/Raspberry_Pi/Pico_SDK_v1.5.1/pico-sdk/src/rp2_common/hardware_timer/timer.c.obj
 .text.hardware_alarm_claim
                0x10002708       0x18 webserver/CMakeFiles/webserver.dir/C_/Program_Files/Raspberry_Pi/Pico_SDK_v1.5.1/pico-sdk/src/rp2_common/hardware_timer/timer.c.obj
                0x10002708                hardware_alarm_claim
 .text.time_us_64
                0x10002720       0x18 webserver/CMakeFiles/webserver.dir/C_/Program_Files/Raspberry_Pi/Pico_SDK_v1.5.1/pico-sdk/src/rp2_common/hardware_timer/timer.c.obj
                0x10002720                time_us_64
 .text.busy_wait_until
                0x10002738       0x28 webserver/CMakeFiles/webserver.dir/C_/Program_Files/Raspberry_Pi/Pico_SDK_v1.5.1/pico-sdk/src/rp2_common/hardware_timer/timer.c.obj
                0x10002738                busy_wait_until
 .text.hardware_alarm_set_callback
                0x10002760       0x90 webserver/CMakeFiles/webserver.dir/C_/Program_Files/Raspberry_Pi/Pico_SDK_v1.5.1/pico-sdk/src/rp2_common/hardware_timer/timer.c.obj
                0x10002760                hardware_alarm_set_callback
 .text.hardware_alarm_set_target
                0x100027f0       0xe8 webserver/CMakeFiles/webserver.dir/C_/Program_Files/Raspberry_Pi/Pico_SDK_v1.5.1/pico-sdk/src/rp2_common/hardware_timer/timer.c.obj
                0x100027f0                hardware_alarm_set_target
 .text.hardware_alarm_cancel
                0x100028d8       0x40 webserver/CMakeFiles/webserver.dir/C_/Program_Files/Raspberry_Pi/Pico_SDK_v1.5.1/pico-sdk/src/rp2_common/hardware_timer/timer.c.obj
                0x100028d8                hardware_alarm_cancel
 .text.ph_add_child_node
                0x10002918       0xa4 webserver/CMakeFiles/webserver.dir/C_/Program_Files/Raspberry_Pi/Pico_SDK_v1.5.1/pico-sdk/src/common/pico_util/pheap.c.obj
 .text.ph_merge_nodes
                0x100029bc       0x3e webserver/CMakeFiles/webserver.dir/C_/Program_Files/Raspberry_Pi/Pico_SDK_v1.5.1/pico-sdk/src/common/pico_util/pheap.c.obj
 *fill*         0x100029fa        0x2 
 .text.ph_clear
                0x100029fc       0x70 webserver/CMakeFiles/webserver.dir/C_/Program_Files/Raspberry_Pi/Pico_SDK_v1.5.1/pico-sdk/src/common/pico_util/pheap.c.obj
                0x100029fc                ph_clear
 .text.ph_post_alloc_init
                0x10002a6c        0xe webserver/CMakeFiles/webserver.dir/C_/Program_Files/Raspberry_Pi/Pico_SDK_v1.5.1/pico-sdk/src/common/pico_util/pheap.c.obj
                0x10002a6c                ph_post_alloc_init
 *fill*         0x10002a7a        0x2 
 .text.ph_merge_two_pass
                0x10002a7c       0xa8 webserver/CMakeFiles/webserver.dir/C_/Program_Files/Raspberry_Pi/Pico_SDK_v1.5.1/pico-sdk/src/common/pico_util/pheap.c.obj
                0x10002a7c                ph_merge_two_pass
 .text.ph_remove_any_head
                0x10002b24      0x128 webserver/CMakeFiles/webserver.dir/C_/Program_Files/Raspberry_Pi/Pico_SDK_v1.5.1/pico-sdk/src/common/pico_util/pheap.c.obj
 .text.ph_remove_head
                0x10002c4c       0x14 webserver/CMakeFiles/webserver.dir/C_/Program_Files/Raspberry_Pi/Pico_SDK_v1.5.1/pico-sdk/src/common/pico_util/pheap.c.obj
                0x10002c4c                ph_remove_head
 .text.ph_remove_and_free_node
                0x10002c60       0xf8 webserver/CMakeFiles/webserver.dir/C_/Program_Files/Raspberry_Pi/Pico_SDK_v1.5.1/pico-sdk/src/common/pico_util/pheap.c.obj
                0x10002c60                ph_remove_and_free_node
 .text.pll_init
                0x10002d58      0x120 webserver/CMakeFiles/webserver.dir/C_/Program_Files/Raspberry_Pi/Pico_SDK_v1.5.1/pico-sdk/src/rp2_common/hardware_pll/pll.c.obj
                0x10002d58                pll_init
 .text.watchdog_start_tick
                0x10002e78       0x10 webserver/CMakeFiles/webserver.dir/C_/Program_Files/Raspberry_Pi/Pico_SDK_v1.5.1/pico-sdk/src/rp2_common/hardware_watchdog/watchdog.c.obj
                0x10002e78                watchdog_start_tick
 .text.watchdog_update
                0x10002e88       0x14 webserver/CMakeFiles/webserver.dir/C_/Program_Files/Raspberry_Pi/Pico_SDK_v1.5.1/pico-sdk/src/rp2_common/hardware_watchdog/watchdog.c.obj
                0x10002e88                watchdog_update
 .text._watchdog_enable
                0x10002e9c       0x78 webserver/CMakeFiles/webserver.dir/C_/Program_Files/Raspberry_Pi/Pico_SDK_v1.5.1/pico-sdk/src/rp2_common/hardware_watchdog/watchdog.c.obj
                0x10002e9c                _watchdog_enable
 .text.watchdog_reboot
                0x10002f14       0x48 webserver/CMakeFiles/webserver.dir/C_/Program_Files/Raspberry_Pi/Pico_SDK_v1.5.1/pico-sdk/src/rp2_common/hardware_watchdog/watchdog.c.obj
                0x10002f14                watchdog_reboot
 .text.xosc_init
                0x10002f5c       0x28 webserver/CMakeFiles/webserver.dir/C_/Program_Files/Raspberry_Pi/Pico_SDK_v1.5.1/pico-sdk/src/rp2_common/hardware_xosc/xosc.c.obj
                0x10002f5c                xosc_init
 .text.lwip_init
                0x10002f84       0x24 webserver/CMakeFiles/webserver.dir/C_/Program_Files/Raspberry_Pi/Pico_SDK_v1.5.1/pico-sdk/lib/lwip/src/core/init.c.obj
                0x10002f84                lwip_init
 .text.lwip_htons
                0x10002fa8        0xa webserver/CMakeFiles/webserver.dir/C_/Program_Files/Raspberry_Pi/Pico_SDK_v1.5.1/pico-sdk/lib/lwip/src/core/def.c.obj
                0x10002fa8                lwip_htons
 .text.lwip_htonl
                0x10002fb2       0x1c webserver/CMakeFiles/webserver.dir/C_/Program_Files/Raspberry_Pi/Pico_SDK_v1.5.1/pico-sdk/lib/lwip/src/core/def.c.obj
                0x10002fb2                lwip_htonl
 .text.lwip_strnstr
                0x10002fce       0x58 webserver/CMakeFiles/webserver.dir/C_/Program_Files/Raspberry_Pi/Pico_SDK_v1.5.1/pico-sdk/lib/lwip/src/core/def.c.obj
                0x10002fce                lwip_strnstr
 .text.lwip_stricmp
                0x10003026       0x3a webserver/CMakeFiles/webserver.dir/C_/Program_Files/Raspberry_Pi/Pico_SDK_v1.5.1/pico-sdk/lib/lwip/src/core/def.c.obj
                0x10003026                lwip_stricmp
 .text.dns_backupserver_available
                0x10003060       0x28 webserver/CMakeFiles/webserver.dir/C_/Program_Files/Raspberry_Pi/Pico_SDK_v1.5.1/pico-sdk/lib/lwip/src/core/dns.c.obj
 .text.dns_create_txid
                0x10003088       0x3c webserver/CMakeFiles/webserver.dir/C_/Program_Files/Raspberry_Pi/Pico_SDK_v1.5.1/pico-sdk/lib/lwip/src/core/dns.c.obj
 .text.dns_call_found
                0x100030c4       0xf4 webserver/CMakeFiles/webserver.dir/C_/Program_Files/Raspberry_Pi/Pico_SDK_v1.5.1/pico-sdk/lib/lwip/src/core/dns.c.obj
 .text.dns_send
                0x100031b8      0x178 webserver/CMakeFiles/webserver.dir/C_/Program_Files/Raspberry_Pi/Pico_SDK_v1.5.1/pico-sdk/lib/lwip/src/core/dns.c.obj
 .text.dns_check_entry
                0x10003330      0x11c webserver/CMakeFiles/webserver.dir/C_/Program_Files/Raspberry_Pi/Pico_SDK_v1.5.1/pico-sdk/lib/lwip/src/core/dns.c.obj
 .text.dns_check_entries
                0x1000344c       0x16 webserver/CMakeFiles/webserver.dir/C_/Program_Files/Raspberry_Pi/Pico_SDK_v1.5.1/pico-sdk/lib/lwip/src/core/dns.c.obj
 .text.dns_init
                0x10003462        0x2 webserver/CMakeFiles/webserver.dir/C_/Program_Files/Raspberry_Pi/Pico_SDK_v1.5.1/pico-sdk/lib/lwip/src/core/dns.c.obj
                0x10003462                dns_init
 .text.dns_setserver
                0x10003464       0x28 webserver/CMakeFiles/webserver.dir/C_/Program_Files/Raspberry_Pi/Pico_SDK_v1.5.1/pico-sdk/lib/lwip/src/core/dns.c.obj
                0x10003464                dns_setserver
 .text.dns_tmr  0x1000348c        0x8 webserver/CMakeFiles/webserver.dir/C_/Program_Files/Raspberry_Pi/Pico_SDK_v1.5.1/pico-sdk/lib/lwip/src/core/dns.c.obj
                0x1000348c                dns_tmr
 .text.lwip_standard_chksum
                0x10003494       0xac webserver/CMakeFiles/webserver.dir/C_/Program_Files/Raspberry_Pi/Pico_SDK_v1.5.1/pico-sdk/lib/lwip/src/core/inet_chksum.c.obj
                0x10003494                lwip_standard_chksum
 .text.inet_cksum_pseudo_base
                0x10003540       0x7c webserver/CMakeFiles/webserver.dir/C_/Program_Files/Raspberry_Pi/Pico_SDK_v1.5.1/pico-sdk/lib/lwip/src/core/inet_chksum.c.obj
 .text.inet_chksum_pseudo
                0x100035bc       0x30 webserver/CMakeFiles/webserver.dir/C_/Program_Files/Raspberry_Pi/Pico_SDK_v1.5.1/pico-sdk/lib/lwip/src/core/inet_chksum.c.obj
                0x100035bc                inet_chksum_pseudo
 .text.ip_chksum_pseudo
                0x100035ec       0x10 webserver/CMakeFiles/webserver.dir/C_/Program_Files/Raspberry_Pi/Pico_SDK_v1.5.1/pico-sdk/lib/lwip/src/core/inet_chksum.c.obj
                0x100035ec                ip_chksum_pseudo
 .text.inet_chksum
                0x100035fc        0xc webserver/CMakeFiles/webserver.dir/C_/Program_Files/Raspberry_Pi/Pico_SDK_v1.5.1/pico-sdk/lib/lwip/src/core/inet_chksum.c.obj
                0x100035fc                inet_chksum
 .text.inet_chksum_pbuf
                0x10003608       0x52 webserver/CMakeFiles/webserver.dir/C_/Program_Files/Raspberry_Pi/Pico_SDK_v1.5.1/pico-sdk/lib/lwip/src/core/inet_chksum.c.obj
                0x10003608                inet_chksum_pbuf
 *fill*         0x1000365a        0x2 
 .text.ptr_to_mem
                0x1000365c        0xc webserver/CMakeFiles/webserver.dir/C_/Program_Files/Raspberry_Pi/Pico_SDK_v1.5.1/pico-sdk/lib/lwip/src/core/mem.c.obj
 .text.mem_to_ptr
                0x10003668       0x10 webserver/CMakeFiles/webserver.dir/C_/Program_Files/Raspberry_Pi/Pico_SDK_v1.5.1/pico-sdk/lib/lwip/src/core/mem.c.obj
 .text.mem_link_valid
                0x10003678       0x5c webserver/CMakeFiles/webserver.dir/C_/Program_Files/Raspberry_Pi/Pico_SDK_v1.5.1/pico-sdk/lib/lwip/src/core/mem.c.obj
 .text.plug_holes
                0x100036d4       0xd4 webserver/CMakeFiles/webserver.dir/C_/Program_Files/Raspberry_Pi/Pico_SDK_v1.5.1/pico-sdk/lib/lwip/src/core/mem.c.obj
 .text.mem_init
                0x100037a8       0x44 webserver/CMakeFiles/webserver.dir/C_/Program_Files/Raspberry_Pi/Pico_SDK_v1.5.1/pico-sdk/lib/lwip/src/core/mem.c.obj
                0x100037a8                mem_init
 .text.mem_free
                0x100037ec       0x84 webserver/CMakeFiles/webserver.dir/C_/Program_Files/Raspberry_Pi/Pico_SDK_v1.5.1/pico-sdk/lib/lwip/src/core/mem.c.obj
                0x100037ec                mem_free
 .text.mem_trim
                0x10003870      0x134 webserver/CMakeFiles/webserver.dir/C_/Program_Files/Raspberry_Pi/Pico_SDK_v1.5.1/pico-sdk/lib/lwip/src/core/mem.c.obj
                0x10003870                mem_trim
 .text.mem_malloc
                0x100039a4      0x134 webserver/CMakeFiles/webserver.dir/C_/Program_Files/Raspberry_Pi/Pico_SDK_v1.5.1/pico-sdk/lib/lwip/src/core/mem.c.obj
                0x100039a4                mem_malloc
 .text.do_memp_malloc_pool
                0x10003ad8       0x30 webserver/CMakeFiles/webserver.dir/C_/Program_Files/Raspberry_Pi/Pico_SDK_v1.5.1/pico-sdk/lib/lwip/src/core/memp.c.obj
 .text.do_memp_free_pool
                0x10003b08       0x28 webserver/CMakeFiles/webserver.dir/C_/Program_Files/Raspberry_Pi/Pico_SDK_v1.5.1/pico-sdk/lib/lwip/src/core/memp.c.obj
 .text.memp_init_pool
                0x10003b30       0x2a webserver/CMakeFiles/webserver.dir/C_/Program_Files/Raspberry_Pi/Pico_SDK_v1.5.1/pico-sdk/lib/lwip/src/core/memp.c.obj
                0x10003b30                memp_init_pool
 *fill*         0x10003b5a        0x2 
 .text.memp_init
                0x10003b5c       0x20 webserver/CMakeFiles/webserver.dir/C_/Program_Files/Raspberry_Pi/Pico_SDK_v1.5.1/pico-sdk/lib/lwip/src/core/memp.c.obj
                0x10003b5c                memp_init
 .text.memp_malloc
                0x10003b7c       0x24 webserver/CMakeFiles/webserver.dir/C_/Program_Files/Raspberry_Pi/Pico_SDK_v1.5.1/pico-sdk/lib/lwip/src/core/memp.c.obj
                0x10003b7c                memp_malloc
 .text.memp_free
                0x10003ba0       0x28 webserver/CMakeFiles/webserver.dir/C_/Program_Files/Raspberry_Pi/Pico_SDK_v1.5.1/pico-sdk/lib/lwip/src/core/memp.c.obj
                0x10003ba0                memp_free
 .text.netif_do_set_netmask
                0x10003bc8       0x1a webserver/CMakeFiles/webserver.dir/C_/Program_Files/Raspberry_Pi/Pico_SDK_v1.5.1/pico-sdk/lib/lwip/src/core/netif.c.obj
 .text.netif_do_set_gw
                0x10003be2       0x1a webserver/CMakeFiles/webserver.dir/C_/Program_Files/Raspberry_Pi/Pico_SDK_v1.5.1/pico-sdk/lib/lwip/src/core/netif.c.obj
 .text.netif_null_output_ip4
                0x10003bfc        0x6 webserver/CMakeFiles/webserver.dir/C_/Program_Files/Raspberry_Pi/Pico_SDK_v1.5.1/pico-sdk/lib/lwip/src/core/netif.c.obj
 .text.netif_do_ip_addr_changed
                0x10003c02       0x1c webserver/CMakeFiles/webserver.dir/C_/Program_Files/Raspberry_Pi/Pico_SDK_v1.5.1/pico-sdk/lib/lwip/src/core/netif.c.obj
 *fill*         0x10003c1e        0x2 
 .text.netif_issue_reports
                0x10003c20       0x34 webserver/CMakeFiles/webserver.dir/C_/Program_Files/Raspberry_Pi/Pico_SDK_v1.5.1/pico-sdk/lib/lwip/src/core/netif.c.obj
 .text.netif_do_set_ipaddr
                0x10003c54       0x54 webserver/CMakeFiles/webserver.dir/C_/Program_Files/Raspberry_Pi/Pico_SDK_v1.5.1/pico-sdk/lib/lwip/src/core/netif.c.obj
 .text.netif_init
                0x10003ca8        0x2 webserver/CMakeFiles/webserver.dir/C_/Program_Files/Raspberry_Pi/Pico_SDK_v1.5.1/pico-sdk/lib/lwip/src/core/netif.c.obj
                0x10003ca8                netif_init
 *fill*         0x10003caa        0x2 
 .text.netif_set_addr
                0x10003cac       0x78 webserver/CMakeFiles/webserver.dir/C_/Program_Files/Raspberry_Pi/Pico_SDK_v1.5.1/pico-sdk/lib/lwip/src/core/netif.c.obj
                0x10003cac                netif_set_addr
 .text.netif_add
                0x10003d24      0x124 webserver/CMakeFiles/webserver.dir/C_/Program_Files/Raspberry_Pi/Pico_SDK_v1.5.1/pico-sdk/lib/lwip/src/core/netif.c.obj
                0x10003d24                netif_add
 .text.netif_set_default
                0x10003e48        0xc webserver/CMakeFiles/webserver.dir/C_/Program_Files/Raspberry_Pi/Pico_SDK_v1.5.1/pico-sdk/lib/lwip/src/core/netif.c.obj
                0x10003e48                netif_set_default
 .text.netif_set_up
                0x10003e54       0x34 webserver/CMakeFiles/webserver.dir/C_/Program_Files/Raspberry_Pi/Pico_SDK_v1.5.1/pico-sdk/lib/lwip/src/core/netif.c.obj
                0x10003e54                netif_set_up
 .text.netif_set_down
                0x10003e88       0x38 webserver/CMakeFiles/webserver.dir/C_/Program_Files/Raspberry_Pi/Pico_SDK_v1.5.1/pico-sdk/lib/lwip/src/core/netif.c.obj
                0x10003e88                netif_set_down
 .text.netif_remove
                0x10003ec0       0x64 webserver/CMakeFiles/webserver.dir/C_/Program_Files/Raspberry_Pi/Pico_SDK_v1.5.1/pico-sdk/lib/lwip/src/core/netif.c.obj
                0x10003ec0                netif_remove
 .text.netif_set_link_up
                0x10003f24       0x3c webserver/CMakeFiles/webserver.dir/C_/Program_Files/Raspberry_Pi/Pico_SDK_v1.5.1/pico-sdk/lib/lwip/src/core/netif.c.obj
                0x10003f24                netif_set_link_up
 .text.netif_set_link_down
                0x10003f60       0x2c webserver/CMakeFiles/webserver.dir/C_/Program_Files/Raspberry_Pi/Pico_SDK_v1.5.1/pico-sdk/lib/lwip/src/core/netif.c.obj
                0x10003f60                netif_set_link_down
 .text.netif_get_by_index
                0x10003f8c       0x24 webserver/CMakeFiles/webserver.dir/C_/Program_Files/Raspberry_Pi/Pico_SDK_v1.5.1/pico-sdk/lib/lwip/src/core/netif.c.obj
                0x10003f8c                netif_get_by_index
 .text.pbuf_init_alloced_pbuf
                0x10003fb0       0x20 webserver/CMakeFiles/webserver.dir/C_/Program_Files/Raspberry_Pi/Pico_SDK_v1.5.1/pico-sdk/lib/lwip/src/core/pbuf.c.obj
 .text.pbuf_skip_const
                0x10003fd0       0x1a webserver/CMakeFiles/webserver.dir/C_/Program_Files/Raspberry_Pi/Pico_SDK_v1.5.1/pico-sdk/lib/lwip/src/core/pbuf.c.obj
 *fill*         0x10003fea        0x2 
 .text.pbuf_pool_is_empty
                0x10003fec       0x18 webserver/CMakeFiles/webserver.dir/C_/Program_Files/Raspberry_Pi/Pico_SDK_v1.5.1/pico-sdk/lib/lwip/src/core/pbuf.c.obj
 .text.pbuf_add_header_impl
                0x10004004       0x68 webserver/CMakeFiles/webserver.dir/C_/Program_Files/Raspberry_Pi/Pico_SDK_v1.5.1/pico-sdk/lib/lwip/src/core/pbuf.c.obj
 .text.pbuf_free_ooseq
                0x1000406c       0x30 webserver/CMakeFiles/webserver.dir/C_/Program_Files/Raspberry_Pi/Pico_SDK_v1.5.1/pico-sdk/lib/lwip/src/core/pbuf.c.obj
                0x1000406c                pbuf_free_ooseq
 .text.pbuf_alloc_reference
                0x1000409c       0x3c webserver/CMakeFiles/webserver.dir/C_/Program_Files/Raspberry_Pi/Pico_SDK_v1.5.1/pico-sdk/lib/lwip/src/core/pbuf.c.obj
                0x1000409c                pbuf_alloc_reference
 .text.pbuf_add_header
                0x100040d8        0xa webserver/CMakeFiles/webserver.dir/C_/Program_Files/Raspberry_Pi/Pico_SDK_v1.5.1/pico-sdk/lib/lwip/src/core/pbuf.c.obj
                0x100040d8                pbuf_add_header
 *fill*         0x100040e2        0x2 
 .text.pbuf_remove_header
                0x100040e4       0x50 webserver/CMakeFiles/webserver.dir/C_/Program_Files/Raspberry_Pi/Pico_SDK_v1.5.1/pico-sdk/lib/lwip/src/core/pbuf.c.obj
                0x100040e4                pbuf_remove_header
 .text.pbuf_header_impl
                0x10004134       0x14 webserver/CMakeFiles/webserver.dir/C_/Program_Files/Raspberry_Pi/Pico_SDK_v1.5.1/pico-sdk/lib/lwip/src/core/pbuf.c.obj
 .text.pbuf_header_force
                0x10004148        0xa webserver/CMakeFiles/webserver.dir/C_/Program_Files/Raspberry_Pi/Pico_SDK_v1.5.1/pico-sdk/lib/lwip/src/core/pbuf.c.obj
                0x10004148                pbuf_header_force
 *fill*         0x10004152        0x2 
 .text.pbuf_free
                0x10004154       0x7c webserver/CMakeFiles/webserver.dir/C_/Program_Files/Raspberry_Pi/Pico_SDK_v1.5.1/pico-sdk/lib/lwip/src/core/pbuf.c.obj
                0x10004154                pbuf_free
 .text.pbuf_alloc
                0x100041d0      0x148 webserver/CMakeFiles/webserver.dir/C_/Program_Files/Raspberry_Pi/Pico_SDK_v1.5.1/pico-sdk/lib/lwip/src/core/pbuf.c.obj
                0x100041d0                pbuf_alloc
 .text.pbuf_realloc
                0x10004318       0x84 webserver/CMakeFiles/webserver.dir/C_/Program_Files/Raspberry_Pi/Pico_SDK_v1.5.1/pico-sdk/lib/lwip/src/core/pbuf.c.obj
                0x10004318                pbuf_realloc
 .text.pbuf_clen
                0x1000439c       0x12 webserver/CMakeFiles/webserver.dir/C_/Program_Files/Raspberry_Pi/Pico_SDK_v1.5.1/pico-sdk/lib/lwip/src/core/pbuf.c.obj
                0x1000439c                pbuf_clen
 *fill*         0x100043ae        0x2 
 .text.pbuf_ref
                0x100043b0       0x28 webserver/CMakeFiles/webserver.dir/C_/Program_Files/Raspberry_Pi/Pico_SDK_v1.5.1/pico-sdk/lib/lwip/src/core/pbuf.c.obj
                0x100043b0                pbuf_ref
 .text.pbuf_cat
                0x100043d8       0x44 webserver/CMakeFiles/webserver.dir/C_/Program_Files/Raspberry_Pi/Pico_SDK_v1.5.1/pico-sdk/lib/lwip/src/core/pbuf.c.obj
                0x100043d8                pbuf_cat
 .text.pbuf_chain
                0x1000441c       0x10 webserver/CMakeFiles/webserver.dir/C_/Program_Files/Raspberry_Pi/Pico_SDK_v1.5.1/pico-sdk/lib/lwip/src/core/pbuf.c.obj
                0x1000441c                pbuf_chain
 .text.pbuf_copy_partial_pbuf
                0x1000442c      0x13c webserver/CMakeFiles/webserver.dir/C_/Program_Files/Raspberry_Pi/Pico_SDK_v1.5.1/pico-sdk/lib/lwip/src/core/pbuf.c.obj
                0x1000442c                pbuf_copy_partial_pbuf
 .text.pbuf_copy
                0x10004568       0x20 webserver/CMakeFiles/webserver.dir/C_/Program_Files/Raspberry_Pi/Pico_SDK_v1.5.1/pico-sdk/lib/lwip/src/core/pbuf.c.obj
                0x10004568                pbuf_copy
 .text.pbuf_copy_partial
                0x10004588       0x90 webserver/CMakeFiles/webserver.dir/C_/Program_Files/Raspberry_Pi/Pico_SDK_v1.5.1/pico-sdk/lib/lwip/src/core/pbuf.c.obj
                0x10004588                pbuf_copy_partial
 .text.pbuf_skip
                0x10004618        0x8 webserver/CMakeFiles/webserver.dir/C_/Program_Files/Raspberry_Pi/Pico_SDK_v1.5.1/pico-sdk/lib/lwip/src/core/pbuf.c.obj
                0x10004618                pbuf_skip
 .text.pbuf_take
                0x10004620       0x98 webserver/CMakeFiles/webserver.dir/C_/Program_Files/Raspberry_Pi/Pico_SDK_v1.5.1/pico-sdk/lib/lwip/src/core/pbuf.c.obj
                0x10004620                pbuf_take
 .text.pbuf_take_at
                0x100046b8       0x70 webserver/CMakeFiles/webserver.dir/C_/Program_Files/Raspberry_Pi/Pico_SDK_v1.5.1/pico-sdk/lib/lwip/src/core/pbuf.c.obj
                0x100046b8                pbuf_take_at
 .text.pbuf_clone
                0x10004728       0x2c webserver/CMakeFiles/webserver.dir/C_/Program_Files/Raspberry_Pi/Pico_SDK_v1.5.1/pico-sdk/lib/lwip/src/core/pbuf.c.obj
                0x10004728                pbuf_clone
 .text.pbuf_put_at
                0x10004754       0x26 webserver/CMakeFiles/webserver.dir/C_/Program_Files/Raspberry_Pi/Pico_SDK_v1.5.1/pico-sdk/lib/lwip/src/core/pbuf.c.obj
                0x10004754                pbuf_put_at
 *fill*         0x1000477a        0x2 
 .text.raw_input_local_match
                0x1000477c       0x5c webserver/CMakeFiles/webserver.dir/C_/Program_Files/Raspberry_Pi/Pico_SDK_v1.5.1/pico-sdk/lib/lwip/src/core/raw.c.obj
 .text.raw_input
                0x100047d8       0xb0 webserver/CMakeFiles/webserver.dir/C_/Program_Files/Raspberry_Pi/Pico_SDK_v1.5.1/pico-sdk/lib/lwip/src/core/raw.c.obj
                0x100047d8                raw_input
 .text.raw_netif_ip_addr_changed
                0x10004888       0x38 webserver/CMakeFiles/webserver.dir/C_/Program_Files/Raspberry_Pi/Pico_SDK_v1.5.1/pico-sdk/lib/lwip/src/core/raw.c.obj
                0x10004888                raw_netif_ip_addr_changed
 .text.stats_init
                0x100048c0        0x2 webserver/CMakeFiles/webserver.dir/C_/Program_Files/Raspberry_Pi/Pico_SDK_v1.5.1/pico-sdk/lib/lwip/src/core/stats.c.obj
                0x100048c0                stats_init
 *fill*         0x100048c2        0x2 
 .text.tcp_new_port
                0x100048c4       0x6c webserver/CMakeFiles/webserver.dir/C_/Program_Files/Raspberry_Pi/Pico_SDK_v1.5.1/pico-sdk/lib/lwip/src/core/tcp.c.obj
 .text.tcp_remove_listener
                0x10004930       0x24 webserver/CMakeFiles/webserver.dir/C_/Program_Files/Raspberry_Pi/Pico_SDK_v1.5.1/pico-sdk/lib/lwip/src/core/tcp.c.obj
 .text.tcp_listen_closed
                0x10004954       0x40 webserver/CMakeFiles/webserver.dir/C_/Program_Files/Raspberry_Pi/Pico_SDK_v1.5.1/pico-sdk/lib/lwip/src/core/tcp.c.obj
 .text.tcp_free_listen
                0x10004994       0x1c webserver/CMakeFiles/webserver.dir/C_/Program_Files/Raspberry_Pi/Pico_SDK_v1.5.1/pico-sdk/lib/lwip/src/core/tcp.c.obj
 .text.tcp_close_shutdown_fin
                0x100049b0       0x68 webserver/CMakeFiles/webserver.dir/C_/Program_Files/Raspberry_Pi/Pico_SDK_v1.5.1/pico-sdk/lib/lwip/src/core/tcp.c.obj
 .text.tcp_handle_closepend
                0x10004a18       0x28 webserver/CMakeFiles/webserver.dir/C_/Program_Files/Raspberry_Pi/Pico_SDK_v1.5.1/pico-sdk/lib/lwip/src/core/tcp.c.obj
 .text.tcp_init
                0x10004a40       0x20 webserver/CMakeFiles/webserver.dir/C_/Program_Files/Raspberry_Pi/Pico_SDK_v1.5.1/pico-sdk/lib/lwip/src/core/tcp.c.obj
                0x10004a40                tcp_init
 .text.tcp_free
                0x10004a60       0x1c webserver/CMakeFiles/webserver.dir/C_/Program_Files/Raspberry_Pi/Pico_SDK_v1.5.1/pico-sdk/lib/lwip/src/core/tcp.c.obj
                0x10004a60                tcp_free
 .text.tcp_bind
                0x10004a7c       0xc8 webserver/CMakeFiles/webserver.dir/C_/Program_Files/Raspberry_Pi/Pico_SDK_v1.5.1/pico-sdk/lib/lwip/src/core/tcp.c.obj
                0x10004a7c                tcp_bind
 .text.tcp_listen_with_backlog_and_err
                0x10004b44       0xd0 webserver/CMakeFiles/webserver.dir/C_/Program_Files/Raspberry_Pi/Pico_SDK_v1.5.1/pico-sdk/lib/lwip/src/core/tcp.c.obj
                0x10004b44                tcp_listen_with_backlog_and_err
 .text.tcp_listen_with_backlog
                0x10004c14        0xa webserver/CMakeFiles/webserver.dir/C_/Program_Files/Raspberry_Pi/Pico_SDK_v1.5.1/pico-sdk/lib/lwip/src/core/tcp.c.obj
                0x10004c14                tcp_listen_with_backlog
 *fill*         0x10004c1e        0x2 
 .text.tcp_update_rcv_ann_wnd
                0x10004c20       0x58 webserver/CMakeFiles/webserver.dir/C_/Program_Files/Raspberry_Pi/Pico_SDK_v1.5.1/pico-sdk/lib/lwip/src/core/tcp.c.obj
                0x10004c20                tcp_update_rcv_ann_wnd
 .text.tcp_recved
                0x10004c78       0x60 webserver/CMakeFiles/webserver.dir/C_/Program_Files/Raspberry_Pi/Pico_SDK_v1.5.1/pico-sdk/lib/lwip/src/core/tcp.c.obj
                0x10004c78                tcp_recved
 .text.tcp_seg_free
                0x10004cd8       0x1a webserver/CMakeFiles/webserver.dir/C_/Program_Files/Raspberry_Pi/Pico_SDK_v1.5.1/pico-sdk/lib/lwip/src/core/tcp.c.obj
                0x10004cd8                tcp_seg_free
 .text.tcp_segs_free
                0x10004cf2       0x12 webserver/CMakeFiles/webserver.dir/C_/Program_Files/Raspberry_Pi/Pico_SDK_v1.5.1/pico-sdk/lib/lwip/src/core/tcp.c.obj
                0x10004cf2                tcp_segs_free
 .text.tcp_setprio
                0x10004d04       0x18 webserver/CMakeFiles/webserver.dir/C_/Program_Files/Raspberry_Pi/Pico_SDK_v1.5.1/pico-sdk/lib/lwip/src/core/tcp.c.obj
                0x10004d04                tcp_setprio
 .text.tcp_seg_copy
                0x10004d1c       0x2c webserver/CMakeFiles/webserver.dir/C_/Program_Files/Raspberry_Pi/Pico_SDK_v1.5.1/pico-sdk/lib/lwip/src/core/tcp.c.obj
                0x10004d1c                tcp_seg_copy
 .text.tcp_arg  0x10004d48        0x8 webserver/CMakeFiles/webserver.dir/C_/Program_Files/Raspberry_Pi/Pico_SDK_v1.5.1/pico-sdk/lib/lwip/src/core/tcp.c.obj
                0x10004d48                tcp_arg
 .text.tcp_recv
                0x10004d50       0x1c webserver/CMakeFiles/webserver.dir/C_/Program_Files/Raspberry_Pi/Pico_SDK_v1.5.1/pico-sdk/lib/lwip/src/core/tcp.c.obj
                0x10004d50                tcp_recv
 .text.tcp_sent
                0x10004d6c       0x1c webserver/CMakeFiles/webserver.dir/C_/Program_Files/Raspberry_Pi/Pico_SDK_v1.5.1/pico-sdk/lib/lwip/src/core/tcp.c.obj
                0x10004d6c                tcp_sent
 .text.tcp_err  0x10004d88       0x1c webserver/CMakeFiles/webserver.dir/C_/Program_Files/Raspberry_Pi/Pico_SDK_v1.5.1/pico-sdk/lib/lwip/src/core/tcp.c.obj
                0x10004d88                tcp_err
 .text.tcp_accept
                0x10004da4       0x10 webserver/CMakeFiles/webserver.dir/C_/Program_Files/Raspberry_Pi/Pico_SDK_v1.5.1/pico-sdk/lib/lwip/src/core/tcp.c.obj
                0x10004da4                tcp_accept
 .text.tcp_poll
                0x10004db4       0x2c webserver/CMakeFiles/webserver.dir/C_/Program_Files/Raspberry_Pi/Pico_SDK_v1.5.1/pico-sdk/lib/lwip/src/core/tcp.c.obj
                0x10004db4                tcp_poll
 .text.tcp_next_iss
                0x10004de0       0x28 webserver/CMakeFiles/webserver.dir/C_/Program_Files/Raspberry_Pi/Pico_SDK_v1.5.1/pico-sdk/lib/lwip/src/core/tcp.c.obj
                0x10004de0                tcp_next_iss
 .text.tcp_eff_send_mss_netif
                0x10004e08       0x34 webserver/CMakeFiles/webserver.dir/C_/Program_Files/Raspberry_Pi/Pico_SDK_v1.5.1/pico-sdk/lib/lwip/src/core/tcp.c.obj
                0x10004e08                tcp_eff_send_mss_netif
 .text.tcp_free_ooseq
                0x10004e3c       0x14 webserver/CMakeFiles/webserver.dir/C_/Program_Files/Raspberry_Pi/Pico_SDK_v1.5.1/pico-sdk/lib/lwip/src/core/tcp.c.obj
                0x10004e3c                tcp_free_ooseq
 .text.tcp_pcb_purge
                0x10004e50       0x58 webserver/CMakeFiles/webserver.dir/C_/Program_Files/Raspberry_Pi/Pico_SDK_v1.5.1/pico-sdk/lib/lwip/src/core/tcp.c.obj
                0x10004e50                tcp_pcb_purge
 .text.tcp_pcb_remove
                0x10004ea8       0xa4 webserver/CMakeFiles/webserver.dir/C_/Program_Files/Raspberry_Pi/Pico_SDK_v1.5.1/pico-sdk/lib/lwip/src/core/tcp.c.obj
                0x10004ea8                tcp_pcb_remove
 .text.tcp_abandon
                0x10004f4c      0x10c webserver/CMakeFiles/webserver.dir/C_/Program_Files/Raspberry_Pi/Pico_SDK_v1.5.1/pico-sdk/lib/lwip/src/core/tcp.c.obj
                0x10004f4c                tcp_abandon
 .text.tcp_abort
                0x10005058        0xa webserver/CMakeFiles/webserver.dir/C_/Program_Files/Raspberry_Pi/Pico_SDK_v1.5.1/pico-sdk/lib/lwip/src/core/tcp.c.obj
                0x10005058                tcp_abort
 *fill*         0x10005062        0x2 
 .text.tcp_accept_null
                0x10005064       0x1c webserver/CMakeFiles/webserver.dir/C_/Program_Files/Raspberry_Pi/Pico_SDK_v1.5.1/pico-sdk/lib/lwip/src/core/tcp.c.obj
 .text.tcp_kill_timewait
                0x10005080       0x38 webserver/CMakeFiles/webserver.dir/C_/Program_Files/Raspberry_Pi/Pico_SDK_v1.5.1/pico-sdk/lib/lwip/src/core/tcp.c.obj
 .text.tcp_kill_prio
                0x100050b8       0x58 webserver/CMakeFiles/webserver.dir/C_/Program_Files/Raspberry_Pi/Pico_SDK_v1.5.1/pico-sdk/lib/lwip/src/core/tcp.c.obj
 .text.tcp_netif_ip_addr_changed_pcblist
                0x10005110       0x30 webserver/CMakeFiles/webserver.dir/C_/Program_Files/Raspberry_Pi/Pico_SDK_v1.5.1/pico-sdk/lib/lwip/src/core/tcp.c.obj
 .text.tcp_netif_ip_addr_changed
                0x10005140       0x54 webserver/CMakeFiles/webserver.dir/C_/Program_Files/Raspberry_Pi/Pico_SDK_v1.5.1/pico-sdk/lib/lwip/src/core/tcp.c.obj
                0x10005140                tcp_netif_ip_addr_changed
 .text.tcp_kill_state
                0x10005194       0x54 webserver/CMakeFiles/webserver.dir/C_/Program_Files/Raspberry_Pi/Pico_SDK_v1.5.1/pico-sdk/lib/lwip/src/core/tcp.c.obj
 .text.tcp_alloc
                0x100051e8       0xcc webserver/CMakeFiles/webserver.dir/C_/Program_Files/Raspberry_Pi/Pico_SDK_v1.5.1/pico-sdk/lib/lwip/src/core/tcp.c.obj
                0x100051e8                tcp_alloc
 .text.tcp_new_ip_type
                0x100052b4        0xa webserver/CMakeFiles/webserver.dir/C_/Program_Files/Raspberry_Pi/Pico_SDK_v1.5.1/pico-sdk/lib/lwip/src/core/tcp.c.obj
                0x100052b4                tcp_new_ip_type
 *fill*         0x100052be        0x2 
 .text.tcp_close_shutdown
                0x100052c0      0x13c webserver/CMakeFiles/webserver.dir/C_/Program_Files/Raspberry_Pi/Pico_SDK_v1.5.1/pico-sdk/lib/lwip/src/core/tcp.c.obj
 .text.tcp_close
                0x100053fc       0x2c webserver/CMakeFiles/webserver.dir/C_/Program_Files/Raspberry_Pi/Pico_SDK_v1.5.1/pico-sdk/lib/lwip/src/core/tcp.c.obj
                0x100053fc                tcp_close
 .text.tcp_recv_null
                0x10005428       0x3c webserver/CMakeFiles/webserver.dir/C_/Program_Files/Raspberry_Pi/Pico_SDK_v1.5.1/pico-sdk/lib/lwip/src/core/tcp.c.obj
                0x10005428                tcp_recv_null
 .text.tcp_process_refused_data
                0x10005464       0x88 webserver/CMakeFiles/webserver.dir/C_/Program_Files/Raspberry_Pi/Pico_SDK_v1.5.1/pico-sdk/lib/lwip/src/core/tcp.c.obj
                0x10005464                tcp_process_refused_data
 .text.tcp_fasttmr
                0x100054ec       0x80 webserver/CMakeFiles/webserver.dir/C_/Program_Files/Raspberry_Pi/Pico_SDK_v1.5.1/pico-sdk/lib/lwip/src/core/tcp.c.obj
                0x100054ec                tcp_fasttmr
 .text.tcp_slowtmr
                0x1000556c      0x44c webserver/CMakeFiles/webserver.dir/C_/Program_Files/Raspberry_Pi/Pico_SDK_v1.5.1/pico-sdk/lib/lwip/src/core/tcp.c.obj
                0x1000556c                tcp_slowtmr
 .text.tcp_tmr  0x100059b8       0x20 webserver/CMakeFiles/webserver.dir/C_/Program_Files/Raspberry_Pi/Pico_SDK_v1.5.1/pico-sdk/lib/lwip/src/core/tcp.c.obj
                0x100059b8                tcp_tmr
 .text.tcp_get_next_optbyte
                0x100059d8       0x40 webserver/CMakeFiles/webserver.dir/C_/Program_Files/Raspberry_Pi/Pico_SDK_v1.5.1/pico-sdk/lib/lwip/src/core/tcp_in.c.obj
 .text.tcp_parseopt
                0x10005a18       0x9c webserver/CMakeFiles/webserver.dir/C_/Program_Files/Raspberry_Pi/Pico_SDK_v1.5.1/pico-sdk/lib/lwip/src/core/tcp_in.c.obj
 .text.tcp_input_delayed_close
                0x10005ab4       0x4c webserver/CMakeFiles/webserver.dir/C_/Program_Files/Raspberry_Pi/Pico_SDK_v1.5.1/pico-sdk/lib/lwip/src/core/tcp_in.c.obj
 .text.tcp_timewait_input
                0x10005b00       0xa0 webserver/CMakeFiles/webserver.dir/C_/Program_Files/Raspberry_Pi/Pico_SDK_v1.5.1/pico-sdk/lib/lwip/src/core/tcp_in.c.obj
 .text.tcp_listen_input
                0x10005ba0      0x15c webserver/CMakeFiles/webserver.dir/C_/Program_Files/Raspberry_Pi/Pico_SDK_v1.5.1/pico-sdk/lib/lwip/src/core/tcp_in.c.obj
 .text.tcp_free_acked_segments
                0x10005cfc       0xc0 webserver/CMakeFiles/webserver.dir/C_/Program_Files/Raspberry_Pi/Pico_SDK_v1.5.1/pico-sdk/lib/lwip/src/core/tcp_in.c.obj
 .text.tcp_oos_insert_segment
                0x10005dbc       0xd4 webserver/CMakeFiles/webserver.dir/C_/Program_Files/Raspberry_Pi/Pico_SDK_v1.5.1/pico-sdk/lib/lwip/src/core/tcp_in.c.obj
 .text.tcp_receive
                0x10005e90      0x9f0 webserver/CMakeFiles/webserver.dir/C_/Program_Files/Raspberry_Pi/Pico_SDK_v1.5.1/pico-sdk/lib/lwip/src/core/tcp_in.c.obj
 .text.tcp_process
                0x10006880      0x55c webserver/CMakeFiles/webserver.dir/C_/Program_Files/Raspberry_Pi/Pico_SDK_v1.5.1/pico-sdk/lib/lwip/src/core/tcp_in.c.obj
 .text.tcp_input
                0x10006ddc      0x674 webserver/CMakeFiles/webserver.dir/C_/Program_Files/Raspberry_Pi/Pico_SDK_v1.5.1/pico-sdk/lib/lwip/src/core/tcp_in.c.obj
                0x10006ddc                tcp_input
 .text.tcp_trigger_input_pcb_close
                0x10007450       0x10 webserver/CMakeFiles/webserver.dir/C_/Program_Files/Raspberry_Pi/Pico_SDK_v1.5.1/pico-sdk/lib/lwip/src/core/tcp_in.c.obj
                0x10007450                tcp_trigger_input_pcb_close
 .text.tcp_write_checks
                0x10007460       0xa8 webserver/CMakeFiles/webserver.dir/C_/Program_Files/Raspberry_Pi/Pico_SDK_v1.5.1/pico-sdk/lib/lwip/src/core/tcp_out.c.obj
 .text.tcp_output_segment_busy
                0x10007508       0x20 webserver/CMakeFiles/webserver.dir/C_/Program_Files/Raspberry_Pi/Pico_SDK_v1.5.1/pico-sdk/lib/lwip/src/core/tcp_out.c.obj
 .text.tcp_output_fill_options
                0x10007528       0x30 webserver/CMakeFiles/webserver.dir/C_/Program_Files/Raspberry_Pi/Pico_SDK_v1.5.1/pico-sdk/lib/lwip/src/core/tcp_out.c.obj
 .text.tcp_pbuf_prealloc
                0x10007558       0x4c webserver/CMakeFiles/webserver.dir/C_/Program_Files/Raspberry_Pi/Pico_SDK_v1.5.1/pico-sdk/lib/lwip/src/core/tcp_out.c.obj
 .text.tcp_create_segment
                0x100075a4       0xf4 webserver/CMakeFiles/webserver.dir/C_/Program_Files/Raspberry_Pi/Pico_SDK_v1.5.1/pico-sdk/lib/lwip/src/core/tcp_out.c.obj
 .text.tcp_output_alloc_header_common
                0x10007698       0xd0 webserver/CMakeFiles/webserver.dir/C_/Program_Files/Raspberry_Pi/Pico_SDK_v1.5.1/pico-sdk/lib/lwip/src/core/tcp_out.c.obj
 .text.tcp_output_alloc_header
                0x10007768       0x3c webserver/CMakeFiles/webserver.dir/C_/Program_Files/Raspberry_Pi/Pico_SDK_v1.5.1/pico-sdk/lib/lwip/src/core/tcp_out.c.obj
 .text.tcp_rst_common
                0x100077a4       0x68 webserver/CMakeFiles/webserver.dir/C_/Program_Files/Raspberry_Pi/Pico_SDK_v1.5.1/pico-sdk/lib/lwip/src/core/tcp_out.c.obj
 .text.tcp_route
                0x1000780c       0x1a webserver/CMakeFiles/webserver.dir/C_/Program_Files/Raspberry_Pi/Pico_SDK_v1.5.1/pico-sdk/lib/lwip/src/core/tcp_out.c.obj
 *fill*         0x10007826        0x2 
 .text.tcp_output_segment
                0x10007828      0x168 webserver/CMakeFiles/webserver.dir/C_/Program_Files/Raspberry_Pi/Pico_SDK_v1.5.1/pico-sdk/lib/lwip/src/core/tcp_out.c.obj
 .text.tcp_output_control_segment_netif
                0x10007990       0x84 webserver/CMakeFiles/webserver.dir/C_/Program_Files/Raspberry_Pi/Pico_SDK_v1.5.1/pico-sdk/lib/lwip/src/core/tcp_out.c.obj
 .text.tcp_output_control_segment
                0x10007a14       0x44 webserver/CMakeFiles/webserver.dir/C_/Program_Files/Raspberry_Pi/Pico_SDK_v1.5.1/pico-sdk/lib/lwip/src/core/tcp_out.c.obj
 .text.tcp_write
                0x10007a58      0x368 webserver/CMakeFiles/webserver.dir/C_/Program_Files/Raspberry_Pi/Pico_SDK_v1.5.1/pico-sdk/lib/lwip/src/core/tcp_out.c.obj
                0x10007a58                tcp_write
 .text.tcp_split_unsent_seg
                0x10007dc0      0x1f8 webserver/CMakeFiles/webserver.dir/C_/Program_Files/Raspberry_Pi/Pico_SDK_v1.5.1/pico-sdk/lib/lwip/src/core/tcp_out.c.obj
                0x10007dc0                tcp_split_unsent_seg
 .text.tcp_enqueue_flags
                0x10007fb8      0x11c webserver/CMakeFiles/webserver.dir/C_/Program_Files/Raspberry_Pi/Pico_SDK_v1.5.1/pico-sdk/lib/lwip/src/core/tcp_out.c.obj
                0x10007fb8                tcp_enqueue_flags
 .text.tcp_send_fin
                0x100080d4       0x68 webserver/CMakeFiles/webserver.dir/C_/Program_Files/Raspberry_Pi/Pico_SDK_v1.5.1/pico-sdk/lib/lwip/src/core/tcp_out.c.obj
                0x100080d4                tcp_send_fin
 .text.tcp_rexmit_rto_prepare
                0x1000813c       0xac webserver/CMakeFiles/webserver.dir/C_/Program_Files/Raspberry_Pi/Pico_SDK_v1.5.1/pico-sdk/lib/lwip/src/core/tcp_out.c.obj
                0x1000813c                tcp_rexmit_rto_prepare
 .text.tcp_rexmit
                0x100081e8       0xa4 webserver/CMakeFiles/webserver.dir/C_/Program_Files/Raspberry_Pi/Pico_SDK_v1.5.1/pico-sdk/lib/lwip/src/core/tcp_out.c.obj
                0x100081e8                tcp_rexmit
 .text.tcp_rexmit_fast
                0x1000828c       0x68 webserver/CMakeFiles/webserver.dir/C_/Program_Files/Raspberry_Pi/Pico_SDK_v1.5.1/pico-sdk/lib/lwip/src/core/tcp_out.c.obj
                0x1000828c                tcp_rexmit_fast
 .text.tcp_rst  0x100082f4       0x32 webserver/CMakeFiles/webserver.dir/C_/Program_Files/Raspberry_Pi/Pico_SDK_v1.5.1/pico-sdk/lib/lwip/src/core/tcp_out.c.obj
                0x100082f4                tcp_rst
 .text.tcp_rst_netif
                0x10008326       0x38 webserver/CMakeFiles/webserver.dir/C_/Program_Files/Raspberry_Pi/Pico_SDK_v1.5.1/pico-sdk/lib/lwip/src/core/tcp_out.c.obj
                0x10008326                tcp_rst_netif
 *fill*         0x1000835e        0x2 
 .text.tcp_send_empty_ack
                0x10008360       0x64 webserver/CMakeFiles/webserver.dir/C_/Program_Files/Raspberry_Pi/Pico_SDK_v1.5.1/pico-sdk/lib/lwip/src/core/tcp_out.c.obj
                0x10008360                tcp_send_empty_ack
 .text.tcp_output
                0x100083c4      0x338 webserver/CMakeFiles/webserver.dir/C_/Program_Files/Raspberry_Pi/Pico_SDK_v1.5.1/pico-sdk/lib/lwip/src/core/tcp_out.c.obj
                0x100083c4                tcp_output
 .text.tcp_rexmit_rto_commit
                0x100086fc       0x24 webserver/CMakeFiles/webserver.dir/C_/Program_Files/Raspberry_Pi/Pico_SDK_v1.5.1/pico-sdk/lib/lwip/src/core/tcp_out.c.obj
                0x100086fc                tcp_rexmit_rto_commit
 .text.tcp_rexmit_rto
                0x10008720       0x24 webserver/CMakeFiles/webserver.dir/C_/Program_Files/Raspberry_Pi/Pico_SDK_v1.5.1/pico-sdk/lib/lwip/src/core/tcp_out.c.obj
                0x10008720                tcp_rexmit_rto
 .text.tcp_keepalive
                0x10008744       0x48 webserver/CMakeFiles/webserver.dir/C_/Program_Files/Raspberry_Pi/Pico_SDK_v1.5.1/pico-sdk/lib/lwip/src/core/tcp_out.c.obj
                0x10008744                tcp_keepalive
 .text.tcp_zero_window_probe
                0x1000878c      0x10c webserver/CMakeFiles/webserver.dir/C_/Program_Files/Raspberry_Pi/Pico_SDK_v1.5.1/pico-sdk/lib/lwip/src/core/tcp_out.c.obj
                0x1000878c                tcp_zero_window_probe
 .text.sys_timeout_abs
                0x10008898       0x60 webserver/CMakeFiles/webserver.dir/C_/Program_Files/Raspberry_Pi/Pico_SDK_v1.5.1/pico-sdk/lib/lwip/src/core/timeouts.c.obj
 .text.lwip_cyclic_timer
                0x100088f8       0x38 webserver/CMakeFiles/webserver.dir/C_/Program_Files/Raspberry_Pi/Pico_SDK_v1.5.1/pico-sdk/lib/lwip/src/core/timeouts.c.obj
 .text.sys_timeout
                0x10008930       0x2c webserver/CMakeFiles/webserver.dir/C_/Program_Files/Raspberry_Pi/Pico_SDK_v1.5.1/pico-sdk/lib/lwip/src/core/timeouts.c.obj
                0x10008930                sys_timeout
 .text.tcp_timer_needed
                0x1000895c       0x40 webserver/CMakeFiles/webserver.dir/C_/Program_Files/Raspberry_Pi/Pico_SDK_v1.5.1/pico-sdk/lib/lwip/src/core/timeouts.c.obj
                0x1000895c                tcp_timer_needed
 .text.tcpip_tcp_timer
                0x1000899c       0x3c webserver/CMakeFiles/webserver.dir/C_/Program_Files/Raspberry_Pi/Pico_SDK_v1.5.1/pico-sdk/lib/lwip/src/core/timeouts.c.obj
 .text.sys_timeouts_init
                0x100089d8       0x24 webserver/CMakeFiles/webserver.dir/C_/Program_Files/Raspberry_Pi/Pico_SDK_v1.5.1/pico-sdk/lib/lwip/src/core/timeouts.c.obj
                0x100089d8                sys_timeouts_init
 .text.sys_check_timeouts
                0x100089fc       0x54 webserver/CMakeFiles/webserver.dir/C_/Program_Files/Raspberry_Pi/Pico_SDK_v1.5.1/pico-sdk/lib/lwip/src/core/timeouts.c.obj
                0x100089fc                sys_check_timeouts
 .text.sys_timeouts_sleeptime
                0x10008a50       0x34 webserver/CMakeFiles/webserver.dir/C_/Program_Files/Raspberry_Pi/Pico_SDK_v1.5.1/pico-sdk/lib/lwip/src/core/timeouts.c.obj
                0x10008a50                sys_timeouts_sleeptime
 .text.udp_new_port
                0x10008a84       0x54 webserver/CMakeFiles/webserver.dir/C_/Program_Files/Raspberry_Pi/Pico_SDK_v1.5.1/pico-sdk/lib/lwip/src/core/udp.c.obj
 .text.udp_input_local_match
                0x10008ad8       0x90 webserver/CMakeFiles/webserver.dir/C_/Program_Files/Raspberry_Pi/Pico_SDK_v1.5.1/pico-sdk/lib/lwip/src/core/udp.c.obj
 .text.udp_init
                0x10008b68       0x20 webserver/CMakeFiles/webserver.dir/C_/Program_Files/Raspberry_Pi/Pico_SDK_v1.5.1/pico-sdk/lib/lwip/src/core/udp.c.obj
                0x10008b68                udp_init
 .text.udp_input
                0x10008b88      0x210 webserver/CMakeFiles/webserver.dir/C_/Program_Files/Raspberry_Pi/Pico_SDK_v1.5.1/pico-sdk/lib/lwip/src/core/udp.c.obj
                0x10008b88                udp_input
 .text.udp_bind
                0x10008d98       0xbc webserver/CMakeFiles/webserver.dir/C_/Program_Files/Raspberry_Pi/Pico_SDK_v1.5.1/pico-sdk/lib/lwip/src/core/udp.c.obj
                0x10008d98                udp_bind
 .text.udp_sendto_if_src
                0x10008e54      0x17c webserver/CMakeFiles/webserver.dir/C_/Program_Files/Raspberry_Pi/Pico_SDK_v1.5.1/pico-sdk/lib/lwip/src/core/udp.c.obj
                0x10008e54                udp_sendto_if_src
 .text.udp_sendto_if
                0x10008fd0       0x84 webserver/CMakeFiles/webserver.dir/C_/Program_Files/Raspberry_Pi/Pico_SDK_v1.5.1/pico-sdk/lib/lwip/src/core/udp.c.obj
                0x10008fd0                udp_sendto_if
 .text.udp_sendto
                0x10009054       0x84 webserver/CMakeFiles/webserver.dir/C_/Program_Files/Raspberry_Pi/Pico_SDK_v1.5.1/pico-sdk/lib/lwip/src/core/udp.c.obj
                0x10009054                udp_sendto
 .text.udp_connect
                0x100090d8       0x74 webserver/CMakeFiles/webserver.dir/C_/Program_Files/Raspberry_Pi/Pico_SDK_v1.5.1/pico-sdk/lib/lwip/src/core/udp.c.obj
                0x100090d8                udp_connect
 .text.udp_recv
                0x1000914c       0x18 webserver/CMakeFiles/webserver.dir/C_/Program_Files/Raspberry_Pi/Pico_SDK_v1.5.1/pico-sdk/lib/lwip/src/core/udp.c.obj
                0x1000914c                udp_recv
 .text.udp_remove
                0x10009164       0x44 webserver/CMakeFiles/webserver.dir/C_/Program_Files/Raspberry_Pi/Pico_SDK_v1.5.1/pico-sdk/lib/lwip/src/core/udp.c.obj
                0x10009164                udp_remove
 .text.udp_new  0x100091a8       0x1c webserver/CMakeFiles/webserver.dir/C_/Program_Files/Raspberry_Pi/Pico_SDK_v1.5.1/pico-sdk/lib/lwip/src/core/udp.c.obj
                0x100091a8                udp_new
 .text.udp_netif_ip_addr_changed
                0x100091c4       0x38 webserver/CMakeFiles/webserver.dir/C_/Program_Files/Raspberry_Pi/Pico_SDK_v1.5.1/pico-sdk/lib/lwip/src/core/udp.c.obj
                0x100091c4                udp_netif_ip_addr_changed
 .text.dhcp_set_state
                0x100091fc       0x10 webserver/CMakeFiles/webserver.dir/C_/Program_Files/Raspberry_Pi/Pico_SDK_v1.5.1/pico-sdk/lib/lwip/src/core/ipv4/dhcp.c.obj
 .text.dhcp_option_short
                0x1000920c       0x24 webserver/CMakeFiles/webserver.dir/C_/Program_Files/Raspberry_Pi/Pico_SDK_v1.5.1/pico-sdk/lib/lwip/src/core/ipv4/dhcp.c.obj
 .text.dhcp_option
                0x10009230       0x24 webserver/CMakeFiles/webserver.dir/C_/Program_Files/Raspberry_Pi/Pico_SDK_v1.5.1/pico-sdk/lib/lwip/src/core/ipv4/dhcp.c.obj
 .text.dhcp_option_byte
                0x10009254       0x1c webserver/CMakeFiles/webserver.dir/C_/Program_Files/Raspberry_Pi/Pico_SDK_v1.5.1/pico-sdk/lib/lwip/src/core/ipv4/dhcp.c.obj
 .text.dhcp_option_long
                0x10009270       0x34 webserver/CMakeFiles/webserver.dir/C_/Program_Files/Raspberry_Pi/Pico_SDK_v1.5.1/pico-sdk/lib/lwip/src/core/ipv4/dhcp.c.obj
 .text.dhcp_create_msg
                0x100092a4      0x138 webserver/CMakeFiles/webserver.dir/C_/Program_Files/Raspberry_Pi/Pico_SDK_v1.5.1/pico-sdk/lib/lwip/src/core/ipv4/dhcp.c.obj
 .text.dhcp_option_hostname
                0x100093dc       0x70 webserver/CMakeFiles/webserver.dir/C_/Program_Files/Raspberry_Pi/Pico_SDK_v1.5.1/pico-sdk/lib/lwip/src/core/ipv4/dhcp.c.obj
 .text.dhcp_option_trailer
                0x1000944c       0x30 webserver/CMakeFiles/webserver.dir/C_/Program_Files/Raspberry_Pi/Pico_SDK_v1.5.1/pico-sdk/lib/lwip/src/core/ipv4/dhcp.c.obj
 .text.dhcp_rebind
                0x1000947c       0xfc webserver/CMakeFiles/webserver.dir/C_/Program_Files/Raspberry_Pi/Pico_SDK_v1.5.1/pico-sdk/lib/lwip/src/core/ipv4/dhcp.c.obj
 .text.dhcp_t2_timeout
                0x10009578       0x2e webserver/CMakeFiles/webserver.dir/C_/Program_Files/Raspberry_Pi/Pico_SDK_v1.5.1/pico-sdk/lib/lwip/src/core/ipv4/dhcp.c.obj
 *fill*         0x100095a6        0x2 
 .text.dhcp_reboot
                0x100095a8      0x120 webserver/CMakeFiles/webserver.dir/C_/Program_Files/Raspberry_Pi/Pico_SDK_v1.5.1/pico-sdk/lib/lwip/src/core/ipv4/dhcp.c.obj
 .text.dhcp_select
                0x100096c8      0x16c webserver/CMakeFiles/webserver.dir/C_/Program_Files/Raspberry_Pi/Pico_SDK_v1.5.1/pico-sdk/lib/lwip/src/core/ipv4/dhcp.c.obj
 .text.dhcp_handle_offer
                0x10009834       0x48 webserver/CMakeFiles/webserver.dir/C_/Program_Files/Raspberry_Pi/Pico_SDK_v1.5.1/pico-sdk/lib/lwip/src/core/ipv4/dhcp.c.obj
 .text.dhcp_discover
                0x1000987c       0xf8 webserver/CMakeFiles/webserver.dir/C_/Program_Files/Raspberry_Pi/Pico_SDK_v1.5.1/pico-sdk/lib/lwip/src/core/ipv4/dhcp.c.obj
 .text.dhcp_dec_pcb_refcount
                0x10009974       0x38 webserver/CMakeFiles/webserver.dir/C_/Program_Files/Raspberry_Pi/Pico_SDK_v1.5.1/pico-sdk/lib/lwip/src/core/ipv4/dhcp.c.obj
 .text.dhcp_inc_pcb_refcount
                0x100099ac       0x74 webserver/CMakeFiles/webserver.dir/C_/Program_Files/Raspberry_Pi/Pico_SDK_v1.5.1/pico-sdk/lib/lwip/src/core/ipv4/dhcp.c.obj
 .text.dhcp_parse_reply
                0x10009a20      0x2fc webserver/CMakeFiles/webserver.dir/C_/Program_Files/Raspberry_Pi/Pico_SDK_v1.5.1/pico-sdk/lib/lwip/src/core/ipv4/dhcp.c.obj
 .text.dhcp_handle_ack
                0x10009d1c       0xd0 webserver/CMakeFiles/webserver.dir/C_/Program_Files/Raspberry_Pi/Pico_SDK_v1.5.1/pico-sdk/lib/lwip/src/core/ipv4/dhcp.c.obj
 .text.dhcp_bind
                0x10009dec      0x104 webserver/CMakeFiles/webserver.dir/C_/Program_Files/Raspberry_Pi/Pico_SDK_v1.5.1/pico-sdk/lib/lwip/src/core/ipv4/dhcp.c.obj
 .text.dhcp_handle_nak
                0x10009ef0       0x24 webserver/CMakeFiles/webserver.dir/C_/Program_Files/Raspberry_Pi/Pico_SDK_v1.5.1/pico-sdk/lib/lwip/src/core/ipv4/dhcp.c.obj
 .text.dhcp_recv
                0x10009f14       0xf4 webserver/CMakeFiles/webserver.dir/C_/Program_Files/Raspberry_Pi/Pico_SDK_v1.5.1/pico-sdk/lib/lwip/src/core/ipv4/dhcp.c.obj
 .text.dhcp_set_struct
                0x1000a008       0x44 webserver/CMakeFiles/webserver.dir/C_/Program_Files/Raspberry_Pi/Pico_SDK_v1.5.1/pico-sdk/lib/lwip/src/core/ipv4/dhcp.c.obj
                0x1000a008                dhcp_set_struct
 .text.dhcp_network_changed_link_up
                0x1000a04c       0x40 webserver/CMakeFiles/webserver.dir/C_/Program_Files/Raspberry_Pi/Pico_SDK_v1.5.1/pico-sdk/lib/lwip/src/core/ipv4/dhcp.c.obj
                0x1000a04c                dhcp_network_changed_link_up
 .text.dhcp_renew
                0x1000a08c       0xf8 webserver/CMakeFiles/webserver.dir/C_/Program_Files/Raspberry_Pi/Pico_SDK_v1.5.1/pico-sdk/lib/lwip/src/core/ipv4/dhcp.c.obj
                0x1000a08c                dhcp_renew
 .text.dhcp_t1_timeout
                0x1000a184       0x2a webserver/CMakeFiles/webserver.dir/C_/Program_Files/Raspberry_Pi/Pico_SDK_v1.5.1/pico-sdk/lib/lwip/src/core/ipv4/dhcp.c.obj
 .text.dhcp_supplied_address
                0x1000a1ae       0x32 webserver/CMakeFiles/webserver.dir/C_/Program_Files/Raspberry_Pi/Pico_SDK_v1.5.1/pico-sdk/lib/lwip/src/core/ipv4/dhcp.c.obj
                0x1000a1ae                dhcp_supplied_address
 .text.dhcp_release_and_stop
                0x1000a1e0       0xdc webserver/CMakeFiles/webserver.dir/C_/Program_Files/Raspberry_Pi/Pico_SDK_v1.5.1/pico-sdk/lib/lwip/src/core/ipv4/dhcp.c.obj
                0x1000a1e0                dhcp_release_and_stop
 .text.dhcp_start
                0x1000a2bc       0xac webserver/CMakeFiles/webserver.dir/C_/Program_Files/Raspberry_Pi/Pico_SDK_v1.5.1/pico-sdk/lib/lwip/src/core/ipv4/dhcp.c.obj
                0x1000a2bc                dhcp_start
 .text.dhcp_coarse_tmr
                0x1000a368       0x6c webserver/CMakeFiles/webserver.dir/C_/Program_Files/Raspberry_Pi/Pico_SDK_v1.5.1/pico-sdk/lib/lwip/src/core/ipv4/dhcp.c.obj
                0x1000a368                dhcp_coarse_tmr
 .text.dhcp_timeout
                0x1000a3d4       0x4a webserver/CMakeFiles/webserver.dir/C_/Program_Files/Raspberry_Pi/Pico_SDK_v1.5.1/pico-sdk/lib/lwip/src/core/ipv4/dhcp.c.obj
 *fill*         0x1000a41e        0x2 
 .text.dhcp_fine_tmr
                0x1000a420       0x38 webserver/CMakeFiles/webserver.dir/C_/Program_Files/Raspberry_Pi/Pico_SDK_v1.5.1/pico-sdk/lib/lwip/src/core/ipv4/dhcp.c.obj
                0x1000a420                dhcp_fine_tmr
 .text.dhcp_stop
                0x1000a458        0x8 webserver/CMakeFiles/webserver.dir/C_/Program_Files/Raspberry_Pi/Pico_SDK_v1.5.1/pico-sdk/lib/lwip/src/core/ipv4/dhcp.c.obj
                0x1000a458                dhcp_stop
 .text.etharp_free_entry
                0x1000a460       0x4c webserver/CMakeFiles/webserver.dir/C_/Program_Files/Raspberry_Pi/Pico_SDK_v1.5.1/pico-sdk/lib/lwip/src/core/ipv4/etharp.c.obj
 .text.etharp_find_entry
                0x1000a4ac      0x1b0 webserver/CMakeFiles/webserver.dir/C_/Program_Files/Raspberry_Pi/Pico_SDK_v1.5.1/pico-sdk/lib/lwip/src/core/ipv4/etharp.c.obj
 .text.etharp_update_arp_entry
                0x1000a65c       0xc8 webserver/CMakeFiles/webserver.dir/C_/Program_Files/Raspberry_Pi/Pico_SDK_v1.5.1/pico-sdk/lib/lwip/src/core/ipv4/etharp.c.obj
 .text.etharp_raw
                0x1000a724       0xf0 webserver/CMakeFiles/webserver.dir/C_/Program_Files/Raspberry_Pi/Pico_SDK_v1.5.1/pico-sdk/lib/lwip/src/core/ipv4/etharp.c.obj
 .text.etharp_request_dst
                0x1000a814       0x24 webserver/CMakeFiles/webserver.dir/C_/Program_Files/Raspberry_Pi/Pico_SDK_v1.5.1/pico-sdk/lib/lwip/src/core/ipv4/etharp.c.obj
 .text.etharp_cleanup_netif
                0x1000a838       0x3c webserver/CMakeFiles/webserver.dir/C_/Program_Files/Raspberry_Pi/Pico_SDK_v1.5.1/pico-sdk/lib/lwip/src/core/ipv4/etharp.c.obj
                0x1000a838                etharp_cleanup_netif
 .text.etharp_input
                0x1000a874      0x120 webserver/CMakeFiles/webserver.dir/C_/Program_Files/Raspberry_Pi/Pico_SDK_v1.5.1/pico-sdk/lib/lwip/src/core/ipv4/etharp.c.obj
                0x1000a874                etharp_input
 .text.etharp_request
                0x1000a994       0x10 webserver/CMakeFiles/webserver.dir/C_/Program_Files/Raspberry_Pi/Pico_SDK_v1.5.1/pico-sdk/lib/lwip/src/core/ipv4/etharp.c.obj
                0x1000a994                etharp_request
 .text.etharp_tmr
                0x1000a9a4       0x8c webserver/CMakeFiles/webserver.dir/C_/Program_Files/Raspberry_Pi/Pico_SDK_v1.5.1/pico-sdk/lib/lwip/src/core/ipv4/etharp.c.obj
                0x1000a9a4                etharp_tmr
 .text.etharp_output_to_arp_index
                0x1000aa30       0xc0 webserver/CMakeFiles/webserver.dir/C_/Program_Files/Raspberry_Pi/Pico_SDK_v1.5.1/pico-sdk/lib/lwip/src/core/ipv4/etharp.c.obj
 .text.etharp_query
                0x1000aaf0      0x1d8 webserver/CMakeFiles/webserver.dir/C_/Program_Files/Raspberry_Pi/Pico_SDK_v1.5.1/pico-sdk/lib/lwip/src/core/ipv4/etharp.c.obj
                0x1000aaf0                etharp_query
 .text.etharp_output
                0x1000acc8      0x154 webserver/CMakeFiles/webserver.dir/C_/Program_Files/Raspberry_Pi/Pico_SDK_v1.5.1/pico-sdk/lib/lwip/src/core/ipv4/etharp.c.obj
                0x1000acc8                etharp_output
 .text.icmp_send_response
                0x1000ae1c       0xd4 webserver/CMakeFiles/webserver.dir/C_/Program_Files/Raspberry_Pi/Pico_SDK_v1.5.1/pico-sdk/lib/lwip/src/core/ipv4/icmp.c.obj
 .text.icmp_input
                0x1000aef0      0x204 webserver/CMakeFiles/webserver.dir/C_/Program_Files/Raspberry_Pi/Pico_SDK_v1.5.1/pico-sdk/lib/lwip/src/core/ipv4/icmp.c.obj
                0x1000aef0                icmp_input
 .text.icmp_dest_unreach
                0x1000b0f4        0xc webserver/CMakeFiles/webserver.dir/C_/Program_Files/Raspberry_Pi/Pico_SDK_v1.5.1/pico-sdk/lib/lwip/src/core/ipv4/icmp.c.obj
                0x1000b0f4                icmp_dest_unreach
 .text.icmp_time_exceeded
                0x1000b100        0xc webserver/CMakeFiles/webserver.dir/C_/Program_Files/Raspberry_Pi/Pico_SDK_v1.5.1/pico-sdk/lib/lwip/src/core/ipv4/icmp.c.obj
                0x1000b100                icmp_time_exceeded
 .text.ip_reass_dequeue_datagram
                0x1000b10c       0x34 webserver/CMakeFiles/webserver.dir/C_/Program_Files/Raspberry_Pi/Pico_SDK_v1.5.1/pico-sdk/lib/lwip/src/core/ipv4/ip4_frag.c.obj
 .text.ip_reass_free_complete_datagram
                0x1000b140       0xe8 webserver/CMakeFiles/webserver.dir/C_/Program_Files/Raspberry_Pi/Pico_SDK_v1.5.1/pico-sdk/lib/lwip/src/core/ipv4/ip4_frag.c.obj
 .text.ip_reass_remove_oldest_datagram
                0x1000b228       0xc4 webserver/CMakeFiles/webserver.dir/C_/Program_Files/Raspberry_Pi/Pico_SDK_v1.5.1/pico-sdk/lib/lwip/src/core/ipv4/ip4_frag.c.obj
 .text.ip_reass_chain_frag_into_datagram_and_validate
                0x1000b2ec      0x27c webserver/CMakeFiles/webserver.dir/C_/Program_Files/Raspberry_Pi/Pico_SDK_v1.5.1/pico-sdk/lib/lwip/src/core/ipv4/ip4_frag.c.obj
 .text.ip_reass_enqueue_new_datagram
                0x1000b568       0x64 webserver/CMakeFiles/webserver.dir/C_/Program_Files/Raspberry_Pi/Pico_SDK_v1.5.1/pico-sdk/lib/lwip/src/core/ipv4/ip4_frag.c.obj
 .text.ip_reass_tmr
                0x1000b5cc       0x30 webserver/CMakeFiles/webserver.dir/C_/Program_Files/Raspberry_Pi/Pico_SDK_v1.5.1/pico-sdk/lib/lwip/src/core/ipv4/ip4_frag.c.obj
                0x1000b5cc                ip_reass_tmr
 .text.ip4_reass
                0x1000b5fc      0x284 webserver/CMakeFiles/webserver.dir/C_/Program_Files/Raspberry_Pi/Pico_SDK_v1.5.1/pico-sdk/lib/lwip/src/core/ipv4/ip4_frag.c.obj
                0x1000b5fc                ip4_reass
 .text.ip4_frag
                0x1000b880      0x178 webserver/CMakeFiles/webserver.dir/C_/Program_Files/Raspberry_Pi/Pico_SDK_v1.5.1/pico-sdk/lib/lwip/src/core/ipv4/ip4_frag.c.obj
                0x1000b880                ip4_frag
 .text.ip4_input_accept
                0x1000b9f8       0x38 webserver/CMakeFiles/webserver.dir/C_/Program_Files/Raspberry_Pi/Pico_SDK_v1.5.1/pico-sdk/lib/lwip/src/core/ipv4/ip4.c.obj
 .text.ip4_route
                0x1000ba30       0x7c webserver/CMakeFiles/webserver.dir/C_/Program_Files/Raspberry_Pi/Pico_SDK_v1.5.1/pico-sdk/lib/lwip/src/core/ipv4/ip4.c.obj
                0x1000ba30                ip4_route
 .text.ip4_input
                0x1000baac      0x2a0 webserver/CMakeFiles/webserver.dir/C_/Program_Files/Raspberry_Pi/Pico_SDK_v1.5.1/pico-sdk/lib/lwip/src/core/ipv4/ip4.c.obj
                0x1000baac                ip4_input
 .text.ip4_output_if_src
                0x1000bd4c      0x1c4 webserver/CMakeFiles/webserver.dir/C_/Program_Files/Raspberry_Pi/Pico_SDK_v1.5.1/pico-sdk/lib/lwip/src/core/ipv4/ip4.c.obj
                0x1000bd4c                ip4_output_if_src
 .text.ip4_output_if
                0x1000bf10       0x2e webserver/CMakeFiles/webserver.dir/C_/Program_Files/Raspberry_Pi/Pico_SDK_v1.5.1/pico-sdk/lib/lwip/src/core/ipv4/ip4.c.obj
                0x1000bf10                ip4_output_if
 .text.ip4_addr_isbroadcast_u32
                0x1000bf3e       0x42 webserver/CMakeFiles/webserver.dir/C_/Program_Files/Raspberry_Pi/Pico_SDK_v1.5.1/pico-sdk/lib/lwip/src/core/ipv4/ip4_addr.c.obj
                0x1000bf3e                ip4_addr_isbroadcast_u32
 .text.ethernet_input
                0x1000bf80       0xe0 webserver/CMakeFiles/webserver.dir/C_/Program_Files/Raspberry_Pi/Pico_SDK_v1.5.1/pico-sdk/lib/lwip/src/netif/ethernet.c.obj
                0x1000bf80                ethernet_input
 .text.ethernet_output
                0x1000c060       0x6c webserver/CMakeFiles/webserver.dir/C_/Program_Files/Raspberry_Pi/Pico_SDK_v1.5.1/pico-sdk/lib/lwip/src/netif/ethernet.c.obj
                0x1000c060                ethernet_output
 .text.cyw43_tcpip_link_status_name
                0x1000c0cc       0x54 webserver/CMakeFiles/webserver.dir/C_/Program_Files/Raspberry_Pi/Pico_SDK_v1.5.1/pico-sdk/src/rp2_common/pico_cyw43_arch/cyw43_arch.c.obj
 .text.cyw43_arch_set_async_context
                0x1000c120        0xc webserver/CMakeFiles/webserver.dir/C_/Program_Files/Raspberry_Pi/Pico_SDK_v1.5.1/pico-sdk/src/rp2_common/pico_cyw43_arch/cyw43_arch.c.obj
                0x1000c120                cyw43_arch_set_async_context
 .text.cyw43_arch_wifi_connect_bssid_async
                0x1000c12c       0x54 webserver/CMakeFiles/webserver.dir/C_/Program_Files/Raspberry_Pi/Pico_SDK_v1.5.1/pico-sdk/src/rp2_common/pico_cyw43_arch/cyw43_arch.c.obj
                0x1000c12c                cyw43_arch_wifi_connect_bssid_async
 .text.cyw43_arch_get_country_code
                0x1000c180        0xc webserver/CMakeFiles/webserver.dir/C_/Program_Files/Raspberry_Pi/Pico_SDK_v1.5.1/pico-sdk/src/rp2_common/pico_cyw43_arch/cyw43_arch.c.obj
                0x1000c180                cyw43_arch_get_country_code
 .text.cyw43_arch_enable_sta_mode
                0x1000c18c       0x40 webserver/CMakeFiles/webserver.dir/C_/Program_Files/Raspberry_Pi/Pico_SDK_v1.5.1/pico-sdk/src/rp2_common/pico_cyw43_arch/cyw43_arch.c.obj
                0x1000c18c                cyw43_arch_enable_sta_mode
 .text.cyw43_arch_gpio_put
                0x1000c1cc       0x14 webserver/CMakeFiles/webserver.dir/C_/Program_Files/Raspberry_Pi/Pico_SDK_v1.5.1/pico-sdk/src/rp2_common/pico_cyw43_arch/cyw43_arch.c.obj
                0x1000c1cc                cyw43_arch_gpio_put
 .text.cyw43_arch_gpio_get
                0x1000c1e0       0x20 webserver/CMakeFiles/webserver.dir/C_/Program_Files/Raspberry_Pi/Pico_SDK_v1.5.1/pico-sdk/src/rp2_common/pico_cyw43_arch/cyw43_arch.c.obj
                0x1000c1e0                cyw43_arch_gpio_get
 .text.cyw43_arch_async_context
                0x1000c200        0xc webserver/CMakeFiles/webserver.dir/C_/Program_Files/Raspberry_Pi/Pico_SDK_v1.5.1/pico-sdk/src/rp2_common/pico_cyw43_arch/cyw43_arch.c.obj
                0x1000c200                cyw43_arch_async_context
 .text.cyw43_arch_poll
                0x1000c20c       0x18 webserver/CMakeFiles/webserver.dir/C_/Program_Files/Raspberry_Pi/Pico_SDK_v1.5.1/pico-sdk/src/rp2_common/pico_cyw43_arch/cyw43_arch.c.obj
                0x1000c20c                cyw43_arch_poll
 .text.cyw43_arch_wait_for_work_until
                0x1000c224       0x18 webserver/CMakeFiles/webserver.dir/C_/Program_Files/Raspberry_Pi/Pico_SDK_v1.5.1/pico-sdk/src/rp2_common/pico_cyw43_arch/cyw43_arch.c.obj
                0x1000c224                cyw43_arch_wait_for_work_until
 .text.cyw43_arch_wifi_connect_bssid_until
                0x1000c23c       0xfc webserver/CMakeFiles/webserver.dir/C_/Program_Files/Raspberry_Pi/Pico_SDK_v1.5.1/pico-sdk/src/rp2_common/pico_cyw43_arch/cyw43_arch.c.obj
 .text.cyw43_arch_wifi_connect_until
                0x1000c338       0x1a webserver/CMakeFiles/webserver.dir/C_/Program_Files/Raspberry_Pi/Pico_SDK_v1.5.1/pico-sdk/src/rp2_common/pico_cyw43_arch/cyw43_arch.c.obj
 *fill*         0x1000c352        0x2 
 .text.cyw43_arch_wifi_connect_timeout_ms
                0x1000c354       0x80 webserver/CMakeFiles/webserver.dir/C_/Program_Files/Raspberry_Pi/Pico_SDK_v1.5.1/pico-sdk/src/rp2_common/pico_cyw43_arch/cyw43_arch.c.obj
                0x1000c354                cyw43_arch_wifi_connect_timeout_ms
 .text.cyw43_arch_init_default_async_context
                0x1000c3d4       0x20 webserver/CMakeFiles/webserver.dir/C_/Program_Files/Raspberry_Pi/Pico_SDK_v1.5.1/pico-sdk/src/rp2_common/pico_cyw43_arch/cyw43_arch_threadsafe_background.c.obj
                0x1000c3d4                cyw43_arch_init_default_async_context
 .text.cyw43_arch_deinit
                0x1000c3f4       0x30 webserver/CMakeFiles/webserver.dir/C_/Program_Files/Raspberry_Pi/Pico_SDK_v1.5.1/pico-sdk/src/rp2_common/pico_cyw43_arch/cyw43_arch_threadsafe_background.c.obj
                0x1000c3f4                cyw43_arch_deinit
 .text.cyw43_arch_init
                0x1000c424       0x42 webserver/CMakeFiles/webserver.dir/C_/Program_Files/Raspberry_Pi/Pico_SDK_v1.5.1/pico-sdk/src/rp2_common/pico_cyw43_arch/cyw43_arch_threadsafe_background.c.obj
                0x1000c424                cyw43_arch_init
 .text.cs_set   0x1000c466       0x1c webserver/CMakeFiles/webserver.dir/C_/Program_Files/Raspberry_Pi/Pico_SDK_v1.5.1/pico-sdk/src/rp2_common/pico_cyw43_driver/cyw43_bus_pio_spi.c.obj
 *fill*         0x1000c482        0x2 
 .text.start_spi_comms
                0x1000c484       0x2c webserver/CMakeFiles/webserver.dir/C_/Program_Files/Raspberry_Pi/Pico_SDK_v1.5.1/pico-sdk/src/rp2_common/pico_cyw43_driver/cyw43_bus_pio_spi.c.obj
 .text.ns_delay
                0x1000c4b0       0x20 webserver/CMakeFiles/webserver.dir/C_/Program_Files/Raspberry_Pi/Pico_SDK_v1.5.1/pico-sdk/src/rp2_common/pico_cyw43_driver/cyw43_bus_pio_spi.c.obj
 .text.stop_spi_comms
                0x1000c4d0       0x10 webserver/CMakeFiles/webserver.dir/C_/Program_Files/Raspberry_Pi/Pico_SDK_v1.5.1/pico-sdk/src/rp2_common/pico_cyw43_driver/cyw43_bus_pio_spi.c.obj
 .text.cyw43_spi_deinit
                0x1000c4e0       0x74 webserver/CMakeFiles/webserver.dir/C_/Program_Files/Raspberry_Pi/Pico_SDK_v1.5.1/pico-sdk/src/rp2_common/pico_cyw43_driver/cyw43_bus_pio_spi.c.obj
                0x1000c4e0                cyw43_spi_deinit
 .text.cyw43_spi_init
                0x1000c554      0x284 webserver/CMakeFiles/webserver.dir/C_/Program_Files/Raspberry_Pi/Pico_SDK_v1.5.1/pico-sdk/src/rp2_common/pico_cyw43_driver/cyw43_bus_pio_spi.c.obj
                0x1000c554                cyw43_spi_init
 .text.cyw43_spi_transfer
                0x1000c7d8      0x694 webserver/CMakeFiles/webserver.dir/C_/Program_Files/Raspberry_Pi/Pico_SDK_v1.5.1/pico-sdk/src/rp2_common/pico_cyw43_driver/cyw43_bus_pio_spi.c.obj
                0x1000c7d8                cyw43_spi_transfer
 .text.cyw43_spi_gpio_setup
                0x1000ce6c       0x3a webserver/CMakeFiles/webserver.dir/C_/Program_Files/Raspberry_Pi/Pico_SDK_v1.5.1/pico-sdk/src/rp2_common/pico_cyw43_driver/cyw43_bus_pio_spi.c.obj
                0x1000ce6c                cyw43_spi_gpio_setup
 .text.cyw43_spi_reset
                0x1000cea6       0x28 webserver/CMakeFiles/webserver.dir/C_/Program_Files/Raspberry_Pi/Pico_SDK_v1.5.1/pico-sdk/src/rp2_common/pico_cyw43_driver/cyw43_bus_pio_spi.c.obj
                0x1000cea6                cyw43_spi_reset
 *fill*         0x1000cece        0x2 
 .text.read_reg_u32_swap
                0x1000ced0       0x68 webserver/CMakeFiles/webserver.dir/C_/Program_Files/Raspberry_Pi/Pico_SDK_v1.5.1/pico-sdk/src/rp2_common/pico_cyw43_driver/cyw43_bus_pio_spi.c.obj
                0x1000ced0                read_reg_u32_swap
 .text.cyw43_read_reg_u32
                0x1000cf38       0x54 webserver/CMakeFiles/webserver.dir/C_/Program_Files/Raspberry_Pi/Pico_SDK_v1.5.1/pico-sdk/src/rp2_common/pico_cyw43_driver/cyw43_bus_pio_spi.c.obj
                0x1000cf38                cyw43_read_reg_u32
 .text.cyw43_read_reg_u16
                0x1000cf8c       0x54 webserver/CMakeFiles/webserver.dir/C_/Program_Files/Raspberry_Pi/Pico_SDK_v1.5.1/pico-sdk/src/rp2_common/pico_cyw43_driver/cyw43_bus_pio_spi.c.obj
                0x1000cf8c                cyw43_read_reg_u16
 .text.cyw43_read_reg_u8
                0x1000cfe0       0x54 webserver/CMakeFiles/webserver.dir/C_/Program_Files/Raspberry_Pi/Pico_SDK_v1.5.1/pico-sdk/src/rp2_common/pico_cyw43_driver/cyw43_bus_pio_spi.c.obj
                0x1000cfe0                cyw43_read_reg_u8
 .text.write_reg_u32_swap
                0x1000d034       0x34 webserver/CMakeFiles/webserver.dir/C_/Program_Files/Raspberry_Pi/Pico_SDK_v1.5.1/pico-sdk/src/rp2_common/pico_cyw43_driver/cyw43_bus_pio_spi.c.obj