Archive member included to satisfy reference by file (symbol)

c:/progra~1/raspbe~1/picosd~1.1/gcc-ar~1/bin/../lib/gcc/arm-none-eabi/10.3.1/thumb/v6-m/nofp\libgcc.a(_dvmd_tls.o)
                              wifi_scan/CMakeFiles/wifi_scan.dir/C_/Program_Files/Raspberry_Pi/Pico_SDK_v1.5.1/pico-sdk/src/rp2_common/pico_divider/divider.S.obj (__aeabi_idiv0)
c:/progra~1/raspbe~1/picosd~1.1/gcc-ar~1/bin/../lib/gcc/arm-none-eabi/10.3.1/../../../../arm-none-eabi/lib/thumb/v6-m/nofp\libg.a(lib_a-calloc.o)
                              wifi_scan/CMakeFiles/wifi_scan.dir/C_/Program_Files/Raspberry_Pi/Pico_SDK_v1.5.1/pico-sdk/src/rp2_common/pico_malloc/pico_malloc.c.obj (calloc)
c:/progra~1/raspbe~1/picosd~1.1/gcc-ar~1/bin/../lib/gcc/arm-none-eabi/10.3.1/../../../../arm-none-eabi/lib/thumb/v6-m/nofp\libg.a(lib_a-callocr.o)
                              c:/progra~1/raspbe~1/picosd~1.1/gcc-ar~1/bin/../lib/gcc/arm-none-eabi/10.3.1/../../../../arm-none-eabi/lib/thumb/v6-m/nofp\libg.a(lib_a-calloc.o) (_calloc_r)
c:/progra~1/raspbe~1/picosd~1.1/gcc-ar~1/bin/../lib/gcc/arm-none-eabi/10.3.1/../../../../arm-none-eabi/lib/thumb/v6-m/nofp\libg.a(lib_a-errno.o)
                              c:/progra~1/raspbe~1/picosd~1.1/gcc-ar~1/bin/../lib/gcc/arm-none-eabi/10.3.1/../../../../arm-none-eabi/lib/thumb/v6-m/nofp\libg.a(lib_a-callocr.o) (__errno)
c:/progra~1/raspbe~1/picosd~1.1/gcc-ar~1/bin/../lib/gcc/arm-none-eabi/10.3.1/../../../../arm-none-eabi/lib/thumb/v6-m/nofp\libg.a(lib_a-impure.o)
                              c:/progra~1/raspbe~1/picosd~1.1/gcc-ar~1/bin/../lib/gcc/arm-none-eabi/10.3.1/../../../../arm-none-eabi/lib/thumb/v6-m/nofp\libg.a(lib_a-calloc.o) (_impure_ptr)
c:/progra~1/raspbe~1/picosd~1.1/gcc-ar~1/bin/../lib/gcc/arm-none-eabi/10.3.1/../../../../arm-none-eabi/lib/thumb/v6-m/nofp\libg.a(lib_a-init.o)
                              c:/progra~1/raspbe~1/picosd~1.1/gcc-ar~1/bin/../lib/gcc/arm-none-eabi/10.3.1/../../../../arm-none-eabi/lib/thumb/v6-m/nofp/crt0.o (__libc_init_array)
c:/progra~1/raspbe~1/picosd~1.1/gcc-ar~1/bin/../lib/gcc/arm-none-eabi/10.3.1/../../../../arm-none-eabi/lib/thumb/v6-m/nofp\libg.a(lib_a-malloc.o)
                              wifi_scan/CMakeFiles/wifi_scan.dir/C_/Program_Files/Raspberry_Pi/Pico_SDK_v1.5.1/pico-sdk/src/rp2_common/pico_malloc/pico_malloc.c.obj (malloc)
c:/progra~1/raspbe~1/picosd~1.1/gcc-ar~1/bin/../lib/gcc/arm-none-eabi/10.3.1/../../../../arm-none-eabi/lib/thumb/v6-m/nofp\libg.a(lib_a-mallocr.o)
                              c:/progra~1/raspbe~1/picosd~1.1/gcc-ar~1/bin/../lib/gcc/arm-none-eabi/10.3.1/../../../../arm-none-eabi/lib/thumb/v6-m/nofp\libg.a(lib_a-callocr.o) (_malloc_r)
c:/progra~1/raspbe~1/picosd~1.1/gcc-ar~1/bin/../lib/gcc/arm-none-eabi/10.3.1/../../../../arm-none-eabi/lib/thumb/v6-m/nofp\libg.a(lib_a-mlock.o)
                              c:/progra~1/raspbe~1/picosd~1.1/gcc-ar~1/bin/../lib/gcc/arm-none-eabi/10.3.1/../../../../arm-none-eabi/lib/thumb/v6-m/nofp\libg.a(lib_a-mallocr.o) (__malloc_lock)
c:/progra~1/raspbe~1/picosd~1.1/gcc-ar~1/bin/../lib/gcc/arm-none-eabi/10.3.1/../../../../arm-none-eabi/lib/thumb/v6-m/nofp\libg.a(lib_a-realloc.o)
                              wifi_scan/CMakeFiles/wifi_scan.dir/C_/Program_Files/Raspberry_Pi/Pico_SDK_v1.5.1/pico-sdk/src/rp2_common/pico_malloc/pico_malloc.c.obj (realloc)
c:/progra~1/raspbe~1/picosd~1.1/gcc-ar~1/bin/../lib/gcc/arm-none-eabi/10.3.1/../../../../arm-none-eabi/lib/thumb/v6-m/nofp\libg.a(lib_a-reallocr.o)
                              c:/progra~1/raspbe~1/picosd~1.1/gcc-ar~1/bin/../lib/gcc/arm-none-eabi/10.3.1/../../../../arm-none-eabi/lib/thumb/v6-m/nofp\libg.a(lib_a-realloc.o) (_realloc_r)
c:/progra~1/raspbe~1/picosd~1.1/gcc-ar~1/bin/../lib/gcc/arm-none-eabi/10.3.1/../../../../arm-none-eabi/lib/thumb/v6-m/nofp\libg.a(lib_a-sbrkr.o)
                              c:/progra~1/raspbe~1/picosd~1.1/gcc-ar~1/bin/../lib/gcc/arm-none-eabi/10.3.1/../../../../arm-none-eabi/lib/thumb/v6-m/nofp\libg.a(lib_a-mallocr.o) (_sbrk_r)
c:/progra~1/raspbe~1/picosd~1.1/gcc-ar~1/bin/../lib/gcc/arm-none-eabi/10.3.1/../../../../arm-none-eabi/lib/thumb/v6-m/nofp\libg.a(lib_a-scanf.o)
                              wifi_scan/CMakeFiles/wifi_scan.dir/main.c.obj (scanf)
c:/progra~1/raspbe~1/picosd~1.1/gcc-ar~1/bin/../lib/gcc/arm-none-eabi/10.3.1/../../../../arm-none-eabi/lib/thumb/v6-m/nofp\libg.a(lib_a-strlen-stub.o)
                              wifi_scan/CMakeFiles/wifi_scan.dir/main.c.obj (strlen)
c:/progra~1/raspbe~1/picosd~1.1/gcc-ar~1/bin/../lib/gcc/arm-none-eabi/10.3.1/../../../../arm-none-eabi/lib/thumb/v6-m/nofp\libg.a(lib_a-vfscanf.o)
                              c:/progra~1/raspbe~1/picosd~1.1/gcc-ar~1/bin/../lib/gcc/arm-none-eabi/10.3.1/../../../../arm-none-eabi/lib/thumb/v6-m/nofp\libg.a(lib_a-scanf.o) (_vfscanf_r)
c:/progra~1/raspbe~1/picosd~1.1/gcc-ar~1/bin/../lib/gcc/arm-none-eabi/10.3.1/../../../../arm-none-eabi/lib/thumb/v6-m/nofp\libg.a(lib_a-ctype_.o)
[...]
Memory Configuration

Name             Origin             Length             Attributes
FLASH            0x10000000         0x00200000         xr
RAM              0x20000000         0x00040000         xrw
SCRATCH_X        0x20040000         0x00001000         xrw
SCRATCH_Y        0x20041000         0x00001000         xrw
*default*        0x00000000         0xffffffff

Linker script and memory map

LOAD c:/progra~1/raspbe~1/picosd~1.1/gcc-ar~1/bin/../lib/gcc/arm-none-eabi/10.3.1/thumb/v6-m/nofp/crti.o
LOAD c:/progra~1/raspbe~1/picosd~1.1/gcc-ar~1/bin/../lib/gcc/arm-none-eabi/10.3.1/thumb/v6-m/nofp/crtbegin.o
LOAD c:/progra~1/raspbe~1/picosd~1.1/gcc-ar~1/bin/../lib/gcc/arm-none-eabi/10.3.1/../../../../arm-none-eabi/lib/thumb/v6-m/nofp/crt0.o

.flash_begin    0x10000000        0x0
                0x10000000                __flash_binary_start = .

.boot2          0x10000000      0x100
                0x10000000                __boot2_start__ = .
 *(.boot2)
 .boot2         0x10000000      0x100 C:\Users\gohyu\AppData\Local\Temp\ccSA1vpy.o
                0x10000100                __boot2_end__ = .
                0x00000001                ASSERT (((__boot2_end__ - __boot2_start__) == 0x100), ERROR: Pico second stage bootloader must be 256 bytes in size)

.text           0x10000100     0xc9e0
                0x10000100                __logical_binary_start = .
 *(.vectors)
 .vectors       0x10000100       0xd4 wifi_scan/CMakeFiles/wifi_scan.dir/C_/Program_Files/Raspberry_Pi/Pico_SDK_v1.5.1/pico-sdk/src/rp2_common/pico_standard_link/crt0.S.obj
                0x10000100                __VECTOR_TABLE
                0x10000100                __vectors
                0x100001c0                isr_invalid
                0x100001c0                __default_isrs_start
                0x100001c2                isr_nmi
                0x100001c4                isr_hardfault
                0x100001c6                isr_svcall
                0x100001c8                isr_pendsv
                0x100001ca                isr_systick
                0x100001cc                isr_irq23
                0x100001cc                isr_irq18
                0x100001cc                isr_irq11
                0x100001cc                isr_irq28
                0x100001cc                isr_irq19
                0x100001cc                isr_irq0
                0x100001cc                isr_irq6
                0x100001cc                isr_irq5
                0x100001cc                isr_irq12
                0x100001cc                isr_irq22
                0x100001cc                isr_irq31
                0x100001cc                isr_irq17
                0x100001cc                isr_irq27
                0x100001cc                isr_irq30
                0x100001cc                isr_irq2
                0x100001cc                isr_irq10
                0x100001cc                isr_irq8
                0x100001cc                isr_irq24
                0x100001cc                isr_irq1
                0x100001cc                isr_irq7
                0x100001cc                isr_irq21
                0x100001cc                isr_irq20
                0x100001cc                isr_irq15
                0x100001cc                isr_irq25
                0x100001cc                isr_irq13
                0x100001cc                __unhandled_user_irq
                0x100001cc                isr_irq4
                0x100001cc                isr_irq16
                0x100001cc                isr_irq29
                0x100001cc                isr_irq26
                0x100001cc                __default_isrs_end
                0x100001cc                isr_irq3
                0x100001cc                isr_irq14
                0x100001cc                isr_irq9
                0x100001d2                unhandled_user_irq_num_in_r0
 *(.binary_info_header)
 .binary_info_header
                0x100001d4       0x14 wifi_scan/CMakeFiles/wifi_scan.dir/C_/Program_Files/Raspberry_Pi/Pico_SDK_v1.5.1/pico-sdk/src/rp2_common/pico_standard_link/crt0.S.obj
                0x100001e8                __binary_info_header_end = .
 *(.reset)
 .reset         0x100001e8       0xa0 wifi_scan/CMakeFiles/wifi_scan.dir/C_/Program_Files/Raspberry_Pi/Pico_SDK_v1.5.1/pico-sdk/src/rp2_common/pico_standard_link/crt0.S.obj
                0x100001e8                _entry_point
 .reset         0x10000288       0x30 wifi_scan/CMakeFiles/wifi_scan.dir/C_/Program_Files/Raspberry_Pi/Pico_SDK_v1.5.1/pico-sdk/src/rp2_common/pico_standard_link/binary_info.c.obj
 *(.init)
 .init          0x100002b8        0x4 c:/progra~1/raspbe~1/picosd~1.1/gcc-ar~1/bin/../lib/gcc/arm-none-eabi/10.3.1/thumb/v6-m/nofp/crti.o
                0x100002b8                _init
 *(EXCLUDE_FILE(*libm.a: *libc.a:*lib_a-mem*.o *libgcc.a:) .text*)
 .text          0x100002bc       0x48 c:/progra~1/raspbe~1/picosd~1.1/gcc-ar~1/bin/../lib/gcc/arm-none-eabi/10.3.1/thumb/v6-m/nofp/crtbegin.o
 .text.sendATCommand
                0x10000304       0xc8 wifi_scan/CMakeFiles/wifi_scan.dir/main.c.obj
                0x10000304                sendATCommand
 .text.main     0x100003cc       0x64 wifi_scan/CMakeFiles/wifi_scan.dir/main.c.obj
                0x100003cc                main
 .text.gpio_set_function
                0x10000430       0x30 wifi_scan/CMakeFiles/wifi_scan.dir/C_/Program_Files/Raspberry_Pi/Pico_SDK_v1.5.1/pico-sdk/src/rp2_common/hardware_gpio/gpio.c.obj
                0x10000430                gpio_set_function
 .text.running_on_fpga
                0x10000460       0x14 wifi_scan/CMakeFiles/wifi_scan.dir/C_/Program_Files/Raspberry_Pi/Pico_SDK_v1.5.1/pico-sdk/src/rp2_common/pico_platform/platform.c.obj
                0x10000460                running_on_fpga
 .text.hw_claim_lock
                0x10000474       0x18 wifi_scan/CMakeFiles/wifi_scan.dir/C_/Program_Files/Raspberry_Pi/Pico_SDK_v1.5.1/pico-sdk/src/rp2_common/hardware_claim/claim.c.obj
                0x10000474                hw_claim_lock
 .text.hw_claim_unlock
                0x1000048c       0x14 wifi_scan/CMakeFiles/wifi_scan.dir/C_/Program_Files/Raspberry_Pi/Pico_SDK_v1.5.1/pico-sdk/src/rp2_common/hardware_claim/claim.c.obj
                0x1000048c                hw_claim_unlock
 .text.hw_claim_or_assert
                0x100004a0       0x32 wifi_scan/CMakeFiles/wifi_scan.dir/C_/Program_Files/Raspberry_Pi/Pico_SDK_v1.5.1/pico-sdk/src/rp2_common/hardware_claim/claim.c.obj
                0x100004a0                hw_claim_or_assert
 .text.hw_claim_unused_from_range
                0x100004d2       0x50 wifi_scan/CMakeFiles/wifi_scan.dir/C_/Program_Files/Raspberry_Pi/Pico_SDK_v1.5.1/pico-sdk/src/rp2_common/hardware_claim/claim.c.obj
                0x100004d2                hw_claim_unused_from_range
 *fill*         0x10000522        0x2 
 .text.spin_locks_reset
                0x10000524       0x20 wifi_scan/CMakeFiles/wifi_scan.dir/C_/Program_Files/Raspberry_Pi/Pico_SDK_v1.5.1/pico-sdk/src/rp2_common/hardware_sync/sync.c.obj
                0x10000524                spin_locks_reset
 .text.next_striped_spin_lock_num
                0x10000544       0x1c wifi_scan/CMakeFiles/wifi_scan.dir/C_/Program_Files/Raspberry_Pi/Pico_SDK_v1.5.1/pico-sdk/src/rp2_common/hardware_sync/sync.c.obj
                0x10000544                next_striped_spin_lock_num
 .text.spin_lock_claim_unused
                0x10000560       0x20 wifi_scan/CMakeFiles/wifi_scan.dir/C_/Program_Files/Raspberry_Pi/Pico_SDK_v1.5.1/pico-sdk/src/rp2_common/hardware_sync/sync.c.obj
                0x10000560                spin_lock_claim_unused
 .text.set_raw_irq_handler_and_unlock
                0x10000580       0x28 wifi_scan/CMakeFiles/wifi_scan.dir/C_/Program_Files/Raspberry_Pi/Pico_SDK_v1.5.1/pico-sdk/src/rp2_common/hardware_irq/irq.c.obj
 .text.make_branch
                0x100005a8       0x48 wifi_scan/CMakeFiles/wifi_scan.dir/C_/Program_Files/Raspberry_Pi/Pico_SDK_v1.5.1/pico-sdk/src/rp2_common/hardware_irq/irq.c.obj
 .text.insert_branch_and_link
                0x100005f0       0x40 wifi_scan/CMakeFiles/wifi_scan.dir/C_/Program_Files/Raspberry_Pi/Pico_SDK_v1.5.1/pico-sdk/src/rp2_common/hardware_irq/irq.c.obj
 .text.irq_is_enabled
                0x10000630       0x18 wifi_scan/CMakeFiles/wifi_scan.dir/C_/Program_Files/Raspberry_Pi/Pico_SDK_v1.5.1/pico-sdk/src/rp2_common/hardware_irq/irq.c.obj
                0x10000630                irq_is_enabled
 .text.irq_set_mask_enabled
                0x10000648       0x20 wifi_scan/CMakeFiles/wifi_scan.dir/C_/Program_Files/Raspberry_Pi/Pico_SDK_v1.5.1/pico-sdk/src/rp2_common/hardware_irq/irq.c.obj
                0x10000648                irq_set_mask_enabled
 .text.irq_set_enabled
                0x10000668        0xe wifi_scan/CMakeFiles/wifi_scan.dir/C_/Program_Files/Raspberry_Pi/Pico_SDK_v1.5.1/pico-sdk/src/rp2_common/hardware_irq/irq.c.obj
                0x10000668                irq_set_enabled
 *fill*         0x10000676        0x2 
 .text.irq_set_pending
                0x10000678       0x10 wifi_scan/CMakeFiles/wifi_scan.dir/C_/Program_Files/Raspberry_Pi/Pico_SDK_v1.5.1/pico-sdk/src/rp2_common/hardware_irq/irq.c.obj
                0x10000678                irq_set_pending
 .text.irq_get_vtable_handler
                0x10000688       0x10 wifi_scan/CMakeFiles/wifi_scan.dir/C_/Program_Files/Raspberry_Pi/Pico_SDK_v1.5.1/pico-sdk/src/rp2_common/hardware_irq/irq.c.obj
                0x10000688                irq_get_vtable_handler
 .text.irq_has_shared_handler
                0x10000698       0x24 wifi_scan/CMakeFiles/wifi_scan.dir/C_/Program_Files/Raspberry_Pi/Pico_SDK_v1.5.1/pico-sdk/src/rp2_common/hardware_irq/irq.c.obj
                0x10000698                irq_has_shared_handler
 .text.irq_set_exclusive_handler
                0x100006bc       0x54 wifi_scan/CMakeFiles/wifi_scan.dir/C_/Program_Files/Raspberry_Pi/Pico_SDK_v1.5.1/pico-sdk/src/rp2_common/hardware_irq/irq.c.obj
                0x100006bc                irq_set_exclusive_handler
 .text.irq_add_shared_handler
                0x10000710      0x234 wifi_scan/CMakeFiles/wifi_scan.dir/C_/Program_Files/Raspberry_Pi/Pico_SDK_v1.5.1/pico-sdk/src/rp2_common/hardware_irq/irq.c.obj
                0x10000710                irq_add_shared_handler
 .text.irq_remove_handler
                0x10000944      0x1ac wifi_scan/CMakeFiles/wifi_scan.dir/C_/Program_Files/Raspberry_Pi/Pico_SDK_v1.5.1/pico-sdk/src/rp2_common/hardware_irq/irq.c.obj
                0x10000944                irq_remove_handler
 .text.irq_add_tail_to_free_list
                0x10000af0       0xf0 wifi_scan/CMakeFiles/wifi_scan.dir/C_/Program_Files/Raspberry_Pi/Pico_SDK_v1.5.1/pico-sdk/src/rp2_common/hardware_irq/irq.c.obj
                0x10000af0                irq_add_tail_to_free_list
 .text.irq_init_priorities
                0x10000be0       0x1c wifi_scan/CMakeFiles/wifi_scan.dir/C_/Program_Files/Raspberry_Pi/Pico_SDK_v1.5.1/pico-sdk/src/rp2_common/hardware_irq/irq.c.obj
                0x10000be0                irq_init_priorities
 .text.user_irq_claim_unused
                0x10000bfc       0x28 wifi_scan/CMakeFiles/wifi_scan.dir/C_/Program_Files/Raspberry_Pi/Pico_SDK_v1.5.1/pico-sdk/src/rp2_common/hardware_irq/irq.c.obj
                0x10000bfc                user_irq_claim_unused
 .text.lock_init
                0x10000c24       0x10 wifi_scan/CMakeFiles/wifi_scan.dir/C_/Program_Files/Raspberry_Pi/Pico_SDK_v1.5.1/pico-sdk/src/common/pico_sync/lock_core.c.obj
                0x10000c24                lock_init
 .text.mutex_init
                0x10000c34       0x1a wifi_scan/CMakeFiles/wifi_scan.dir/C_/Program_Files/Raspberry_Pi/Pico_SDK_v1.5.1/pico-sdk/src/common/pico_sync/mutex.c.obj
                0x10000c34                mutex_init
 .text.recursive_mutex_init
                0x10000c4e       0x1e wifi_scan/CMakeFiles/wifi_scan.dir/C_/Program_Files/Raspberry_Pi/Pico_SDK_v1.5.1/pico-sdk/src/common/pico_sync/mutex.c.obj
                0x10000c4e                recursive_mutex_init
 .text.critical_section_init_with_lock_num
                0x10000c6c       0x14 wifi_scan/CMakeFiles/wifi_scan.dir/C_/Program_Files/Raspberry_Pi/Pico_SDK_v1.5.1/pico-sdk/src/common/pico_sync/critical_section.c.obj
                0x10000c6c                critical_section_init_with_lock_num
 .text.critical_section_init
                0x10000c80       0x14 wifi_scan/CMakeFiles/wifi_scan.dir/C_/Program_Files/Raspberry_Pi/Pico_SDK_v1.5.1/pico-sdk/src/common/pico_sync/critical_section.c.obj
                0x10000c80                critical_section_init
 .text.alarm_pool_post_alloc_init
                0x10000c94       0x40 wifi_scan/CMakeFiles/wifi_scan.dir/C_/Program_Files/Raspberry_Pi/Pico_SDK_v1.5.1/pico-sdk/src/common/pico_time/time.c.obj
 .text.sleep_until_callback
                0x10000cd4       0x30 wifi_scan/CMakeFiles/wifi_scan.dir/C_/Program_Files/Raspberry_Pi/Pico_SDK_v1.5.1/pico-sdk/src/common/pico_time/time.c.obj
 .text.timer_pool_entry_comparator
                0x10000d04       0x7c wifi_scan/CMakeFiles/wifi_scan.dir/C_/Program_Files/Raspberry_Pi/Pico_SDK_v1.5.1/pico-sdk/src/common/pico_time/time.c.obj
                0x10000d04                timer_pool_entry_comparator
 .text.ph_add_child_node
                0x10000d80       0xa4 wifi_scan/CMakeFiles/wifi_scan.dir/C_/Program_Files/Raspberry_Pi/Pico_SDK_v1.5.1/pico-sdk/src/common/pico_time/time.c.obj
 .text.ph_merge_nodes
                0x10000e24       0x3e wifi_scan/CMakeFiles/wifi_scan.dir/C_/Program_Files/Raspberry_Pi/Pico_SDK_v1.5.1/pico-sdk/src/common/pico_time/time.c.obj
 *fill*         0x10000e62        0x2 
 .text.add_alarm_under_lock
                0x10000e64      0x174 wifi_scan/CMakeFiles/wifi_scan.dir/C_/Program_Files/Raspberry_Pi/Pico_SDK_v1.5.1/pico-sdk/src/common/pico_time/time.c.obj
 .text.alarm_pool_alarm_callback
                0x10000fd8      0x33c wifi_scan/CMakeFiles/wifi_scan.dir/C_/Program_Files/Raspberry_Pi/Pico_SDK_v1.5.1/pico-sdk/src/common/pico_time/time.c.obj
 .text.alarm_pool_init_default
                0x10001314       0x40 wifi_scan/CMakeFiles/wifi_scan.dir/C_/Program_Files/Raspberry_Pi/Pico_SDK_v1.5.1/pico-sdk/src/common/pico_time/time.c.obj
                0x10001314                alarm_pool_init_default
 .text.alarm_pool_get_default
                0x10001354       0x2c wifi_scan/CMakeFiles/wifi_scan.dir/C_/Program_Files/Raspberry_Pi/Pico_SDK_v1.5.1/pico-sdk/src/common/pico_time/time.c.obj
                0x10001354                alarm_pool_get_default
 .text.alarm_pool_add_alarm_at
                0x10001380      0x168 wifi_scan/CMakeFiles/wifi_scan.dir/C_/Program_Files/Raspberry_Pi/Pico_SDK_v1.5.1/pico-sdk/src/common/pico_time/time.c.obj
                0x10001380                alarm_pool_add_alarm_at
 .text.alarm_pool_cancel_alarm
                0x100014e8       0xf8 wifi_scan/CMakeFiles/wifi_scan.dir/C_/Program_Files/Raspberry_Pi/Pico_SDK_v1.5.1/pico-sdk/src/common/pico_time/time.c.obj
                0x100014e8                alarm_pool_cancel_alarm
 .text.alarm_pool_core_num
                0x100015e0        0x4 wifi_scan/CMakeFiles/wifi_scan.dir/C_/Program_Files/Raspberry_Pi/Pico_SDK_v1.5.1/pico-sdk/src/common/pico_time/time.c.obj
                0x100015e0                alarm_pool_core_num
 .text.sleep_until
                0x100015e4       0xfc wifi_scan/CMakeFiles/wifi_scan.dir/C_/Program_Files/Raspberry_Pi/Pico_SDK_v1.5.1/pico-sdk/src/common/pico_time/time.c.obj
                0x100015e4                sleep_until
 .text.sleep_us
                0x100016e0       0x58 wifi_scan/CMakeFiles/wifi_scan.dir/C_/Program_Files/Raspberry_Pi/Pico_SDK_v1.5.1/pico-sdk/src/common/pico_time/time.c.obj
                0x100016e0                sleep_us
 .text.sleep_ms
                0x10001738       0x14 wifi_scan/CMakeFiles/wifi_scan.dir/C_/Program_Files/Raspberry_Pi/Pico_SDK_v1.5.1/pico-sdk/src/common/pico_time/time.c.obj
                0x10001738                sleep_ms
 .text.best_effort_wfe_or_timeout
                0x1000174c       0xac wifi_scan/CMakeFiles/wifi_scan.dir/C_/Program_Files/Raspberry_Pi/Pico_SDK_v1.5.1/pico-sdk/src/common/pico_time/time.c.obj
                0x1000174c                best_effort_wfe_or_timeout
 .text.hardware_alarm_irq_handler
                0x100017f8       0x90 wifi_scan/CMakeFiles/wifi_scan.dir/C_/Program_Files/Raspberry_Pi/Pico_SDK_v1.5.1/pico-sdk/src/rp2_common/hardware_timer/timer.c.obj
 .text.hardware_alarm_claim
                0x10001888       0x18 wifi_scan/CMakeFiles/wifi_scan.dir/C_/Program_Files/Raspberry_Pi/Pico_SDK_v1.5.1/pico-sdk/src/rp2_common/hardware_timer/timer.c.obj
                0x10001888                hardware_alarm_claim
 .text.time_us_64
                0x100018a0       0x18 wifi_scan/CMakeFiles/wifi_scan.dir/C_/Program_Files/Raspberry_Pi/Pico_SDK_v1.5.1/pico-sdk/src/rp2_common/hardware_timer/timer.c.obj
                0x100018a0                time_us_64
 .text.busy_wait_until
                0x100018b8       0x28 wifi_scan/CMakeFiles/wifi_scan.dir/C_/Program_Files/Raspberry_Pi/Pico_SDK_v1.5.1/pico-sdk/src/rp2_common/hardware_timer/timer.c.obj
                0x100018b8                busy_wait_until
 .text.busy_wait_us
                0x100018e0       0x48 wifi_scan/CMakeFiles/wifi_scan.dir/C_/Program_Files/Raspberry_Pi/Pico_SDK_v1.5.1/pico-sdk/src/rp2_common/hardware_timer/timer.c.obj
                0x100018e0                busy_wait_us
 .text.hardware_alarm_set_callback
                0x10001928       0x90 wifi_scan/CMakeFiles/wifi_scan.dir/C_/Program_Files/Raspberry_Pi/Pico_SDK_v1.5.1/pico-sdk/src/rp2_common/hardware_timer/timer.c.obj
                0x10001928                hardware_alarm_set_callback
 .text.hardware_alarm_set_target
                0x100019b8       0xe8 wifi_scan/CMakeFiles/wifi_scan.dir/C_/Program_Files/Raspberry_Pi/Pico_SDK_v1.5.1/pico-sdk/src/rp2_common/hardware_timer/timer.c.obj
                0x100019b8                hardware_alarm_set_target
 .text.hardware_alarm_cancel
                0x10001aa0       0x40 wifi_scan/CMakeFiles/wifi_scan.dir/C_/Program_Files/Raspberry_Pi/Pico_SDK_v1.5.1/pico-sdk/src/rp2_common/hardware_timer/timer.c.obj
                0x10001aa0                hardware_alarm_cancel
 .text.ph_add_child_node
                0x10001ae0       0xa4 wifi_scan/CMakeFiles/wifi_scan.dir/C_/Program_Files/Raspberry_Pi/Pico_SDK_v1.5.1/pico-sdk/src/common/pico_util/pheap.c.obj
 .text.ph_merge_nodes
                0x10001b84       0x3e wifi_scan/CMakeFiles/wifi_scan.dir/C_/Program_Files/Raspberry_Pi/Pico_SDK_v1.5.1/pico-sdk/src/common/pico_util/pheap.c.obj
 *fill*         0x10001bc2        0x2 
 .text.ph_clear
                0x10001bc4       0x70 wifi_scan/CMakeFiles/wifi_scan.dir/C_/Program_Files/Raspberry_Pi/Pico_SDK_v1.5.1/pico-sdk/src/common/pico_util/pheap.c.obj
                0x10001bc4                ph_clear
 .text.ph_post_alloc_init
                0x10001c34        0xe wifi_scan/CMakeFiles/wifi_scan.dir/C_/Program_Files/Raspberry_Pi/Pico_SDK_v1.5.1/pico-sdk/src/common/pico_util/pheap.c.obj
                0x10001c34                ph_post_alloc_init
 *fill*         0x10001c42        0x2 
 .text.ph_merge_two_pass
                0x10001c44       0xa8 wifi_scan/CMakeFiles/wifi_scan.dir/C_/Program_Files/Raspberry_Pi/Pico_SDK_v1.5.1/pico-sdk/src/common/pico_util/pheap.c.obj
                0x10001c44                ph_merge_two_pass
 .text.ph_remove_any_head
                0x10001cec      0x128 wifi_scan/CMakeFiles/wifi_scan.dir/C_/Program_Files/Raspberry_Pi/Pico_SDK_v1.5.1/pico-sdk/src/common/pico_util/pheap.c.obj
 .text.ph_remove_head
                0x10001e14       0x14 wifi_scan/CMakeFiles/wifi_scan.dir/C_/Program_Files/Raspberry_Pi/Pico_SDK_v1.5.1/pico-sdk/src/common/pico_util/pheap.c.obj
                0x10001e14                ph_remove_head
 .text.ph_remove_and_free_node
                0x10001e28       0xf8 wifi_scan/CMakeFiles/wifi_scan.dir/C_/Program_Files/Raspberry_Pi/Pico_SDK_v1.5.1/pico-sdk/src/common/pico_util/pheap.c.obj
                0x10001e28                ph_remove_and_free_node
 .text.uart_disable_before_lcr_write
                0x10001f20       0x48 wifi_scan/CMakeFiles/wifi_scan.dir/C_/Program_Files/Raspberry_Pi/Pico_SDK_v1.5.1/pico-sdk/src/rp2_common/hardware_uart/uart.c.obj
 .text.uart_write_lcr_bits_masked
                0x10001f68       0x22 wifi_scan/CMakeFiles/wifi_scan.dir/C_/Program_Files/Raspberry_Pi/Pico_SDK_v1.5.1/pico-sdk/src/rp2_common/hardware_uart/uart.c.obj
 *fill*         0x10001f8a        0x2 
 .text.uart_set_baudrate
                0x10001f8c       0x5c wifi_scan/CMakeFiles/wifi_scan.dir/C_/Program_Files/Raspberry_Pi/Pico_SDK_v1.5.1/pico-sdk/src/rp2_common/hardware_uart/uart.c.obj
                0x10001f8c                uart_set_baudrate
 .text.uart_set_format
                0x10001fe8       0x2c wifi_scan/CMakeFiles/wifi_scan.dir/C_/Program_Files/Raspberry_Pi/Pico_SDK_v1.5.1/pico-sdk/src/rp2_common/hardware_uart/uart.c.obj
                0x10001fe8                uart_set_format
 .text.uart_set_translate_crlf
                0x10002014       0x28 wifi_scan/CMakeFiles/wifi_scan.dir/C_/Program_Files/Raspberry_Pi/Pico_SDK_v1.5.1/pico-sdk/src/rp2_common/hardware_uart/uart.c.obj
                0x10002014                uart_set_translate_crlf
 .text.uart_init
                0x1000203c       0x80 wifi_scan/CMakeFiles/wifi_scan.dir/C_/Program_Files/Raspberry_Pi/Pico_SDK_v1.5.1/pico-sdk/src/rp2_common/hardware_uart/uart.c.obj
                0x1000203c                uart_init
 .text.clock_configure
                0x100020bc      0x108 wifi_scan/CMakeFiles/wifi_scan.dir/C_/Program_Files/Raspberry_Pi/Pico_SDK_v1.5.1/pico-sdk/src/rp2_common/hardware_clocks/clocks.c.obj
                0x100020bc                clock_configure
 .text.clocks_init
                0x100021c4      0x100 wifi_scan/CMakeFiles/wifi_scan.dir/C_/Program_Files/Raspberry_Pi/Pico_SDK_v1.5.1/pico-sdk/src/rp2_common/hardware_clocks/clocks.c.obj
                0x100021c4                clocks_init
 .text.clock_get_hz
                0x100022c4        0xc wifi_scan/CMakeFiles/wifi_scan.dir/C_/Program_Files/Raspberry_Pi/Pico_SDK_v1.5.1/pico-sdk/src/rp2_common/hardware_clocks/clocks.c.obj
                0x100022c4                clock_get_hz
 .text.pll_init
                0x100022d0      0x120 wifi_scan/CMakeFiles/wifi_scan.dir/C_/Program_Files/Raspberry_Pi/Pico_SDK_v1.5.1/pico-sdk/src/rp2_common/hardware_pll/pll.c.obj
                0x100022d0                pll_init
 .text.watchdog_start_tick
                0x100023f0       0x10 wifi_scan/CMakeFiles/wifi_scan.dir/C_/Program_Files/Raspberry_Pi/Pico_SDK_v1.5.1/pico-sdk/src/rp2_common/hardware_watchdog/watchdog.c.obj
                0x100023f0                watchdog_start_tick
 .text.watchdog_update
                0x10002400       0x14 wifi_scan/CMakeFiles/wifi_scan.dir/C_/Program_Files/Raspberry_Pi/Pico_SDK_v1.5.1/pico-sdk/src/rp2_common/hardware_watchdog/watchdog.c.obj
                0x10002400                watchdog_update
 .text._watchdog_enable
                0x10002414       0x78 wifi_scan/CMakeFiles/wifi_scan.dir/C_/Program_Files/Raspberry_Pi/Pico_SDK_v1.5.1/pico-sdk/src/rp2_common/hardware_watchdog/watchdog.c.obj
                0x10002414                _watchdog_enable
 .text.watchdog_reboot
                0x1000248c       0x48 wifi_scan/CMakeFiles/wifi_scan.dir/C_/Program_Files/Raspberry_Pi/Pico_SDK_v1.5.1/pico-sdk/src/rp2_common/hardware_watchdog/watchdog.c.obj
                0x1000248c                watchdog_reboot
 .text.xosc_init
                0x100024d4       0x28 wifi_scan/CMakeFiles/wifi_scan.dir/C_/Program_Files/Raspberry_Pi/Pico_SDK_v1.5.1/pico-sdk/src/rp2_common/hardware_xosc/xosc.c.obj
                0x100024d4                xosc_init
 .text._exit    0x100024fc        0x4 wifi_scan/CMakeFiles/wifi_scan.dir/C_/Program_Files/Raspberry_Pi/Pico_SDK_v1.5.1/pico-sdk/src/rp2_common/pico_runtime/runtime.c.obj
                0x100024fc                _exit
 .text._sbrk    0x10002500       0x38 wifi_scan/CMakeFiles/wifi_scan.dir/C_/Program_Files/Raspberry_Pi/Pico_SDK_v1.5.1/pico-sdk/src/rp2_common/pico_runtime/runtime.c.obj
                0x10002500                _sbrk
 .text.exit     0x10002538        0x6 wifi_scan/CMakeFiles/wifi_scan.dir/C_/Program_Files/Raspberry_Pi/Pico_SDK_v1.5.1/pico-sdk/src/rp2_common/pico_runtime/runtime.c.obj
                0x10002538                exit
 *fill*         0x1000253e        0x2 
 .text.__assert_func
                0x10002540       0x3c wifi_scan/CMakeFiles/wifi_scan.dir/C_/Program_Files/Raspberry_Pi/Pico_SDK_v1.5.1/pico-sdk/src/rp2_common/pico_runtime/runtime.c.obj
                0x10002540                __assert_func
 .text.runtime_init
                0x1000257c       0xf8 wifi_scan/CMakeFiles/wifi_scan.dir/C_/Program_Files/Raspberry_Pi/Pico_SDK_v1.5.1/pico-sdk/src/rp2_common/pico_runtime/runtime.c.obj
                0x1000257c                runtime_init
 .text.panic    0x10002674       0x30 wifi_scan/CMakeFiles/wifi_scan.dir/C_/Program_Files/Raspberry_Pi/Pico_SDK_v1.5.1/pico-sdk/src/rp2_common/pico_runtime/runtime.c.obj
                0x10002674                panic
 .text._out_buffer
                0x100026a4        0x8 wifi_scan/CMakeFiles/wifi_scan.dir/C_/Program_Files/Raspberry_Pi/Pico_SDK_v1.5.1/pico-sdk/src/rp2_common/pico_printf/printf.c.obj
 .text._out_null
                0x100026ac        0x2 wifi_scan/CMakeFiles/wifi_scan.dir/C_/Program_Files/Raspberry_Pi/Pico_SDK_v1.5.1/pico-sdk/src/rp2_common/pico_printf/printf.c.obj
 .text._out_fct
                0x100026ae        0xe wifi_scan/CMakeFiles/wifi_scan.dir/C_/Program_Files/Raspberry_Pi/Pico_SDK_v1.5.1/pico-sdk/src/rp2_common/pico_printf/printf.c.obj
 .text._atoi    0x100026bc       0x24 wifi_scan/CMakeFiles/wifi_scan.dir/C_/Program_Files/Raspberry_Pi/Pico_SDK_v1.5.1/pico-sdk/src/rp2_common/pico_printf/printf.c.obj
 .text._out_rev
                0x100026e0       0xae wifi_scan/CMakeFiles/wifi_scan.dir/C_/Program_Files/Raspberry_Pi/Pico_SDK_v1.5.1/pico-sdk/src/rp2_common/pico_printf/printf.c.obj
 .text._ntoa_format
                0x1000278e      0x112 wifi_scan/CMakeFiles/wifi_scan.dir/C_/Program_Files/Raspberry_Pi/Pico_SDK_v1.5.1/pico-sdk/src/rp2_common/pico_printf/printf.c.obj
 .text._ntoa_long
                0x100028a0       0xbc wifi_scan/CMakeFiles/wifi_scan.dir/C_/Program_Files/Raspberry_Pi/Pico_SDK_v1.5.1/pico-sdk/src/rp2_common/pico_printf/printf.c.obj
 .text._ntoa_long_long
                0x1000295c       0xe2 wifi_scan/CMakeFiles/wifi_scan.dir/C_/Program_Files/Raspberry_Pi/Pico_SDK_v1.5.1/pico-sdk/src/rp2_common/pico_printf/printf.c.obj
 *fill*         0x10002a3e        0x2 
 .text._etoa    0x10002a40      0x414 wifi_scan/CMakeFiles/wifi_scan.dir/C_/Program_Files/Raspberry_Pi/Pico_SDK_v1.5.1/pico-sdk/src/rp2_common/pico_printf/printf.c.obj
 .text._ftoa    0x10002e54      0x354 wifi_scan/CMakeFiles/wifi_scan.dir/C_/Program_Files/Raspberry_Pi/Pico_SDK_v1.5.1/pico-sdk/src/rp2_common/pico_printf/printf.c.obj
 .text._vsnprintf
                0x100031a8      0x624 wifi_scan/CMakeFiles/wifi_scan.dir/C_/Program_Files/Raspberry_Pi/Pico_SDK_v1.5.1/pico-sdk/src/rp2_common/pico_printf/printf.c.obj
 .text.__wrap_sprintf
                0x100037cc       0x28 wifi_scan/CMakeFiles/wifi_scan.dir/C_/Program_Files/Raspberry_Pi/Pico_SDK_v1.5.1/pico-sdk/src/rp2_common/pico_printf/printf.c.obj
                0x100037cc                __wrap_sprintf
 .text.__wrap_snprintf
                0x100037f4       0x28 wifi_scan/CMakeFiles/wifi_scan.dir/C_/Program_Files/Raspberry_Pi/Pico_SDK_v1.5.1/pico-sdk/src/rp2_common/pico_printf/printf.c.obj
                0x100037f4                __wrap_snprintf
 .text.vfctprintf
                0x1000381c       0x20 wifi_scan/CMakeFiles/wifi_scan.dir/C_/Program_Files/Raspberry_Pi/Pico_SDK_v1.5.1/pico-sdk/src/rp2_common/pico_printf/printf.c.obj
                0x1000381c                vfctprintf
 .text          0x1000383c       0x10 wifi_scan/CMakeFiles/wifi_scan.dir/C_/Program_Files/Raspberry_Pi/Pico_SDK_v1.5.1/pico-sdk/src/rp2_common/pico_bit_ops/bit_ops_aeabi.S.obj
 .text.rom_func_lookup
                0x1000384c       0x10 wifi_scan/CMakeFiles/wifi_scan.dir/C_/Program_Files/Raspberry_Pi/Pico_SDK_v1.5.1/pico-sdk/src/rp2_common/pico_bootrom/bootrom.c.obj
                0x1000384c                rom_func_lookup
 .text.rom_data_lookup
                0x1000385c       0x10 wifi_scan/CMakeFiles/wifi_scan.dir/C_/Program_Files/Raspberry_Pi/Pico_SDK_v1.5.1/pico-sdk/src/rp2_common/pico_bootrom/bootrom.c.obj
                0x1000385c                rom_data_lookup
 .text.rom_funcs_lookup
                0x1000386c       0x36 wifi_scan/CMakeFiles/wifi_scan.dir/C_/Program_Files/Raspberry_Pi/Pico_SDK_v1.5.1/pico-sdk/src/rp2_common/pico_bootrom/bootrom.c.obj
                0x1000386c                rom_funcs_lookup
 *fill*         0x100038a2        0x2 
 .text.__wrap___aeabi_idiv
                0x100038a4       0x50 wifi_scan/CMakeFiles/wifi_scan.dir/C_/Program_Files/Raspberry_Pi/Pico_SDK_v1.5.1/pico-sdk/src/rp2_common/pico_divider/divider.S.obj
                0x100038a4                __wrap___aeabi_idivmod
                0x100038a4                divmod_s32s32
                0x100038a4                div_s32s32
                0x100038a4                __wrap___aeabi_idiv
                0x100038ac                divmod_s32s32_unsafe
                0x100038d8                divmod_s32s32_savestate
 .text.__wrap___aeabi_uidiv
                0x100038f4       0x4c wifi_scan/CMakeFiles/wifi_scan.dir/C_/Program_Files/Raspberry_Pi/Pico_SDK_v1.5.1/pico-sdk/src/rp2_common/pico_divider/divider.S.obj
                0x100038f4                __wrap___aeabi_uidiv
                0x100038f4                __wrap___aeabi_uidivmod
                0x100038f4                div_u32u32
                0x100038f4                divmod_u32u32
                0x100038fc                divmod_u32u32_unsafe
                0x10003924                divmod_u32u32_savestate
 .text.__wrap___aeabi_ldiv
                0x10003940      0x424 wifi_scan/CMakeFiles/wifi_scan.dir/C_/Program_Files/Raspberry_Pi/Pico_SDK_v1.5.1/pico-sdk/src/rp2_common/pico_divider/divider.S.obj
                0x10003940                div_s64s64
                0x10003940                divmod_s64s64
                0x10003940                __wrap___aeabi_ldivmod
                0x10003970                divmod_u64u64
                0x10003970                div_u64u64
                0x10003970                __wrap___aeabi_uldivmod
                0x10003980                divmod_u64u64_savestate
                0x100039a0                divmod_s64s64_unsafe
                0x10003a28                divmod_u64u64_unsafe
 .text.__wrap___aeabi_darithmetic
                0x10003d64       0x60 wifi_scan/CMakeFiles/wifi_scan.dir/C_/Program_Files/Raspberry_Pi/Pico_SDK_v1.5.1/pico-sdk/src/rp2_common/pico_double/double_aeabi.S.obj
                0x10003d64                __wrap___aeabi_drsub
                0x10003d6a                __wrap___aeabi_dsub
                0x10003d74                __wrap___aeabi_dadd
                0x10003d7e                __wrap___aeabi_ddiv
                0x10003db2                __wrap___aeabi_dmul
 .text.__wrap___aeabi_cdcmple
                0x10003dc4       0x6c wifi_scan/CMakeFiles/wifi_scan.dir/C_/Program_Files/Raspberry_Pi/Pico_SDK_v1.5.1/pico-sdk/src/rp2_common/pico_double/double_aeabi.S.obj
                0x10003dc4                __wrap___aeabi_cdrcmple
                0x10003dd4                __wrap___aeabi_cdcmpeq
                0x10003dd4                __wrap___aeabi_cdcmple
 .text.__wrap___aeabi_dcmpeq
                0x10003e30       0x10 wifi_scan/CMakeFiles/wifi_scan.dir/C_/Program_Files/Raspberry_Pi/Pico_SDK_v1.5.1/pico-sdk/src/rp2_common/pico_double/double_aeabi.S.obj
                0x10003e30                __wrap___aeabi_dcmpeq
 .text.__wrap___aeabi_dcmplt
                0x10003e40        0xc wifi_scan/CMakeFiles/wifi_scan.dir/C_/Program_Files/Raspberry_Pi/Pico_SDK_v1.5.1/pico-sdk/src/rp2_common/pico_double/double_aeabi.S.obj
                0x10003e40                __wrap___aeabi_dcmplt
 .text.__wrap___aeabi_dcmple
                0x10003e4c       0x10 wifi_scan/CMakeFiles/wifi_scan.dir/C_/Program_Files/Raspberry_Pi/Pico_SDK_v1.5.1/pico-sdk/src/rp2_common/pico_double/double_aeabi.S.obj
                0x10003e4c                __wrap___aeabi_dcmple
 .text.__wrap___aeabi_dcmpge
                0x10003e5c       0x10 wifi_scan/CMakeFiles/wifi_scan.dir/C_/Program_Files/Raspberry_Pi/Pico_SDK_v1.5.1/pico-sdk/src/rp2_common/pico_double/double_aeabi.S.obj
                0x10003e5c                __wrap___aeabi_dcmpge
 .text.__wrap___aeabi_dcmpgt
                0x10003e6c        0xa wifi_scan/CMakeFiles/wifi_scan.dir/C_/Program_Files/Raspberry_Pi/Pico_SDK_v1.5.1/pico-sdk/src/rp2_common/pico_double/double_aeabi.S.obj
                0x10003e6c                __wrap___aeabi_dcmpgt
 .text.__wrap___aeabi_dcmpun
                0x10003e76       0x1c wifi_scan/CMakeFiles/wifi_scan.dir/C_/Program_Files/Raspberry_Pi/Pico_SDK_v1.5.1/pico-sdk/src/rp2_common/pico_double/double_aeabi.S.obj
                0x10003e76                __wrap___aeabi_dcmpun
 *fill*         0x10003e92        0x2 
 .text.__wrap___aeabi_i2d
                0x10003e94       0x38 wifi_scan/CMakeFiles/wifi_scan.dir/C_/Program_Files/Raspberry_Pi/Pico_SDK_v1.5.1/pico-sdk/src/rp2_common/pico_double/double_aeabi.S.obj
                0x10003e94                __wrap___aeabi_ui2d
                0x10003e9c                __wrap___aeabi_i2d
 .text.__wrap___aeabi_d2iz
                0x10003ecc       0x48 wifi_scan/CMakeFiles/wifi_scan.dir/C_/Program_Files/Raspberry_Pi/Pico_SDK_v1.5.1/pico-sdk/src/rp2_common/pico_double/double_aeabi.S.obj
                0x10003ecc                double2int_z
                0x10003ecc                __wrap___aeabi_d2iz
 .text.__wrap___aeabi_d2uiz
                0x10003f14       0x10 wifi_scan/CMakeFiles/wifi_scan.dir/C_/Program_Files/Raspberry_Pi/Pico_SDK_v1.5.1/pico-sdk/src/rp2_common/pico_double/double_aeabi.S.obj
                0x10003f14                __wrap___aeabi_d2uiz
                0x10003f14                double2uint
 .text.__wrap___aeabi_l2d
                0x10003f24       0x10 wifi_scan/CMakeFiles/wifi_scan.dir/C_/Program_Files/Raspberry_Pi/Pico_SDK_v1.5.1/pico-sdk/src/rp2_common/pico_double/double_aeabi.S.obj
                0x10003f24                __wrap___aeabi_l2d
 .text.__wrap___aeabi_d2lz
                0x10003f34       0x26 wifi_scan/CMakeFiles/wifi_scan.dir/C_/Program_Files/Raspberry_Pi/Pico_SDK_v1.5.1/pico-sdk/src/rp2_common/pico_double/double_aeabi.S.obj
                0x10003f34                double2int64_z
                0x10003f34                __wrap___aeabi_d2lz
 *fill*         0x10003f5a        0x2 
 .text.double2int64
                0x10003f5c       0x10 wifi_scan/CMakeFiles/wifi_scan.dir/C_/Program_Files/Raspberry_Pi/Pico_SDK_v1.5.1/pico-sdk/src/rp2_common/pico_double/double_aeabi.S.obj
                0x10003f5c                double2int64
 .text.double2ufix64
                0x10003f6c       0x10 wifi_scan/CMakeFiles/wifi_scan.dir/C_/Program_Files/Raspberry_Pi/Pico_SDK_v1.5.1/pico-sdk/src/rp2_common/pico_double/double_aeabi.S.obj
                0x10003f6c                double2ufix64
 .text.__wrap___aeabi_d2f
                0x10003f7c       0x10 wifi_scan/CMakeFiles/wifi_scan.dir/C_/Program_Files/Raspberry_Pi/Pico_SDK_v1.5.1/pico-sdk/src/rp2_common/pico_double/double_aeabi.S.obj
                0x10003f7c                __wrap___aeabi_d2f
 .text.missing_double_func_shim
                0x10003f8c        0xc wifi_scan/CMakeFiles/wifi_scan.dir/C_/Program_Files/Raspberry_Pi/Pico_SDK_v1.5.1/pico-sdk/src/rp2_common/pico_double/double_init_rom.c.obj
 .text.__aeabi_double_init
                0x10003f98       0xcc wifi_scan/CMakeFiles/wifi_scan.dir/C_/Program_Files/Raspberry_Pi/Pico_SDK_v1.5.1/pico-sdk/src/rp2_common/pico_double/double_init_rom.c.obj
                0x10003f98                __aeabi_double_init
 .text.double_table_shim_on_use_helper
                0x10004064       0x34 wifi_scan/CMakeFiles/wifi_scan.dir/C_/Program_Files/Raspberry_Pi/Pico_SDK_v1.5.1/pico-sdk/src/rp2_common/pico_double/double_v1_rom_shim.S.obj
                0x10004064                double_table_shim_on_use_helper
 .text.__aeabi_lmul
                0x10004098       0x32 wifi_scan/CMakeFiles/wifi_scan.dir/C_/Program_Files/Raspberry_Pi/Pico_SDK_v1.5.1/pico-sdk/src/rp2_common/pico_int64_ops/pico_int64_ops_aeabi.S.obj
                0x10004098                __wrap___aeabi_lmul
 *fill*         0x100040ca        0x2 
 .text.missing_float_func_shim
                0x100040cc        0xc wifi_scan/CMakeFiles/wifi_scan.dir/C_/Program_Files/Raspberry_Pi/Pico_SDK_v1.5.1/pico-sdk/src/rp2_common/pico_float/float_init_rom.c.obj
 .text.__aeabi_float_init
                0x100040d8       0x88 wifi_scan/CMakeFiles/wifi_scan.dir/C_/Program_Files/Raspberry_Pi/Pico_SDK_v1.5.1/pico-sdk/src/rp2_common/pico_float/float_init_rom.c.obj
                0x100040d8                __aeabi_float_init
 .text.__wrap_malloc
                0x10004160       0x24 wifi_scan/CMakeFiles/wifi_scan.dir/C_/Program_Files/Raspberry_Pi/Pico_SDK_v1.5.1/pico-sdk/src/rp2_common/pico_malloc/pico_malloc.c.obj
                0x10004160                __wrap_malloc
 .text.__wrap_realloc
                0x10004184       0x24 wifi_scan/CMakeFiles/wifi_scan.dir/C_/Program_Files/Raspberry_Pi/Pico_SDK_v1.5.1/pico-sdk/src/rp2_common/pico_malloc/pico_malloc.c.obj
                0x10004184                __wrap_realloc
 .text.__wrap_free
                0x100041a8        0x8 wifi_scan/CMakeFiles/wifi_scan.dir/C_/Program_Files/Raspberry_Pi/Pico_SDK_v1.5.1/pico-sdk/src/rp2_common/pico_malloc/pico_malloc.c.obj
                0x100041a8                __wrap_free
 .text          0x100041b0       0x10 wifi_scan/CMakeFiles/wifi_scan.dir/C_/Program_Files/Raspberry_Pi/Pico_SDK_v1.5.1/pico-sdk/src/rp2_common/pico_mem_ops/mem_ops_aeabi.S.obj
                0x100041b0                __aeabi_mem_init
 .text.memset   0x100041c0        0xc wifi_scan/CMakeFiles/wifi_scan.dir/C_/Program_Files/Raspberry_Pi/Pico_SDK_v1.5.1/pico-sdk/src/rp2_common/pico_mem_ops/mem_ops_aeabi.S.obj
                0x100041c0                __wrap_memset
 .text.memcpy   0x100041cc        0xc wifi_scan/CMakeFiles/wifi_scan.dir/C_/Program_Files/Raspberry_Pi/Pico_SDK_v1.5.1/pico-sdk/src/rp2_common/pico_mem_ops/mem_ops_aeabi.S.obj
                0x100041cc                __wrap_memcpy
                0x100041cc                __wrap___aeabi_memcpy
 .text.stdio_out_chars_no_crlf
                0x100041d8        0xe wifi_scan/CMakeFiles/wifi_scan.dir/C_/Program_Files/Raspberry_Pi/Pico_SDK_v1.5.1/pico-sdk/src/rp2_common/pico_stdio/stdio.c.obj
 *fill*         0x100041e6        0x2 
 .text.stdio_out_chars_crlf
                0x100041e8       0x80 wifi_scan/CMakeFiles/wifi_scan.dir/C_/Program_Files/Raspberry_Pi/Pico_SDK_v1.5.1/pico-sdk/src/rp2_common/pico_stdio/stdio.c.obj
 .text.stdio_stack_buffer_flush
                0x10004268       0x44 wifi_scan/CMakeFiles/wifi_scan.dir/C_/Program_Files/Raspberry_Pi/Pico_SDK_v1.5.1/pico-sdk/src/rp2_common/pico_stdio/stdio.c.obj
 .text.stdio_buffered_printer
                0x100042ac       0x20 wifi_scan/CMakeFiles/wifi_scan.dir/C_/Program_Files/Raspberry_Pi/Pico_SDK_v1.5.1/pico-sdk/src/rp2_common/pico_stdio/stdio.c.obj
 .text.stdio_get_until
                0x100042cc       0x80 wifi_scan/CMakeFiles/wifi_scan.dir/C_/Program_Files/Raspberry_Pi/Pico_SDK_v1.5.1/pico-sdk/src/rp2_common/pico_stdio/stdio.c.obj
 .text.stdout_serialize_begin
                0x1000434c       0x5c wifi_scan/CMakeFiles/wifi_scan.dir/C_/Program_Files/Raspberry_Pi/Pico_SDK_v1.5.1/pico-sdk/src/rp2_common/pico_stdio/stdio.c.obj
                0x1000434c                stdout_serialize_begin
 .text.stdout_serialize_end
                0x100043a8       0x10 wifi_scan/CMakeFiles/wifi_scan.dir/C_/Program_Files/Raspberry_Pi/Pico_SDK_v1.5.1/pico-sdk/src/rp2_common/pico_stdio/stdio.c.obj
                0x100043a8                stdout_serialize_end
 .text.stdio_put_string
                0x100043b8       0x98 wifi_scan/CMakeFiles/wifi_scan.dir/C_/Program_Files/Raspberry_Pi/Pico_SDK_v1.5.1/pico-sdk/src/rp2_common/pico_stdio/stdio.c.obj
 .text.__wrap_putchar
                0x10004450       0x1c wifi_scan/CMakeFiles/wifi_scan.dir/C_/Program_Files/Raspberry_Pi/Pico_SDK_v1.5.1/pico-sdk/src/rp2_common/pico_stdio/stdio.c.obj
                0x10004450                __wrap_putchar
 .text._read    0x1000446c       0x24 wifi_scan/CMakeFiles/wifi_scan.dir/C_/Program_Files/Raspberry_Pi/Pico_SDK_v1.5.1/pico-sdk/src/rp2_common/pico_stdio/stdio.c.obj
                0x1000446c                _read
 .text._write   0x10004490       0x22 wifi_scan/CMakeFiles/wifi_scan.dir/C_/Program_Files/Raspberry_Pi/Pico_SDK_v1.5.1/pico-sdk/src/rp2_common/pico_stdio/stdio.c.obj
                0x10004490                _write
 .text._close   0x100044b2        0x6 wifi_scan/CMakeFiles/wifi_scan.dir/C_/Program_Files/Raspberry_Pi/Pico_SDK_v1.5.1/pico-sdk/src/rp2_common/pico_stdio/stdio.c.obj
                0x100044b2                _close
 .text._lseek   0x100044b8        0x6 wifi_scan/CMakeFiles/wifi_scan.dir/C_/Program_Files/Raspberry_Pi/Pico_SDK_v1.5.1/pico-sdk/src/rp2_common/pico_stdio/stdio.c.obj
                0x100044b8                _lseek
 .text._fstat   0x100044be        0x6 wifi_scan/CMakeFiles/wifi_scan.dir/C_/Program_Files/Raspberry_Pi/Pico_SDK_v1.5.1/pico-sdk/src/rp2_common/pico_stdio/stdio.c.obj
                0x100044be                _fstat
 .text._isatty  0x100044c4        0xc wifi_scan/CMakeFiles/wifi_scan.dir/C_/Program_Files/Raspberry_Pi/Pico_SDK_v1.5.1/pico-sdk/src/rp2_common/pico_stdio/stdio.c.obj
                0x100044c4                _isatty
 .text.stdio_set_driver_enabled
                0x100044d0       0x2c wifi_scan/CMakeFiles/wifi_scan.dir/C_/Program_Files/Raspberry_Pi/Pico_SDK_v1.5.1/pico-sdk/src/rp2_common/pico_stdio/stdio.c.obj
                0x100044d0                stdio_set_driver_enabled
 .text.stdio_flush
                0x100044fc       0x20 wifi_scan/CMakeFiles/wifi_scan.dir/C_/Program_Files/Raspberry_Pi/Pico_SDK_v1.5.1/pico-sdk/src/rp2_common/pico_stdio/stdio.c.obj
                0x100044fc                stdio_flush
 .text.__wrap_puts
                0x1000451c       0x1e wifi_scan/CMakeFiles/wifi_scan.dir/C_/Program_Files/Raspberry_Pi/Pico_SDK_v1.5.1/pico-sdk/src/rp2_common/pico_stdio/stdio.c.obj
                0x1000451c                __wrap_puts
 *fill*         0x1000453a        0x2 
 .text.__wrap_vprintf
                0x1000453c       0x40 wifi_scan/CMakeFiles/wifi_scan.dir/C_/Program_Files/Raspberry_Pi/Pico_SDK_v1.5.1/pico-sdk/src/rp2_common/pico_stdio/stdio.c.obj
                0x1000453c                __wrap_vprintf
 .text.__wrap_printf
                0x1000457c       0x18 wifi_scan/CMakeFiles/wifi_scan.dir/C_/Program_Files/Raspberry_Pi/Pico_SDK_v1.5.1/pico-sdk/src/rp2_common/pico_stdio/stdio.c.obj
                0x1000457c                __wrap_printf
 .text.stdio_init_all
                0x10004594        0xe wifi_scan/CMakeFiles/wifi_scan.dir/C_/Program_Files/Raspberry_Pi/Pico_SDK_v1.5.1/pico-sdk/src/rp2_common/pico_stdio/stdio.c.obj
                0x10004594                stdio_init_all
 *fill*         0x100045a2        0x2 
 .text.stdio_uart_out_chars
                0x100045a4       0x74 wifi_scan/CMakeFiles/wifi_scan.dir/C_/Program_Files/Raspberry_Pi/Pico_SDK_v1.5.1/pico-sdk/src/rp2_common/pico_stdio_uart/stdio_uart.c.obj
 .text.stdio_uart_in_chars
                0x10004618       0x80 wifi_scan/CMakeFiles/wifi_scan.dir/C_/Program_Files/Raspberry_Pi/Pico_SDK_v1.5.1/pico-sdk/src/rp2_common/pico_stdio_uart/stdio_uart.c.obj
                0x10004618                stdio_uart_in_chars
 .text.on_uart_rx
                0x10004698       0x28 wifi_scan/CMakeFiles/wifi_scan.dir/C_/Program_Files/Raspberry_Pi/Pico_SDK_v1.5.1/pico-sdk/src/rp2_common/pico_stdio_uart/stdio_uart.c.obj
 .text.stdio_uart_set_chars_available_callback
                0x100046c0       0x8c wifi_scan/CMakeFiles/wifi_scan.dir/C_/Program_Files/Raspberry_Pi/Pico_SDK_v1.5.1/pico-sdk/src/rp2_common/pico_stdio_uart/stdio_uart.c.obj
 .text.stdio_uart_init_full
                0x1000474c       0x44 wifi_scan/CMakeFiles/wifi_scan.dir/C_/Program_Files/Raspberry_Pi/Pico_SDK_v1.5.1/pico-sdk/src/rp2_common/pico_stdio_uart/stdio_uart.c.obj
                0x1000474c                stdio_uart_init_full
 .text.stdio_uart_init
                0x10004790       0x28 wifi_scan/CMakeFiles/wifi_scan.dir/C_/Program_Files/Raspberry_Pi/Pico_SDK_v1.5.1/pico-sdk/src/rp2_common/pico_stdio_uart/stdio_uart.c.obj
                0x10004790                stdio_uart_init
 .text.resetd_init
                0x100047b8        0x2 wifi_scan/CMakeFiles/wifi_scan.dir/C_/Program_Files/Raspberry_Pi/Pico_SDK_v1.5.1/pico-sdk/src/rp2_common/pico_stdio_usb/reset_interface.c.obj
 *fill*         0x100047ba        0x2 
 .text.resetd_reset
                0x100047bc        0xc wifi_scan/CMakeFiles/wifi_scan.dir/C_/Program_Files/Raspberry_Pi/Pico_SDK_v1.5.1/pico-sdk/src/rp2_common/pico_stdio_usb/reset_interface.c.obj
 .text.resetd_open
                0x100047c8       0x34 wifi_scan/CMakeFiles/wifi_scan.dir/C_/Program_Files/Raspberry_Pi/Pico_SDK_v1.5.1/pico-sdk/src/rp2_common/pico_stdio_usb/reset_interface.c.obj
 .text.resetd_xfer_cb
                0x100047fc        0x4 wifi_scan/CMakeFiles/wifi_scan.dir/C_/Program_Files/Raspberry_Pi/Pico_SDK_v1.5.1/pico-sdk/src/rp2_common/pico_stdio_usb/reset_interface.c.obj
 .text.reset_usb_boot
                0x10004800       0x18 wifi_scan/CMakeFiles/wifi_scan.dir/C_/Program_Files/Raspberry_Pi/Pico_SDK_v1.5.1/pico-sdk/src/rp2_common/pico_stdio_usb/reset_interface.c.obj
 .text.resetd_control_xfer_cb
                0x10004818       0x5c wifi_scan/CMakeFiles/wifi_scan.dir/C_/Program_Files/Raspberry_Pi/Pico_SDK_v1.5.1/pico-sdk/src/rp2_common/pico_stdio_usb/reset_interface.c.obj
 .text.usbd_app_driver_get_cb
                0x10004874        0xc wifi_scan/CMakeFiles/wifi_scan.dir/C_/Program_Files/Raspberry_Pi/Pico_SDK_v1.5.1/pico-sdk/src/rp2_common/pico_stdio_usb/reset_interface.c.obj
                0x10004874                usbd_app_driver_get_cb
 .text.tud_cdc_line_coding_cb
                0x10004880       0x28 wifi_scan/CMakeFiles/wifi_scan.dir/C_/Program_Files/Raspberry_Pi/Pico_SDK_v1.5.1/pico-sdk/src/rp2_common/pico_stdio_usb/reset_interface.c.obj
                0x10004880                tud_cdc_line_coding_cb
 .text.stdio_usb_set_chars_available_callback
                0x100048a8       0x14 wifi_scan/CMakeFiles/wifi_scan.dir/C_/Program_Files/Raspberry_Pi/Pico_SDK_v1.5.1/pico-sdk/src/rp2_common/pico_stdio_usb/stdio_usb.c.obj
                0x100048a8                stdio_usb_set_chars_available_callback
 .text.usb_irq  0x100048bc       0x10 wifi_scan/CMakeFiles/wifi_scan.dir/C_/Program_Files/Raspberry_Pi/Pico_SDK_v1.5.1/pico-sdk/src/rp2_common/pico_stdio_usb/stdio_usb.c.obj
 .text.timer_task
                0x100048cc       0x5c wifi_scan/CMakeFiles/wifi_scan.dir/C_/Program_Files/Raspberry_Pi/Pico_SDK_v1.5.1/pico-sdk/src/rp2_common/pico_stdio_usb/stdio_usb.c.obj
 .text.low_priority_worker_irq
                0x10004928       0xdc wifi_scan/CMakeFiles/wifi_scan.dir/C_/Program_Files/Raspberry_Pi/Pico_SDK_v1.5.1/pico-sdk/src/rp2_common/pico_stdio_usb/stdio_usb.c.obj
 .text.tud_cdc_rx_cb
                0x10004a04       0x20 wifi_scan/CMakeFiles/wifi_scan.dir/C_/Program_Files/Raspberry_Pi/Pico_SDK_v1.5.1/pico-sdk/src/rp2_common/pico_stdio_usb/stdio_usb.c.obj
                0x10004a04                tud_cdc_rx_cb
 .text.stdio_usb_init
                0x10004a24      0x11c wifi_scan/CMakeFiles/wifi_scan.dir/C_/Program_Files/Raspberry_Pi/Pico_SDK_v1.5.1/pico-sdk/src/rp2_common/pico_stdio_usb/stdio_usb.c.obj
                0x10004a24                stdio_usb_init
 .text.stdio_usb_connected
                0x10004b40        0xa wifi_scan/CMakeFiles/wifi_scan.dir/C_/Program_Files/Raspberry_Pi/Pico_SDK_v1.5.1/pico-sdk/src/rp2_common/pico_stdio_usb/stdio_usb.c.obj
                0x10004b40                stdio_usb_connected
 *fill*         0x10004b4a        0x2 
 .text.stdio_usb_in_chars
                0x10004b4c       0xc4 wifi_scan/CMakeFiles/wifi_scan.dir/C_/Program_Files/Raspberry_Pi/Pico_SDK_v1.5.1/pico-sdk/src/rp2_common/pico_stdio_usb/stdio_usb.c.obj
                0x10004b4c                stdio_usb_in_chars
 .text.stdio_usb_out_chars
                0x10004c10      0x114 wifi_scan/CMakeFiles/wifi_scan.dir/C_/Program_Files/Raspberry_Pi/Pico_SDK_v1.5.1/pico-sdk/src/rp2_common/pico_stdio_usb/stdio_usb.c.obj
 .text.tud_descriptor_device_cb
                0x10004d24        0x8 wifi_scan/CMakeFiles/wifi_scan.dir/C_/Program_Files/Raspberry_Pi/Pico_SDK_v1.5.1/pico-sdk/src/rp2_common/pico_stdio_usb/stdio_usb_descriptors.c.obj
                0x10004d24                tud_descriptor_device_cb
 .text.tud_descriptor_configuration_cb
                0x10004d2c        0x8 wifi_scan/CMakeFiles/wifi_scan.dir/C_/Program_Files/Raspberry_Pi/Pico_SDK_v1.5.1/pico-sdk/src/rp2_common/pico_stdio_usb/stdio_usb_descriptors.c.obj
                0x10004d2c                tud_descriptor_configuration_cb
 .text.tud_descriptor_string_cb
                0x10004d34       0x6c wifi_scan/CMakeFiles/wifi_scan.dir/C_/Program_Files/Raspberry_Pi/Pico_SDK_v1.5.1/pico-sdk/src/rp2_common/pico_stdio_usb/stdio_usb_descriptors.c.obj
                0x10004d34                tud_descriptor_string_cb
 .text._retrieve_unique_id_on_boot
                0x10004da0       0x10 wifi_scan/CMakeFiles/wifi_scan.dir/C_/Program_Files/Raspberry_Pi/Pico_SDK_v1.5.1/pico-sdk/src/rp2_common/pico_unique_id/unique_id.c.obj
 .text.pico_get_unique_board_id_string
                0x10004db0       0x60 wifi_scan/CMakeFiles/wifi_scan.dir/C_/Program_Files/Raspberry_Pi/Pico_SDK_v1.5.1/pico-sdk/src/rp2_common/pico_unique_id/unique_id.c.obj
                0x10004db0                pico_get_unique_board_id_string
 .text.flash_get_unique_id
                0x10004e10       0x46 wifi_scan/CMakeFiles/wifi_scan.dir/C_/Program_Files/Raspberry_Pi/Pico_SDK_v1.5.1/pico-sdk/src/rp2_common/hardware_flash/flash.c.obj
                0x10004e10                flash_get_unique_id
 *fill*         0x10004e56        0x2 
 .text.hw_endpoint_get_by_addr
                0x10004e58       0x18 wifi_scan/CMakeFiles/wifi_scan.dir/C_/Program_Files/Raspberry_Pi/Pico_SDK_v1.5.1/pico-sdk/lib/tinyusb/src/portable/raspberrypi/rp2040/dcd_rp2040.c.obj
 .text._hw_endpoint_alloc
                0x10004e70       0x70 wifi_scan/CMakeFiles/wifi_scan.dir/C_/Program_Files/Raspberry_Pi/Pico_SDK_v1.5.1/pico-sdk/lib/tinyusb/src/portable/raspberrypi/rp2040/dcd_rp2040.c.obj
 .text.hw_endpoint_init
                0x10004ee0       0x88 wifi_scan/CMakeFiles/wifi_scan.dir/C_/Program_Files/Raspberry_Pi/Pico_SDK_v1.5.1/pico-sdk/lib/tinyusb/src/portable/raspberrypi/rp2040/dcd_rp2040.c.obj
 .text.hw_endpoint_xfer
                0x10004f68       0x14 wifi_scan/CMakeFiles/wifi_scan.dir/C_/Program_Files/Raspberry_Pi/Pico_SDK_v1.5.1/pico-sdk/lib/tinyusb/src/portable/raspberrypi/rp2040/dcd_rp2040.c.obj
 .text.dcd_int_enable
                0x10004f7c       0x2c wifi_scan/CMakeFiles/wifi_scan.dir/C_/Program_Files/Raspberry_Pi/Pico_SDK_v1.5.1/pico-sdk/lib/tinyusb/src/portable/raspberrypi/rp2040/dcd_rp2040.c.obj
                0x10004f7c                dcd_int_enable
 .text.dcd_set_address
                0x10004fa8       0x2c wifi_scan/CMakeFiles/wifi_scan.dir/C_/Program_Files/Raspberry_Pi/Pico_SDK_v1.5.1/pico-sdk/lib/tinyusb/src/portable/raspberrypi/rp2040/dcd_rp2040.c.obj
                0x10004fa8                dcd_set_address
 .text.dcd_connect
                0x10004fd4       0x10 wifi_scan/CMakeFiles/wifi_scan.dir/C_/Program_Files/Raspberry_Pi/Pico_SDK_v1.5.1/pico-sdk/lib/tinyusb/src/portable/raspberrypi/rp2040/dcd_rp2040.c.obj
                0x10004fd4                dcd_connect
 .text.dcd_init
                0x10004fe4       0x80 wifi_scan/CMakeFiles/wifi_scan.dir/C_/Program_Files/Raspberry_Pi/Pico_SDK_v1.5.1/pico-sdk/lib/tinyusb/src/portable/raspberrypi/rp2040/dcd_rp2040.c.obj
                0x10004fe4                dcd_init
 .text.dcd_edpt0_status_complete
                0x10005064       0x1c wifi_scan/CMakeFiles/wifi_scan.dir/C_/Program_Files/Raspberry_Pi/Pico_SDK_v1.5.1/pico-sdk/lib/tinyusb/src/portable/raspberrypi/rp2040/dcd_rp2040.c.obj
                0x10005064                dcd_edpt0_status_complete
 .text.dcd_edpt_open
                0x10005080       0x40 wifi_scan/CMakeFiles/wifi_scan.dir/C_/Program_Files/Raspberry_Pi/Pico_SDK_v1.5.1/pico-sdk/lib/tinyusb/src/portable/raspberrypi/rp2040/dcd_rp2040.c.obj
                0x10005080                dcd_edpt_open
 .text.dcd_edpt_close_all
                0x100050c0        0x8 wifi_scan/CMakeFiles/wifi_scan.dir/C_/Program_Files/Raspberry_Pi/Pico_SDK_v1.5.1/pico-sdk/lib/tinyusb/src/portable/raspberrypi/rp2040/dcd_rp2040.c.obj
                0x100050c0                dcd_edpt_close_all
 .text.dcd_edpt_xfer
                0x100050c8       0x34 wifi_scan/CMakeFiles/wifi_scan.dir/C_/Program_Files/Raspberry_Pi/Pico_SDK_v1.5.1/pico-sdk/lib/tinyusb/src/portable/raspberrypi/rp2040/dcd_rp2040.c.obj
                0x100050c8                dcd_edpt_xfer
 .text.dcd_edpt_stall
                0x100050fc       0x2c wifi_scan/CMakeFiles/wifi_scan.dir/C_/Program_Files/Raspberry_Pi/Pico_SDK_v1.5.1/pico-sdk/lib/tinyusb/src/portable/raspberrypi/rp2040/dcd_rp2040.c.obj
                0x100050fc                dcd_edpt_stall
 .text.dcd_edpt_clear_stall
                0x10005128       0x20 wifi_scan/CMakeFiles/wifi_scan.dir/C_/Program_Files/Raspberry_Pi/Pico_SDK_v1.5.1/pico-sdk/lib/tinyusb/src/portable/raspberrypi/rp2040/dcd_rp2040.c.obj
                0x10005128                dcd_edpt_clear_stall
 .text.rp2040_usb_init
                0x10005148       0x4c wifi_scan/CMakeFiles/wifi_scan.dir/C_/Program_Files/Raspberry_Pi/Pico_SDK_v1.5.1/pico-sdk/lib/tinyusb/src/portable/raspberrypi/rp2040/rp2040_usb.c.obj
                0x10005148                rp2040_usb_init
 .text.hw_endpoint_xfer_start
                0x10005194       0x50 wifi_scan/CMakeFiles/wifi_scan.dir/C_/Program_Files/Raspberry_Pi/Pico_SDK_v1.5.1/pico-sdk/lib/tinyusb/src/portable/raspberrypi/rp2040/rp2040_usb.c.obj
                0x10005194                hw_endpoint_xfer_start
 .text.configuration_reset
                0x100051e4       0x84 wifi_scan/CMakeFiles/wifi_scan.dir/C_/Program_Files/Raspberry_Pi/Pico_SDK_v1.5.1/pico-sdk/lib/tinyusb/src/device/usbd.c.obj
 .text.usbd_reset
                0x10005268        0xc wifi_scan/CMakeFiles/wifi_scan.dir/C_/Program_Files/Raspberry_Pi/Pico_SDK_v1.5.1/pico-sdk/lib/tinyusb/src/device/usbd.c.obj
 .text.invoke_class_control
                0x10005274       0x1a wifi_scan/CMakeFiles/wifi_scan.dir/C_/Program_Files/Raspberry_Pi/Pico_SDK_v1.5.1/pico-sdk/lib/tinyusb/src/device/usbd.c.obj
 *fill*         0x1000528e        0x2 
 .text.process_set_config
                0x10005290      0x178 wifi_scan/CMakeFiles/wifi_scan.dir/C_/Program_Files/Raspberry_Pi/Pico_SDK_v1.5.1/pico-sdk/lib/tinyusb/src/device/usbd.c.obj
 .text.process_get_descriptor
                0x10005408       0xdc wifi_scan/CMakeFiles/wifi_scan.dir/C_/Program_Files/Raspberry_Pi/Pico_SDK_v1.5.1/pico-sdk/lib/tinyusb/src/device/usbd.c.obj
 .text.tud_mounted
                0x100054e4       0x10 wifi_scan/CMakeFiles/wifi_scan.dir/C_/Program_Files/Raspberry_Pi/Pico_SDK_v1.5.1/pico-sdk/lib/tinyusb/src/device/usbd.c.obj
                0x100054e4                tud_mounted
 .text.tud_suspended
                0x100054f4       0x10 wifi_scan/CMakeFiles/wifi_scan.dir/C_/Program_Files/Raspberry_Pi/Pico_SDK_v1.5.1/pico-sdk/lib/tinyusb/src/device/usbd.c.obj
                0x100054f4                tud_suspended
 .text.tud_inited
                0x10005504       0x14 wifi_scan/CMakeFiles/wifi_scan.dir/C_/Program_Files/Raspberry_Pi/Pico_SDK_v1.5.1/pico-sdk/lib/tinyusb/src/device/usbd.c.obj
                0x10005504                tud_inited
 .text.tud_init
                0x10005518       0xcc wifi_scan/CMakeFiles/wifi_scan.dir/C_/Program_Files/Raspberry_Pi/Pico_SDK_v1.5.1/pico-sdk/lib/tinyusb/src/device/usbd.c.obj
                0x10005518                tud_init
 .text.usbd_defer_func
                0x100055e4       0x2a wifi_scan/CMakeFiles/wifi_scan.dir/C_/Program_Files/Raspberry_Pi/Pico_SDK_v1.5.1/pico-sdk/lib/tinyusb/src/device/usbd.c.obj
                0x100055e4                usbd_defer_func
 *fill*         0x1000560e        0x2 
 .text.usbd_edpt_open
                0x10005610       0x34 wifi_scan/CMakeFiles/wifi_scan.dir/C_/Program_Files/Raspberry_Pi/Pico_SDK_v1.5.1/pico-sdk/lib/tinyusb/src/device/usbd.c.obj
                0x10005610                usbd_edpt_open
 .text.usbd_open_edpt_pair
                0x10005644       0x62 wifi_scan/CMakeFiles/wifi_scan.dir/C_/Program_Files/Raspberry_Pi/Pico_SDK_v1.5.1/pico-sdk/lib/tinyusb/src/device/usbd.c.obj
                0x10005644                usbd_open_edpt_pair
 *fill*         0x100056a6        0x2 
 .text.usbd_edpt_claim
                0x100056a8       0x28 wifi_scan/CMakeFiles/wifi_scan.dir/C_/Program_Files/Raspberry_Pi/Pico_SDK_v1.5.1/pico-sdk/lib/tinyusb/src/device/usbd.c.obj
                0x100056a8                usbd_edpt_claim
 .text.usbd_edpt_release
                0x100056d0       0x28 wifi_scan/CMakeFiles/wifi_scan.dir/C_/Program_Files/Raspberry_Pi/Pico_SDK_v1.5.1/pico-sdk/lib/tinyusb/src/device/usbd.c.obj
                0x100056d0                usbd_edpt_release
 .text.usbd_edpt_xfer
                0x100056f8       0x78 wifi_scan/CMakeFiles/wifi_scan.dir/C_/Program_Files/Raspberry_Pi/Pico_SDK_v1.5.1/pico-sdk/lib/tinyusb/src/device/usbd.c.obj
                0x100056f8                usbd_edpt_xfer
 .text.usbd_edpt_stall
                0x10005770       0x48 wifi_scan/CMakeFiles/wifi_scan.dir/C_/Program_Files/Raspberry_Pi/Pico_SDK_v1.5.1/pico-sdk/lib/tinyusb/src/device/usbd.c.obj
                0x10005770                usbd_edpt_stall
 .text.usbd_edpt_clear_stall
                0x100057b8       0x48 wifi_scan/CMakeFiles/wifi_scan.dir/C_/Program_Files/Raspberry_Pi/Pico_SDK_v1.5.1/pico-sdk/lib/tinyusb/src/device/usbd.c.obj
                0x100057b8                usbd_edpt_clear_stall
 .text.usbd_edpt_stalled
                0x10005800       0x1c wifi_scan/CMakeFiles/wifi_scan.dir/C_/Program_Files/Raspberry_Pi/Pico_SDK_v1.5.1/pico-sdk/lib/tinyusb/src/device/usbd.c.obj
                0x10005800                usbd_edpt_stalled
 .text.process_control_request
                0x1000581c      0x37c wifi_scan/CMakeFiles/wifi_scan.dir/C_/Program_Files/Raspberry_Pi/Pico_SDK_v1.5.1/pico-sdk/lib/tinyusb/src/device/usbd.c.obj
 .text.tud_task_ext
                0x10005b98      0x1b8 wifi_scan/CMakeFiles/wifi_scan.dir/C_/Program_Files/Raspberry_Pi/Pico_SDK_v1.5.1/pico-sdk/lib/tinyusb/src/device/usbd.c.obj
                0x10005b98                tud_task_ext
 .text._data_stage_xact
                0x10005d50       0x58 wifi_scan/CMakeFiles/wifi_scan.dir/C_/Program_Files/Raspberry_Pi/Pico_SDK_v1.5.1/pico-sdk/lib/tinyusb/src/device/usbd_control.c.obj
 .text.tud_control_status
                0x10005da8       0x38 wifi_scan/CMakeFiles/wifi_scan.dir/C_/Program_Files/Raspberry_Pi/Pico_SDK_v1.5.1/pico-sdk/lib/tinyusb/src/device/usbd_control.c.obj
                0x10005da8                tud_control_status
 .text.tud_control_xfer
                0x10005de0       0x74 wifi_scan/CMakeFiles/wifi_scan.dir/C_/Program_Files/Raspberry_Pi/Pico_SDK_v1.5.1/pico-sdk/lib/tinyusb/src/device/usbd_control.c.obj
                0x10005de0                tud_control_xfer
 .text.usbd_control_reset
                0x10005e54       0x14 wifi_scan/CMakeFiles/wifi_scan.dir/C_/Program_Files/Raspberry_Pi/Pico_SDK_v1.5.1/pico-sdk/lib/tinyusb/src/device/usbd_control.c.obj
                0x10005e54                usbd_control_reset
 .text.usbd_control_set_complete_callback
                0x10005e68        0xc wifi_scan/CMakeFiles/wifi_scan.dir/C_/Program_Files/Raspberry_Pi/Pico_SDK_v1.5.1/pico-sdk/lib/tinyusb/src/device/usbd_control.c.obj
                0x10005e68                usbd_control_set_complete_callback
 .text.usbd_control_set_request
                0x10005e74       0x1c wifi_scan/CMakeFiles/wifi_scan.dir/C_/Program_Files/Raspberry_Pi/Pico_SDK_v1.5.1/pico-sdk/lib/tinyusb/src/device/usbd_control.c.obj
                0x10005e74                usbd_control_set_request
 .text.usbd_control_xfer_cb
                0x10005e90       0xcc wifi_scan/CMakeFiles/wifi_scan.dir/C_/Program_Files/Raspberry_Pi/Pico_SDK_v1.5.1/pico-sdk/lib/tinyusb/src/device/usbd_control.c.obj
                0x10005e90                usbd_control_xfer_cb
 .text._prep_out_transaction
                0x10005f5c       0x4a wifi_scan/CMakeFiles/wifi_scan.dir/C_/Program_Files/Raspberry_Pi/Pico_SDK_v1.5.1/pico-sdk/lib/tinyusb/src/class/cdc/cdc_device.c.obj
 *fill*         0x10005fa6        0x2 
 .text.tud_cdc_n_connected
                0x10005fa8       0x44 wifi_scan/CMakeFiles/wifi_scan.dir/C_/Program_Files/Raspberry_Pi/Pico_SDK_v1.5.1/pico-sdk/lib/tinyusb/src/class/cdc/cdc_device.c.obj
                0x10005fa8                tud_cdc_n_connected
 .text.tud_cdc_n_available
                0x10005fec       0x18 wifi_scan/CMakeFiles/wifi_scan.dir/C_/Program_Files/Raspberry_Pi/Pico_SDK_v1.5.1/pico-sdk/lib/tinyusb/src/class/cdc/cdc_device.c.obj
                0x10005fec                tud_cdc_n_available
 .text.tud_cdc_n_read
                0x10006004       0x28 wifi_scan/CMakeFiles/wifi_scan.dir/C_/Program_Files/Raspberry_Pi/Pico_SDK_v1.5.1/pico-sdk/lib/tinyusb/src/class/cdc/cdc_device.c.obj
                0x10006004                tud_cdc_n_read
 .text.tud_cdc_n_write_flush
                0x1000602c       0xb8 wifi_scan/CMakeFiles/wifi_scan.dir/C_/Program_Files/Raspberry_Pi/Pico_SDK_v1.5.1/pico-sdk/lib/tinyusb/src/class/cdc/cdc_device.c.obj
                0x1000602c                tud_cdc_n_write_flush
 .text.tud_cdc_n_write
                0x100060e4       0x38 wifi_scan/CMakeFiles/wifi_scan.dir/C_/Program_Files/Raspberry_Pi/Pico_SDK_v1.5.1/pico-sdk/lib/tinyusb/src/class/cdc/cdc_device.c.obj
                0x100060e4                tud_cdc_n_write
 .text.tud_cdc_n_write_available
                0x1000611c       0x1c wifi_scan/CMakeFiles/wifi_scan.dir/C_/Program_Files/Raspberry_Pi/Pico_SDK_v1.5.1/pico-sdk/lib/tinyusb/src/class/cdc/cdc_device.c.obj
                0x1000611c                tud_cdc_n_write_available
 .text.cdcd_init
                0x10006138       0xbc wifi_scan/CMakeFiles/wifi_scan.dir/C_/Program_Files/Raspberry_Pi/Pico_SDK_v1.5.1/pico-sdk/lib/tinyusb/src/class/cdc/cdc_device.c.obj
                0x10006138                cdcd_init
 .text.cdcd_reset
                0x100061f4       0x44 wifi_scan/CMakeFiles/wifi_scan.dir/C_/Program_Files/Raspberry_Pi/Pico_SDK_v1.5.1/pico-sdk/lib/tinyusb/src/class/cdc/cdc_device.c.obj
                0x100061f4                cdcd_reset
 .text.cdcd_open
                0x10006238       0xcc wifi_scan/CMakeFiles/wifi_scan.dir/C_/Program_Files/Raspberry_Pi/Pico_SDK_v1.5.1/pico-sdk/lib/tinyusb/src/class/cdc/cdc_device.c.obj
                0x10006238                cdcd_open
 .text.cdcd_control_xfer_cb
                0x10006304      0x134 wifi_scan/CMakeFiles/wifi_scan.dir/C_/Program_Files/Raspberry_Pi/Pico_SDK_v1.5.1/pico-sdk/lib/tinyusb/src/class/cdc/cdc_device.c.obj
                0x10006304                cdcd_control_xfer_cb
 .text.cdcd_xfer_cb
                0x10006438      0x130 wifi_scan/CMakeFiles/wifi_scan.dir/C_/Program_Files/Raspberry_Pi/Pico_SDK_v1.5.1/pico-sdk/lib/tinyusb/src/class/cdc/cdc_device.c.obj
                0x10006438                cdcd_xfer_cb
 .text.tusb_init
                0x10006568        0xa wifi_scan/CMakeFiles/wifi_scan.dir/C_/Program_Files/Raspberry_Pi/Pico_SDK_v1.5.1/pico-sdk/lib/tinyusb/src/tusb.c.obj
                0x10006568                tusb_init
 .text.tusb_inited
                0x10006572        0xe wifi_scan/CMakeFiles/wifi_scan.dir/C_/Program_Files/Raspberry_Pi/Pico_SDK_v1.5.1/pico-sdk/lib/tinyusb/src/tusb.c.obj
                0x10006572                tusb_inited
 .text.tu_edpt_claim
                0x10006580       0x50 wifi_scan/CMakeFiles/wifi_scan.dir/C_/Program_Files/Raspberry_Pi/Pico_SDK_v1.5.1/pico-sdk/lib/tinyusb/src/tusb.c.obj
                0x10006580                tu_edpt_claim
 .text.tu_edpt_release
                0x100065d0       0x3c wifi_scan/CMakeFiles/wifi_scan.dir/C_/Program_Files/Raspberry_Pi/Pico_SDK_v1.5.1/pico-sdk/lib/tinyusb/src/tusb.c.obj
                0x100065d0                tu_edpt_release
 .text.tu_edpt_validate
                0x1000660c       0x78 wifi_scan/CMakeFiles/wifi_scan.dir/C_/Program_Files/Raspberry_Pi/Pico_SDK_v1.5.1/pico-sdk/lib/tinyusb/src/tusb.c.obj
                0x1000660c                tu_edpt_validate
 .text.tu_edpt_bind_driver
                0x10006684       0x26 wifi_scan/CMakeFiles/wifi_scan.dir/C_/Program_Files/Raspberry_Pi/Pico_SDK_v1.5.1/pico-sdk/lib/tinyusb/src/tusb.c.obj
                0x10006684                tu_edpt_bind_driver
 .text.advance_index
                0x100066aa       0x1a wifi_scan/CMakeFiles/wifi_scan.dir/C_/Program_Files/Raspberry_Pi/Pico_SDK_v1.5.1/pico-sdk/lib/tinyusb/src/common/tusb_fifo.c.obj
 .text._tu_fifo_peek
                0x100066c4       0x56 wifi_scan/CMakeFiles/wifi_scan.dir/C_/Program_Files/Raspberry_Pi/Pico_SDK_v1.5.1/pico-sdk/lib/tinyusb/src/common/tusb_fifo.c.obj
 .text._ff_pull_const_addr
                0x1000671a       0x4c wifi_scan/CMakeFiles/wifi_scan.dir/C_/Program_Files/Raspberry_Pi/Pico_SDK_v1.5.1/pico-sdk/lib/tinyusb/src/common/tusb_fifo.c.obj
 .text._ff_pull_n
                0x10006766      0x110 wifi_scan/CMakeFiles/wifi_scan.dir/C_/Program_Files/Raspberry_Pi/Pico_SDK_v1.5.1/pico-sdk/lib/tinyusb/src/common/tusb_fifo.c.obj
 .text._tu_fifo_peek_n
                0x10006876       0x6a wifi_scan/CMakeFiles/wifi_scan.dir/C_/Program_Files/Raspberry_Pi/Pico_SDK_v1.5.1/pico-sdk/lib/tinyusb/src/common/tusb_fifo.c.obj
 .text._tu_fifo_read_n
                0x100068e0       0x4e wifi_scan/CMakeFiles/wifi_scan.dir/C_/Program_Files/Raspberry_Pi/Pico_SDK_v1.5.1/pico-sdk/lib/tinyusb/src/common/tusb_fifo.c.obj
 .text._ff_push_const_addr
                0x1000692e       0x40 wifi_scan/CMakeFiles/wifi_scan.dir/C_/Program_Files/Raspberry_Pi/Pico_SDK_v1.5.1/pico-sdk/lib/tinyusb/src/common/tusb_fifo.c.obj
 .text._ff_push_n
                0x1000696e      0x10c wifi_scan/CMakeFiles/wifi_scan.dir/C_/Program_Files/Raspberry_Pi/Pico_SDK_v1.5.1/pico-sdk/lib/tinyusb/src/common/tusb_fifo.c.obj
 .text._tu_fifo_write_n
                0x10006a7a       0xf0 wifi_scan/CMakeFiles/wifi_scan.dir/C_/Program_Files/Raspberry_Pi/Pico_SDK_v1.5.1/pico-sdk/lib/tinyusb/src/common/tusb_fifo.c.obj
 .text.tu_fifo_config
                0x10006b6a       0x7c wifi_scan/CMakeFiles/wifi_scan.dir/C_/Program_Files/Raspberry_Pi/Pico_SDK_v1.5.1/pico-sdk/lib/tinyusb/src/common/tusb_fifo.c.obj
                0x10006b6a                tu_fifo_config
 .text.tu_fifo_count
                0x10006be6       0x2a wifi_scan/CMakeFiles/wifi_scan.dir/C_/Program_Files/Raspberry_Pi/Pico_SDK_v1.5.1/pico-sdk/lib/tinyusb/src/common/tusb_fifo.c.obj
                0x10006be6                tu_fifo_count
 .text.tu_fifo_empty
                0x10006c10       0x10 wifi_scan/CMakeFiles/wifi_scan.dir/C_/Program_Files/Raspberry_Pi/Pico_SDK_v1.5.1/pico-sdk/lib/tinyusb/src/common/tusb_fifo.c.obj
                0x10006c10                tu_fifo_empty
 .text.tu_fifo_full
                0x10006c20       0x28 wifi_scan/CMakeFiles/wifi_scan.dir/C_/Program_Files/Raspberry_Pi/Pico_SDK_v1.5.1/pico-sdk/lib/tinyusb/src/common/tusb_fifo.c.obj
                0x10006c20                tu_fifo_full
 .text.tu_fifo_remaining
                0x10006c48       0x2c wifi_scan/CMakeFiles/wifi_scan.dir/C_/Program_Files/Raspberry_Pi/Pico_SDK_v1.5.1/pico-sdk/lib/tinyusb/src/common/tusb_fifo.c.obj
                0x10006c48                tu_fifo_remaining
 .text.tu_fifo_read
                0x10006c74       0x42 wifi_scan/CMakeFiles/wifi_scan.dir/C_/Program_Files/Raspberry_Pi/Pico_SDK_v1.5.1/pico-sdk/lib/tinyusb/src/common/tusb_fifo.c.obj
                0x10006c74                tu_fifo_read
 .text.tu_fifo_read_n
                0x10006cb6        0xa wifi_scan/CMakeFiles/wifi_scan.dir/C_/Program_Files/Raspberry_Pi/Pico_SDK_v1.5.1/pico-sdk/lib/tinyusb/src/common/tusb_fifo.c.obj
                0x10006cb6                tu_fifo_read_n
 .text.tu_fifo_write
                0x10006cc0       0x64 wifi_scan/CMakeFiles/wifi_scan.dir/C_/Program_Files/Raspberry_Pi/Pico_SDK_v1.5.1/pico-sdk/lib/tinyusb/src/common/tusb_fifo.c.obj
                0x10006cc0                tu_fifo_write
 .text.tu_fifo_write_n
                0x10006d24        0xa wifi_scan/CMakeFiles/wifi_scan.dir/C_/Program_Files/Raspberry_Pi/Pico_SDK_v1.5.1/pico-sdk/lib/tinyusb/src/common/tusb_fifo.c.obj
                0x10006d24                tu_fifo_write_n
 .text.tu_fifo_clear
                0x10006d2e       0x3e wifi_scan/CMakeFiles/wifi_scan.dir/C_/Program_Files/Raspberry_Pi/Pico_SDK_v1.5.1/pico-sdk/lib/tinyusb/src/common/tusb_fifo.c.obj
                0x10006d2e                tu_fifo_clear
 .text.tu_fifo_set_overwritable
                0x10006d6c       0x46 wifi_scan/CMakeFiles/wifi_scan.dir/C_/Program_Files/Raspberry_Pi/Pico_SDK_v1.5.1/pico-sdk/lib/tinyusb/src/common/tusb_fifo.c.obj
                0x10006d6c                tu_fifo_set_overwritable
 *fill*         0x10006db2        0x2 
 .text._calloc_r
                0x10006db4       0x9c c:/progra~1/raspbe~1/picosd~1.1/gcc-ar~1/bin/../lib/gcc/arm-none-eabi/10.3.1/../../../../arm-none-eabi/lib/thumb/v6-m/nofp\libg.a(lib_a-callocr.o)
                0x10006db4                _calloc_r
 .text.__errno  0x10006e50        0xc c:/progra~1/raspbe~1/picosd~1.1/gcc-ar~1/bin/../lib/gcc/arm-none-eabi/10.3.1/../../../../arm-none-eabi/lib/thumb/v6-m/nofp\libg.a(lib_a-errno.o)
                0x10006e50                __errno
 .text.malloc   0x10006e5c       0x14 c:/progra~1/raspbe~1/picosd~1.1/gcc-ar~1/bin/../lib/gcc/arm-none-eabi/10.3.1/../../../../arm-none-eabi/lib/thumb/v6-m/nofp\libg.a(lib_a-malloc.o)
                0x10006e5c                malloc
 .text.free     0x10006e70       0x14 c:/progra~1/raspbe~1/picosd~1.1/gcc-ar~1/bin/../lib/gcc/arm-none-eabi/10.3.1/../../../../arm-none-eabi/lib/thumb/v6-m/nofp\libg.a(lib_a-malloc.o)
                0x10006e70                free
 .text._malloc_r
                0x10006e84      0x584 c:/progra~1/raspbe~1/picosd~1.1/gcc-ar~1/bin/../lib/gcc/arm-none-eabi/10.3.1/../../../../arm-none-eabi/lib/thumb/v6-m/nofp\libg.a(lib_a-mallocr.o)
                0x10006e84                _malloc_r
 .text.__malloc_lock
                0x10007408       0x10 c:/progra~1/raspbe~1/picosd~1.1/gcc-ar~1/bin/../lib/gcc/arm-none-eabi/10.3.1/../../../../arm-none-eabi/lib/thumb/v6-m/nofp\libg.a(lib_a-mlock.o)
                0x10007408                __malloc_lock
 .text.__malloc_unlock
                0x10007418       0x10 c:/progra~1/raspbe~1/picosd~1.1/gcc-ar~1/bin/../lib/gcc/arm-none-eabi/10.3.1/../../../../arm-none-eabi/lib/thumb/v6-m/nofp\libg.a(lib_a-mlock.o)
                0x10007418                __malloc_unlock
 .text.realloc  0x10007428       0x18 c:/progra~1/raspbe~1/picosd~1.1/gcc-ar~1/bin/../lib/gcc/arm-none-eabi/10.3.1/../../../../arm-none-eabi/lib/thumb/v6-m/nofp\libg.a(lib_a-realloc.o)
                0x10007428                realloc
 .text._realloc_r
                0x10007440      0x354 c:/progra~1/raspbe~1/picosd~1.1/gcc-ar~1/bin/../lib/gcc/arm-none-eabi/10.3.1/../../../../arm-none-eabi/lib/thumb/v6-m/nofp\libg.a(lib_a-reallocr.o)
                0x10007440                _realloc_r
 .text._sbrk_r  0x10007794       0x24 c:/progra~1/raspbe~1/picosd~1.1/gcc-ar~1/bin/../lib/gcc/arm-none-eabi/10.3.1/../../../../arm-none-eabi/lib/thumb/v6-m/nofp\libg.a(lib_a-sbrkr.o)
                0x10007794                _sbrk_r
 .text.scanf    0x100077b8       0x24 c:/progra~1/raspbe~1/picosd~1.1/gcc-ar~1/bin/../lib/gcc/arm-none-eabi/10.3.1/../../../../arm-none-eabi/lib/thumb/v6-m/nofp\libg.a(lib_a-scanf.o)
                0x100077b8                scanf
 .text.strlen   0x100077dc       0x5c c:/progra~1/raspbe~1/picosd~1.1/gcc-ar~1/bin/../lib/gcc/arm-none-eabi/10.3.1/../../../../arm-none-eabi/lib/thumb/v6-m/nofp\libg.a(lib_a-strlen-stub.o)
                0x100077dc                strlen
 .text.__svfscanf_r
                0x10007838     0x17d8 c:/progra~1/raspbe~1/picosd~1.1/gcc-ar~1/bin/../lib/gcc/arm-none-eabi/10.3.1/../../../../arm-none-eabi/lib/thumb/v6-m/nofp\libg.a(lib_a-vfscanf.o)
                0x10007838                __svfscanf_r
 .text._vfscanf_r
                0x10009010       0x28 c:/progra~1/raspbe~1/picosd~1.1/gcc-ar~1/bin/../lib/gcc/arm-none-eabi/10.3.1/../../../../arm-none-eabi/lib/thumb/v6-m/nofp\libg.a(lib_a-vfscanf.o)
                0x10009010                _vfscanf_r
 .text._cleanup_r
                0x10009038       0x10 c:/progra~1/raspbe~1/picosd~1.1/gcc-ar~1/bin/../lib/gcc/arm-none-eabi/10.3.1/../../../../arm-none-eabi/lib/thumb/v6-m/nofp\libg.a(lib_a-findfp.o)
                0x10009038                _cleanup_r
 .text.__sinit  0x10009048      0x120 c:/progra~1/raspbe~1/picosd~1.1/gcc-ar~1/bin/../lib/gcc/arm-none-eabi/10.3.1/../../../../arm-none-eabi/lib/thumb/v6-m/nofp\libg.a(lib_a-findfp.o)
                0x10009048                __sinit
 .text.__sfp_lock_acquire
                0x10009168       0x10 c:/progra~1/raspbe~1/picosd~1.1/gcc-ar~1/bin/../lib/gcc/arm-none-eabi/10.3.1/../../../../arm-none-eabi/lib/thumb/v6-m/nofp\libg.a(lib_a-findfp.o)
                0x10009168                __sfp_lock_acquire
 .text.__sfp_lock_release
                0x10009178       0x10 c:/progra~1/raspbe~1/picosd~1.1/gcc-ar~1/bin/../lib/gcc/arm-none-eabi/10.3.1/../../../../arm-none-eabi/lib/thumb/v6-m/nofp\libg.a(lib_a-findfp.o)
                0x10009178                __sfp_lock_release
 .text._fread_r
                0x10009188      0x1bc c:/progra~1/raspbe~1/picosd~1.1/gcc-ar~1/bin/../lib/gcc/arm-none-eabi/10.3.1/../../../../arm-none-eabi/lib/thumb/v6-m/nofp\libg.a(lib_a-fread.o)
                0x10009188                _fread_r
 .text._malloc_trim_r
                0x10009344       0x9c c:/progra~1/raspbe~1/picosd~1.1/gcc-ar~1/bin/../lib/gcc/arm-none-eabi/10.3.1/../../../../arm-none-eabi/lib/thumb/v6-m/nofp\libg.a(lib_a-freer.o)
                0x10009344                _malloc_trim_r
 .text._free_r  0x100093e0      0x1c4 c:/progra~1/raspbe~1/picosd~1.1/gcc-ar~1/bin/../lib/gcc/arm-none-eabi/10.3.1/../../../../arm-none-eabi/lib/thumb/v6-m/nofp\libg.a(lib_a-freer.o)
                0x100093e0                _free_r
 .text._fwalk   0x100095a4       0x40 c:/progra~1/raspbe~1/picosd~1.1/gcc-ar~1/bin/../lib/gcc/arm-none-eabi/10.3.1/../../../../arm-none-eabi/lib/thumb/v6-m/nofp\libg.a(lib_a-fwalk.o)
                0x100095a4                _fwalk
 .text._fwalk_reent
                0x100095e4       0x48 c:/progra~1/raspbe~1/picosd~1.1/gcc-ar~1/bin/../lib/gcc/arm-none-eabi/10.3.1/../../../../arm-none-eabi/lib/thumb/v6-m/nofp\libg.a(lib_a-fwalk.o)
                0x100095e4                _fwalk_reent
 .text.iswspace
                0x1000962c        0xc c:/progra~1/raspbe~1/picosd~1.1/gcc-ar~1/bin/../lib/gcc/arm-none-eabi/10.3.1/../../../../arm-none-eabi/lib/thumb/v6-m/nofp\libg.a(lib_a-iswspace.o)
                0x1000962c                iswspace
 .text.iswspace_l
                0x10009638       0x18 c:/progra~1/raspbe~1/picosd~1.1/gcc-ar~1/bin/../lib/gcc/arm-none-eabi/10.3.1/../../../../arm-none-eabi/lib/thumb/v6-m/nofp\libg.a(lib_a-iswspace_l.o)
                0x10009638                iswspace_l
 .text.__locale_mb_cur_max
                0x10009650       0x10 c:/progra~1/raspbe~1/picosd~1.1/gcc-ar~1/bin/../lib/gcc/arm-none-eabi/10.3.1/../../../../arm-none-eabi/lib/thumb/v6-m/nofp\libg.a(lib_a-locale.o)
                0x10009650                __locale_mb_cur_max
 .text._localeconv_r
                0x10009660        0x8 c:/progra~1/raspbe~1/picosd~1.1/gcc-ar~1/bin/../lib/gcc/arm-none-eabi/10.3.1/../../../../arm-none-eabi/lib/thumb/v6-m/nofp\libg.a(lib_a-localeconv.o)
                0x10009660                _localeconv_r
 .text.__retarget_lock_init_recursive
                0x10009668        0x4 c:/progra~1/raspbe~1/picosd~1.1/gcc-ar~1/bin/../lib/gcc/arm-none-eabi/10.3.1/../../../../arm-none-eabi/lib/thumb/v6-m/nofp\libg.a(lib_a-lock.o)
                0x10009668                __retarget_lock_init_recursive
 .text.__retarget_lock_close_recursive
                0x1000966c        0x4 c:/progra~1/raspbe~1/picosd~1.1/gcc-ar~1/bin/../lib/gcc/arm-none-eabi/10.3.1/../../../../arm-none-eabi/lib/thumb/v6-m/nofp\libg.a(lib_a-lock.o)
                0x1000966c                __retarget_lock_close_recursive
 .text.__retarget_lock_acquire_recursive
                0x10009670        0x4 c:/progra~1/raspbe~1/picosd~1.1/gcc-ar~1/bin/../lib/gcc/arm-none-eabi/10.3.1/../../../../arm-none-eabi/lib/thumb/v6-m/nofp\libg.a(lib_a-lock.o)
                0x10009670                __retarget_lock_acquire_recursive
 .text.__retarget_lock_release_recursive
                0x10009674        0x4 c:/progra~1/raspbe~1/picosd~1.1/gcc-ar~1/bin/../lib/gcc/arm-none-eabi/10.3.1/../../../../arm-none-eabi/lib/thumb/v6-m/nofp\libg.a(lib_a-lock.o)
                0x10009674                __retarget_lock_release_recursive
 .text._mbrtowc_r
                0x10009678       0x4c c:/progra~1/raspbe~1/picosd~1.1/gcc-ar~1/bin/../lib/gcc/arm-none-eabi/10.3.1/../../../../arm-none-eabi/lib/thumb/v6-m/nofp\libg.a(lib_a-mbrtowc.o)
                0x10009678                _mbrtowc_r
 .text.__ascii_mbtowc
                0x100096c4       0x2c c:/progra~1/raspbe~1/picosd~1.1/gcc-ar~1/bin/../lib/gcc/arm-none-eabi/10.3.1/../../../../arm-none-eabi/lib/thumb/v6-m/nofp\libg.a(lib_a-mbtowc_r.o)
                0x100096c4                __ascii_mbtowc
 .text.memmove  0x100096f0       0xac c:/progra~1/raspbe~1/picosd~1.1/gcc-ar~1/bin/../lib/gcc/arm-none-eabi/10.3.1/../../../../arm-none-eabi/lib/thumb/v6-m/nofp\libg.a(lib_a-memmove.o)
                0x100096f0                memmove
 .text.lflush   0x1000979c       0x1c c:/progra~1/raspbe~1/picosd~1.1/gcc-ar~1/bin/../lib/gcc/arm-none-eabi/10.3.1/../../../../arm-none-eabi/lib/thumb/v6-m/nofp\libg.a(lib_a-refill.o)
 .text.__srefill_r
                0x100097b8      0x124 c:/progra~1/raspbe~1/picosd~1.1/gcc-ar~1/bin/../lib/gcc/arm-none-eabi/10.3.1/../../../../arm-none-eabi/lib/thumb/v6-m/nofp\libg.a(lib_a-refill.o)
                0x100097b8                __srefill_r
 .text.__sccl   0x100098dc       0x80 c:/progra~1/raspbe~1/picosd~1.1/gcc-ar~1/bin/../lib/gcc/arm-none-eabi/10.3.1/../../../../arm-none-eabi/lib/thumb/v6-m/nofp\libg.a(lib_a-sccl.o)
                0x100098dc                __sccl
 .text.nanf     0x1000995c        0x8 c:/progra~1/raspbe~1/picosd~1.1/gcc-ar~1/bin/../lib/gcc/arm-none-eabi/10.3.1/../../../../arm-none-eabi/lib/thumb/v6-m/nofp\libg.a(lib_a-sf_nan.o)
                0x1000995c                nanf
 .text.__sread  0x10009964       0x28 c:/progra~1/raspbe~1/picosd~1.1/gcc-ar~1/bin/../lib/gcc/arm-none-eabi/10.3.1/../../../../arm-none-eabi/lib/thumb/v6-m/nofp\libg.a(lib_a-stdio.o)
                0x10009964                __sread
 .text.__swrite
                0x1000998c       0x40 c:/progra~1/raspbe~1/picosd~1.1/gcc-ar~1/bin/../lib/gcc/arm-none-eabi/10.3.1/../../../../arm-none-eabi/lib/thumb/v6-m/nofp\libg.a(lib_a-stdio.o)
                0x1000998c                __swrite
 .text.__sseek  0x100099cc       0x2c c:/progra~1/raspbe~1/picosd~1.1/gcc-ar~1/bin/../lib/gcc/arm-none-eabi/10.3.1/../../../../arm-none-eabi/lib/thumb/v6-m/nofp\libg.a(lib_a-stdio.o)
                0x100099cc                __sseek
 .text.__sclose
                0x100099f8        0xc c:/progra~1/raspbe~1/picosd~1.1/gcc-ar~1/bin/../lib/gcc/arm-none-eabi/10.3.1/../../../../arm-none-eabi/lib/thumb/v6-m/nofp\libg.a(lib_a-stdio.o)
                0x100099f8                __sclose
 .text._strtod_l
                0x10009a04      0xf78 c:/progra~1/raspbe~1/picosd~1.1/gcc-ar~1/bin/../lib/gcc/arm-none-eabi/10.3.1/../../../../arm-none-eabi/lib/thumb/v6-m/nofp\libg.a(lib_a-strtod.o)
                0x10009a04                _strtod_l
 .text._strtod_r
                0x1000a97c       0x10 c:/progra~1/raspbe~1/picosd~1.1/gcc-ar~1/bin/../lib/gcc/arm-none-eabi/10.3.1/../../../../arm-none-eabi/lib/thumb/v6-m/nofp\libg.a(lib_a-strtod.o)
                0x1000a97c                _strtod_r
 .text._strtol_l.part.0
                0x1000a98c      0x144 c:/progra~1/raspbe~1/picosd~1.1/gcc-ar~1/bin/../lib/gcc/arm-none-eabi/10.3.1/../../../../arm-none-eabi/lib/thumb/v6-m/nofp\libg.a(lib_a-strtol.o)
 .text._strtol_r
                0x1000aad0       0x1c c:/progra~1/raspbe~1/picosd~1.1/gcc-ar~1/bin/../lib/gcc/arm-none-eabi/10.3.1/../../../../arm-none-eabi/lib/thumb/v6-m/nofp\libg.a(lib_a-strtol.o)
                0x1000aad0                _strtol_r
 .text._strtoll_l.constprop.0
                0x1000aaec      0x198 c:/progra~1/raspbe~1/picosd~1.1/gcc-ar~1/bin/../lib/gcc/arm-none-eabi/10.3.1/../../../../arm-none-eabi/lib/thumb/v6-m/nofp\libg.a(lib_a-strtoll.o)
 .text._strtoll_r
                0x1000ac84        0x8 c:/progra~1/raspbe~1/picosd~1.1/gcc-ar~1/bin/../lib/gcc/arm-none-eabi/10.3.1/../../../../arm-none-eabi/lib/thumb/v6-m/nofp\libg.a(lib_a-strtoll.o)
                0x1000ac84                _strtoll_r
 .text._strtoul_l.constprop.0
                0x1000ac8c      0x148 c:/progra~1/raspbe~1/picosd~1.1/gcc-ar~1/bin/../lib/gcc/arm-none-eabi/10.3.1/../../../../arm-none-eabi/lib/thumb/v6-m/nofp\libg.a(lib_a-strtoul.o)
 .text._strtoul_r
                0x1000add4        0x8 c:/progra~1/raspbe~1/picosd~1.1/gcc-ar~1/bin/../lib/gcc/arm-none-eabi/10.3.1/../../../../arm-none-eabi/lib/thumb/v6-m/nofp\libg.a(lib_a-strtoul.o)
                0x1000add4                _strtoul_r
 .text._strtoull_l.constprop.0
                0x1000addc      0x1bc c:/progra~1/raspbe~1/picosd~1.1/gcc-ar~1/bin/../lib/gcc/arm-none-eabi/10.3.1/../../../../arm-none-eabi/lib/thumb/v6-m/nofp\libg.a(lib_a-strtoull.o)
 .text._strtoull_r
                0x1000af98        0x8 c:/progra~1/raspbe~1/picosd~1.1/gcc-ar~1/bin/../lib/gcc/arm-none-eabi/10.3.1/../../../../arm-none-eabi/lib/thumb/v6-m/nofp\libg.a(lib_a-strtoull.o)
                0x1000af98                _strtoull_r
 .text.__submore
                0x1000afa0       0x84 c:/progra~1/raspbe~1/picosd~1.1/gcc-ar~1/bin/../lib/gcc/arm-none-eabi/10.3.1/../../../../arm-none-eabi/lib/thumb/v6-m/nofp\libg.a(lib_a-ungetc.o)
                0x1000afa0                __submore
 .text._ungetc_r
                0x1000b024      0x138 c:/progra~1/raspbe~1/picosd~1.1/gcc-ar~1/bin/../lib/gcc/arm-none-eabi/10.3.1/../../../../arm-none-eabi/lib/thumb/v6-m/nofp\libg.a(lib_a-ungetc.o)
                0x1000b024                _ungetc_r
 .text.__ascii_wctomb
                0x1000b15c       0x1c c:/progra~1/raspbe~1/picosd~1.1/gcc-ar~1/bin/../lib/gcc/arm-none-eabi/10.3.1/../../../../arm-none-eabi/lib/thumb/v6-m/nofp\libg.a(lib_a-wctomb_r.o)
                0x1000b15c                __ascii_wctomb
 .text._write_r
                0x1000b178       0x28 c:/progra~1/raspbe~1/picosd~1.1/gcc-ar~1/bin/../lib/gcc/arm-none-eabi/10.3.1/../../../../arm-none-eabi/lib/thumb/v6-m/nofp\libg.a(lib_a-writer.o)
                0x1000b178                _write_r
 .text._close_r
                0x1000b1a0       0x24 c:/progra~1/raspbe~1/picosd~1.1/gcc-ar~1/bin/../lib/gcc/arm-none-eabi/10.3.1/../../../../arm-none-eabi/lib/thumb/v6-m/nofp\libg.a(lib_a-closer.o)
                0x1000b1a0                _close_r
 .text._fclose_r
                0x1000b1c4       0xdc c:/progra~1/raspbe~1/picosd~1.1/gcc-ar~1/bin/../lib/gcc/arm-none-eabi/10.3.1/../../../../arm-none-eabi/lib/thumb/v6-m/nofp\libg.a(lib_a-fclose.o)
                0x1000b1c4                _fclose_r
 .text.__sflush_r
                0x1000b2a0      0x140 c:/progra~1/raspbe~1/picosd~1.1/gcc-ar~1/bin/../lib/gcc/arm-none-eabi/10.3.1/../../../../arm-none-eabi/lib/thumb/v6-m/nofp\libg.a(lib_a-fflush.o)
                0x1000b2a0                __sflush_r
 .text._fflush_r
                0x1000b3e0       0x6c c:/progra~1/raspbe~1/picosd~1.1/gcc-ar~1/bin/../lib/gcc/arm-none-eabi/10.3.1/../../../../arm-none-eabi/lib/thumb/v6-m/nofp\libg.a(lib_a-fflush.o)
                0x1000b3e0                _fflush_r
 .text.fflush   0x1000b44c       0x78 c:/progra~1/raspbe~1/picosd~1.1/gcc-ar~1/bin/../lib/gcc/arm-none-eabi/10.3.1/../../../../arm-none-eabi/lib/thumb/v6-m/nofp\libg.a(lib_a-fflush.o)
                0x1000b44c                fflush
 .text.rshift   0x1000b4c4       0xa4 c:/progra~1/raspbe~1/picosd~1.1/gcc-ar~1/bin/../lib/gcc/arm-none-eabi/10.3.1/../../../../arm-none-eabi/lib/thumb/v6-m/nofp\libg.a(lib_a-gdtoa-gethex.o)
 .text.__gethex
                0x1000b568      0x5cc c:/progra~1/raspbe~1/picosd~1.1/gcc-ar~1/bin/../lib/gcc/arm-none-eabi/10.3.1/../../../../arm-none-eabi/lib/thumb/v6-m/nofp\libg.a(lib_a-gdtoa-gethex.o)
                0x1000b568                __gethex
 .text.__match  0x1000bb34       0x2c c:/progra~1/raspbe~1/picosd~1.1/gcc-ar~1/bin/../lib/gcc/arm-none-eabi/10.3.1/../../../../arm-none-eabi/lib/thumb/v6-m/nofp\libg.a(lib_a-gdtoa-hexnan.o)
                0x1000bb34                __match
 .text.__hexnan
                0x1000bb60      0x1d0 c:/progra~1/raspbe~1/picosd~1.1/gcc-ar~1/bin/../lib/gcc/arm-none-eabi/10.3.1/../../../../arm-none-eabi/lib/thumb/v6-m/nofp\libg.a(lib_a-gdtoa-hexnan.o)
                0x1000bb60                __hexnan
 .text._lseek_r
                0x1000bd30       0x28 c:/progra~1/raspbe~1/picosd~1.1/gcc-ar~1/bin/../lib/gcc/arm-none-eabi/10.3.1/../../../../arm-none-eabi/lib/thumb/v6-m/nofp\libg.a(lib_a-lseekr.o)
                0x1000bd30                _lseek_r
 .text.__smakebuf_r
                0x1000bd58       0xe4 c:/progra~1/raspbe~1/picosd~1.1/gcc-ar~1/bin/../lib/gcc/arm-none-eabi/10.3.1/../../../../arm-none-eabi/lib/thumb/v6-m/nofp\libg.a(lib_a-makebuf.o)
                0x1000bd58                __smakebuf_r
 .text._Balloc  0x1000be3c       0x50 c:/progra~1/raspbe~1/picosd~1.1/gcc-ar~1/bin/../lib/gcc/arm-none-eabi/10.3.1/../../../../arm-none-eabi/lib/thumb/v6-m/nofp\libg.a(lib_a-mprec.o)
                0x1000be3c                _Balloc
 .text._Bfree   0x1000be8c       0x14 c:/progra~1/raspbe~1/picosd~1.1/gcc-ar~1/bin/../lib/gcc/arm-none-eabi/10.3.1/../../../../arm-none-eabi/lib/thumb/v6-m/nofp\libg.a(lib_a-mprec.o)
                0x1000be8c                _Bfree
 .text.__multadd
                0x1000bea0       0xa8 c:/progra~1/raspbe~1/picosd~1.1/gcc-ar~1/bin/../lib/gcc/arm-none-eabi/10.3.1/../../../../arm-none-eabi/lib/thumb/v6-m/nofp\libg.a(lib_a-mprec.o)
                0x1000bea0                __multadd
 .text.__s2b    0x1000bf48       0xb0 c:/progra~1/raspbe~1/picosd~1.1/gcc-ar~1/bin/../lib/gcc/arm-none-eabi/10.3.1/../../../../arm-none-eabi/lib/thumb/v6-m/nofp\libg.a(lib_a-mprec.o)
                0x1000bf48                __s2b
 .text.__hi0bits
                0x1000bff8       0x38 c:/progra~1/raspbe~1/picosd~1.1/gcc-ar~1/bin/../lib/gcc/arm-none-eabi/10.3.1/../../../../arm-none-eabi/lib/thumb/v6-m/nofp\libg.a(lib_a-mprec.o)
                0x1000bff8                __hi0bits
 .text.__lo0bits
                0x1000c030       0x5c c:/progra~1/raspbe~1/picosd~1.1/gcc-ar~1/bin/../lib/gcc/arm-none-eabi/10.3.1/../../../../arm-none-eabi/lib/thumb/v6-m/nofp\libg.a(lib_a-mprec.o)
                0x1000c030                __lo0bits
 .text.__i2b    0x1000c08c       0x60 c:/progra~1/raspbe~1/picosd~1.1/gcc-ar~1/bin/../lib/gcc/arm-none-eabi/10.3.1/../../../../arm-none-eabi/lib/thumb/v6-m/nofp\libg.a(lib_a-mprec.o)
                0x1000c08c                __i2b
 .text.__multiply
                0x1000c0ec      0x1a4 c:/progra~1/raspbe~1/picosd~1.1/gcc-ar~1/bin/../lib/gcc/arm-none-eabi/10.3.1/../../../../arm-none-eabi/lib/thumb/v6-m/nofp\libg.a(lib_a-mprec.o)
                0x1000c0ec                __multiply
 .text.__pow5mult
                0x1000c290       0xd8 c:/progra~1/raspbe~1/picosd~1.1/gcc-ar~1/bin/../lib/gcc/arm-none-eabi/10.3.1/../../../../arm-none-eabi/lib/thumb/v6-m/nofp\libg.a(lib_a-mprec.o)
                0x1000c290                __pow5mult
 .text.__lshift
                0x1000c368       0xfc c:/progra~1/raspbe~1/picosd~1.1/gcc-ar~1/bin/../lib/gcc/arm-none-eabi/10.3.1/../../../../arm-none-eabi/lib/thumb/v6-m/nofp\libg.a(lib_a-mprec.o)
                0x1000c368                __lshift
 .text.__mcmp   0x1000c464       0x34 c:/progra~1/raspbe~1/picosd~1.1/gcc-ar~1/bin/../lib/gcc/arm-none-eabi/10.3.1/../../../../arm-none-eabi/lib/thumb/v6-m/nofp\libg.a(lib_a-mprec.o)
                0x1000c464                __mcmp
 .text.__mdiff  0x1000c498      0x18c c:/progra~1/raspbe~1/picosd~1.1/gcc-ar~1/bin/../lib/gcc/arm-none-eabi/10.3.1/../../../../arm-none-eabi/lib/thumb/v6-m/nofp\libg.a(lib_a-mprec.o)
                0x1000c498                __mdiff
 .text.__ulp    0x1000c624       0x48 c:/progra~1/raspbe~1/picosd~1.1/gcc-ar~1/bin/../lib/gcc/arm-none-eabi/10.3.1/../../../../arm-none-eabi/lib/thumb/v6-m/nofp\libg.a(lib_a-mprec.o)
                0x1000c624                __ulp
 .text.__b2d    0x1000c66c       0xc8 c:/progra~1/raspbe~1/picosd~1.1/gcc-ar~1/bin/../lib/gcc/arm-none-eabi/10.3.1/../../../../arm-none-eabi/lib/thumb/v6-m/nofp\libg.a(lib_a-mprec.o)
                0x1000c66c                __b2d
 .text.__d2b    0x1000c734       0xd8 c:/progra~1/raspbe~1/picosd~1.1/gcc-ar~1/bin/../lib/gcc/arm-none-eabi/10.3.1/../../../../arm-none-eabi/lib/thumb/v6-m/nofp\libg.a(lib_a-mprec.o)
                0x1000c734                __d2b
 .text.__ratio  0x1000c80c       0x68 c:/progra~1/raspbe~1/picosd~1.1/gcc-ar~1/bin/../lib/gcc/arm-none-eabi/10.3.1/../../../../arm-none-eabi/lib/thumb/v6-m/nofp\libg.a(lib_a-mprec.o)
                0x1000c80c                __ratio
 .text.__copybits
                0x1000c874       0x40 c:/progra~1/raspbe~1/picosd~1.1/gcc-ar~1/bin/../lib/gcc/arm-none-eabi/10.3.1/../../../../arm-none-eabi/lib/thumb/v6-m/nofp\libg.a(lib_a-mprec.o)
                0x1000c874                __copybits
 .text.__any_on
                0x1000c8b4       0x50 c:/progra~1/raspbe~1/picosd~1.1/gcc-ar~1/bin/../lib/gcc/arm-none-eabi/10.3.1/../../../../arm-none-eabi/lib/thumb/v6-m/nofp\libg.a(lib_a-mprec.o)
                0x1000c8b4                __any_on
 .text._read_r  0x1000c904       0x28 c:/progra~1/raspbe~1/picosd~1.1/gcc-ar~1/bin/../lib/gcc/arm-none-eabi/10.3.1/../../../../arm-none-eabi/lib/thumb/v6-m/nofp\libg.a(lib_a-readr.o)
                0x1000c904                _read_r
 .text.nan      0x1000c92c        0xc c:/progra~1/raspbe~1/picosd~1.1/gcc-ar~1/bin/../lib/gcc/arm-none-eabi/10.3.1/../../../../arm-none-eabi/lib/thumb/v6-m/nofp\libg.a(lib_a-s_nan.o)
                0x1000c92c                nan
 .text.strncmp  0x1000c938       0x74 c:/progra~1/raspbe~1/picosd~1.1/gcc-ar~1/bin/../lib/gcc/arm-none-eabi/10.3.1/../../../../arm-none-eabi/lib/thumb/v6-m/nofp\libg.a(lib_a-strncmp.o)
                0x1000c938                strncmp
 .text._fstat_r
                0x1000c9ac       0x28 c:/progra~1/raspbe~1/picosd~1.1/gcc-ar~1/bin/../lib/gcc/arm-none-eabi/10.3.1/../../../../arm-none-eabi/lib/thumb/v6-m/nofp\libg.a(lib_a-fstatr.o)
                0x1000c9ac                _fstat_r
 .text._isatty_r
                0x1000c9d4       0x24 c:/progra~1/raspbe~1/picosd~1.1/gcc-ar~1/bin/../lib/gcc/arm-none-eabi/10.3.1/../../../../arm-none-eabi/lib/thumb/v6-m/nofp\libg.a(lib_a-isattyr.o)
                0x1000c9d4                _isatty_r
 *(.fini)
 .fini          0x1000c9f8        0x4 c:/progra~1/raspbe~1/picosd~1.1/gcc-ar~1/bin/../lib/gcc/arm-none-eabi/10.3.1/thumb/v6-m/nofp/crti.o
                0x1000c9f8                _fini
 *fill*         0x1000c9fc        0x4 
 .fini.__stub   0x1000ca00       0xe0 linker stubs
 *crtbegin.o(.ctors)
 *crtbegin?.o(.ctors)
 *(EXCLUDE_FILE(*crtend.o *crtend?.o) .ctors)
 *(SORT_BY_NAME(.ctors.*))
 *(.ctors)
 *crtbegin.o(.dtors)
 *crtbegin?.o(.dtors)
 *(EXCLUDE_FILE(*crtend.o *crtend?.o) .dtors)
 *(SORT_BY_NAME(.dtors.*))
 *(.dtors)
 *(.eh_frame*)
 .eh_frame      0x1000cae0        0x0 c:/progra~1/raspbe~1/picosd~1.1/gcc-ar~1/bin/../lib/gcc/arm-none-eabi/10.3.1/thumb/v6-m/nofp/crtbegin.o
                0x1000cae0                . = ALIGN (0x4)

.glue_7         0x1000cae0        0x0
 .glue_7        0x1000cae0        0x0 linker stubs

.glue_7t        0x1000cae0        0x0
 .glue_7t       0x1000cae0        0x0 linker stubs

.vfp11_veneer   0x1000cae0        0x0
 .vfp11_veneer  0x1000cae0        0x0 linker stubs

.v4_bx          0x1000cae0        0x0
 .v4_bx         0x1000cae0        0x0 linker stubs

.iplt           0x1000cae0        0x0
 .iplt          0x1000cae0        0x0 c:/progra~1/raspbe~1/picosd~1.1/gcc-ar~1/bin/../lib/gcc/arm-none-eabi/10.3.1/thumb/v6-m/nofp/crtbegin.o

.rodata         0x1000cae0     0x2174
 *(EXCLUDE_FILE(*libm.a: *libc.a:*lib_a-mem*.o *libgcc.a:) .rodata*)
 .rodata.sendATCommand.str1.4
                0x1000cae0       0x22 wifi_scan/CMakeFiles/wifi_scan.dir/main.c.obj
 *fill*         0x1000cb02        0x2 
 .rodata.main.str1.4
                0x1000cb04       0x34 wifi_scan/CMakeFiles/wifi_scan.dir/main.c.obj
 .rodata.spin_lock_claim_unused.str1.4
                0x1000cb38       0x1b wifi_scan/CMakeFiles/wifi_scan.dir/C_/Program_Files/Raspberry_Pi/Pico_SDK_v1.5.1/pico-sdk/src/rp2_common/hardware_sync/sync.c.obj
 *fill*         0x1000cb53        0x1 
 .rodata.make_branch.str1.4
                0x1000cb54       0x89 wifi_scan/CMakeFiles/wifi_scan.dir/C_/Program_Files/Raspberry_Pi/Pico_SDK_v1.5.1/pico-sdk/src/rp2_common/hardware_irq/irq.c.obj
 *fill*         0x1000cbdd        0x3 
 .rodata.insert_branch_and_link.str1.4
                0x1000cbe0       0x10 wifi_scan/CMakeFiles/wifi_scan.dir/C_/Program_Files/Raspberry_Pi/Pico_SDK_v1.5.1/pico-sdk/src/rp2_common/hardware_irq/irq.c.obj
 .rodata.irq_set_exclusive_handler.str1.4
                0x1000cbf0       0x36 wifi_scan/CMakeFiles/wifi_scan.dir/C_/Program_Files/Raspberry_Pi/Pico_SDK_v1.5.1/pico-sdk/src/rp2_common/hardware_irq/irq.c.obj
 *fill*         0x1000cc26        0x2 
 .rodata.irq_add_shared_handler.str1.4